
> workout-app-frontend@1.0.0 test
> react-scripts test --watchAll=false --forceExit

FAIL src/tests/components/RegisterForm.test.tsx
  ● RegisterPage Component › renders the registration form correctly

    TestingLibraryElementError: Unable to find an element with the text: /create an account/i. This could be because the text is broken up by multiple elements. In this case, you can provide a function for your text matcher to make your matcher more flexible.

    Ignored nodes: comments, script, style
    [36m<body>[39m
      [36m<div />[39m
    [36m</body>[39m

      49 |     
      50 |     // Check that the main elements are present
    > 51 |     expect(screen.getByText(/create an account/i)).toBeInTheDocument();
         |                   ^
      52 |     expect(screen.getByLabelText(/full name/i)).toBeInTheDocument();
      53 |     expect(screen.getByLabelText(/email/i)).toBeInTheDocument();
      54 |     expect(screen.getByLabelText(/^password$/i)).toBeInTheDocument();

      at Object.getElementError (node_modules/@testing-library/dom/dist/config.js:37:19)
      at node_modules/@testing-library/dom/dist/query-helpers.js:76:38
      at node_modules/@testing-library/dom/dist/query-helpers.js:52:17
      at getByText (node_modules/@testing-library/dom/dist/query-helpers.js:95:19)
      at Object.<anonymous> (src/tests/components/RegisterForm.test.tsx:51:19)

  ● RegisterPage Component › validates the form and shows validation errors

    TestingLibraryElementError: Unable to find an accessible element with the role "button" and name `/create account/i`

    There are no accessible roles. But there might be some inaccessible roles. If you wish to access them, then set the `hidden` option to `true`. Learn more about this here: https://testing-library.com/docs/dom-testing-library/api-queries#byrole

    Ignored nodes: comments, script, style
    [36m<body>[39m
      [36m<div />[39m
    [36m</body>[39m

      61 |     
      62 |     // Submit the form without filling in any fields
    > 63 |     const submitButton = screen.getByRole('button', { name: /create account/i });
         |                                 ^
      64 |     fireEvent.click(submitButton);
      65 |     
      66 |     // Check for validation errors

      at Object.getElementError (node_modules/@testing-library/dom/dist/config.js:37:19)
      at node_modules/@testing-library/dom/dist/query-helpers.js:76:38
      at node_modules/@testing-library/dom/dist/query-helpers.js:52:17
      at getByRole (node_modules/@testing-library/dom/dist/query-helpers.js:95:19)
      at Object.<anonymous> (src/tests/components/RegisterForm.test.tsx:63:33)

  ● RegisterPage Component › validates email format

    TestingLibraryElementError: Unable to find a label with the text of: /full name/i

    Ignored nodes: comments, script, style
    [36m<body>[39m
      [36m<div />[39m
    [36m</body>[39m

      77 |     
      78 |     // Fill in fields with invalid email
    > 79 |     const nameInput = screen.getByLabelText(/full name/i);
         |                              ^
      80 |     fireEvent.change(nameInput, { target: { value: 'Test User' } });
      81 |     
      82 |     const emailInput = screen.getByLabelText(/email/i);

      at Object.getElementError (node_modules/@testing-library/dom/dist/config.js:37:19)
      at getAllByLabelText (node_modules/@testing-library/dom/dist/queries/label-text.js:111:38)
      at node_modules/@testing-library/dom/dist/query-helpers.js:52:17
      at getByLabelText (node_modules/@testing-library/dom/dist/query-helpers.js:95:19)
      at Object.<anonymous> (src/tests/components/RegisterForm.test.tsx:79:30)

  ● RegisterPage Component › validates password strength

    TestingLibraryElementError: Unable to find a label with the text of: /full name/i

    Ignored nodes: comments, script, style
    [36m<body>[39m
      [36m<div />[39m
    [36m</body>[39m

      103 |     
      104 |     // Fill in fields with weak password
    > 105 |     const nameInput = screen.getByLabelText(/full name/i);
          |                              ^
      106 |     fireEvent.change(nameInput, { target: { value: 'Test User' } });
      107 |     
      108 |     const emailInput = screen.getByLabelText(/email/i);

      at Object.getElementError (node_modules/@testing-library/dom/dist/config.js:37:19)
      at getAllByLabelText (node_modules/@testing-library/dom/dist/queries/label-text.js:111:38)
      at node_modules/@testing-library/dom/dist/query-helpers.js:52:17
      at getByLabelText (node_modules/@testing-library/dom/dist/query-helpers.js:95:19)
      at Object.<anonymous> (src/tests/components/RegisterForm.test.tsx:105:30)

  ● RegisterPage Component › validates password matching

    TestingLibraryElementError: Unable to find a label with the text of: /full name/i

    Ignored nodes: comments, script, style
    [36m<body>[39m
      [36m<div />[39m
    [36m</body>[39m

      129 |     
      130 |     // Fill in fields with mismatched passwords
    > 131 |     const nameInput = screen.getByLabelText(/full name/i);
          |                              ^
      132 |     fireEvent.change(nameInput, { target: { value: 'Test User' } });
      133 |     
      134 |     const emailInput = screen.getByLabelText(/email/i);

      at Object.getElementError (node_modules/@testing-library/dom/dist/config.js:37:19)
      at getAllByLabelText (node_modules/@testing-library/dom/dist/queries/label-text.js:111:38)
      at node_modules/@testing-library/dom/dist/query-helpers.js:52:17
      at getByLabelText (node_modules/@testing-library/dom/dist/query-helpers.js:95:19)
      at Object.<anonymous> (src/tests/components/RegisterForm.test.tsx:131:30)

  ● RegisterPage Component › displays password strength indicator

    TestingLibraryElementError: Unable to find a label with the text of: /^password$/i

    Ignored nodes: comments, script, style
    [36m<body>[39m
      [36m<div />[39m
    [36m</body>[39m

      155 |     
      156 |     // Type a weak password
    > 157 |     const passwordInput = screen.getByLabelText(/^password$/i);
          |                                  ^
      158 |     fireEvent.change(passwordInput, { target: { value: 'weak' } });
      159 |     
      160 |     // Check for weak indicator

      at Object.getElementError (node_modules/@testing-library/dom/dist/config.js:37:19)
      at getAllByLabelText (node_modules/@testing-library/dom/dist/queries/label-text.js:111:38)
      at node_modules/@testing-library/dom/dist/query-helpers.js:52:17
      at getByLabelText (node_modules/@testing-library/dom/dist/query-helpers.js:95:19)
      at Object.<anonymous> (src/tests/components/RegisterForm.test.tsx:157:34)

  ● RegisterPage Component › toggles password visibility

    TestingLibraryElementError: Unable to find a label with the text of: /^password$/i

    Ignored nodes: comments, script, style
    [36m<body>[39m
      [36m<div />[39m
    [36m</body>[39m

      187 |     
      188 |     // Check initial state (password should be hidden)
    > 189 |     const passwordInput = screen.getByLabelText(/^password$/i) as HTMLInputElement;
          |                                  ^
      190 |     expect(passwordInput.type).toBe('password');
      191 |     
      192 |     // Click the show password button

      at Object.getElementError (node_modules/@testing-library/dom/dist/config.js:37:19)
      at getAllByLabelText (node_modules/@testing-library/dom/dist/queries/label-text.js:111:38)
      at node_modules/@testing-library/dom/dist/query-helpers.js:52:17
      at getByLabelText (node_modules/@testing-library/dom/dist/query-helpers.js:95:19)
      at Object.<anonymous> (src/tests/components/RegisterForm.test.tsx:189:34)

  ● RegisterPage Component › submits the form with valid data

    TestingLibraryElementError: Unable to find a label with the text of: /full name/i

    Ignored nodes: comments, script, style
    [36m<body>[39m
      [36m<div />[39m
    [36m</body>[39m

      216 |     
      217 |     // Fill in the form with valid data
    > 218 |     const nameInput = screen.getByLabelText(/full name/i);
          |                              ^
      219 |     fireEvent.change(nameInput, { target: { value: 'Test User' } });
      220 |     
      221 |     const emailInput = screen.getByLabelText(/email/i);

      at Object.getElementError (node_modules/@testing-library/dom/dist/config.js:37:19)
      at getAllByLabelText (node_modules/@testing-library/dom/dist/queries/label-text.js:111:38)
      at node_modules/@testing-library/dom/dist/query-helpers.js:52:17
      at getByLabelText (node_modules/@testing-library/dom/dist/query-helpers.js:95:19)
      at Object.<anonymous> (src/tests/components/RegisterForm.test.tsx:218:30)

  ● RegisterPage Component › shows loading state while submitting the form

    TestingLibraryElementError: Unable to find an accessible element with the role "button" and name `/creating account/i`

    There are no accessible roles. But there might be some inaccessible roles. If you wish to access them, then set the `hidden` option to `true`. Learn more about this here: https://testing-library.com/docs/dom-testing-library/api-queries#byrole

    Ignored nodes: comments, script, style
    [36m<body>[39m
      [36m<div />[39m
    [36m</body>[39m

      246 |     
      247 |     // Check that the button is in loading state
    > 248 |     const submitButton = screen.getByRole('button', { name: /creating account/i });
          |                                 ^
      249 |     expect(submitButton).toBeDisabled();
      250 |   });
      251 | });

      at Object.getElementError (node_modules/@testing-library/dom/dist/config.js:37:19)
      at node_modules/@testing-library/dom/dist/query-helpers.js:76:38
      at node_modules/@testing-library/dom/dist/query-helpers.js:52:17
      at getByRole (node_modules/@testing-library/dom/dist/query-helpers.js:95:19)
      at Object.<anonymous> (src/tests/components/RegisterForm.test.tsx:248:33)

FAIL src/tests/components/WorkoutPage.test.tsx
  ● Console

    console.error
      Error: Uncaught [Error: Actions must be plain objects. Use custom middleware for async actions.]
          at reportException (/home/cmlsrandolph/Documents/coding-projects/workout-app/frontend/node_modules/jsdom/lib/jsdom/living/helpers/runtime-script-errors.js:66:24)
          at innerInvokeEventListeners (/home/cmlsrandolph/Documents/coding-projects/workout-app/frontend/node_modules/jsdom/lib/jsdom/living/events/EventTarget-impl.js:341:9)
          at invokeEventListeners (/home/cmlsrandolph/Documents/coding-projects/workout-app/frontend/node_modules/jsdom/lib/jsdom/living/events/EventTarget-impl.js:274:3)
          at HTMLUnknownElementImpl._dispatch (/home/cmlsrandolph/Documents/coding-projects/workout-app/frontend/node_modules/jsdom/lib/jsdom/living/events/EventTarget-impl.js:221:9)
          at HTMLUnknownElementImpl.dispatchEvent (/home/cmlsrandolph/Documents/coding-projects/workout-app/frontend/node_modules/jsdom/lib/jsdom/living/events/EventTarget-impl.js:94:17)
          at HTMLUnknownElement.dispatchEvent (/home/cmlsrandolph/Documents/coding-projects/workout-app/frontend/node_modules/jsdom/lib/jsdom/living/generated/EventTarget.js:231:34)
          at Object.invokeGuardedCallbackDev (/home/cmlsrandolph/Documents/coding-projects/workout-app/frontend/node_modules/react-dom/cjs/react-dom.development.js:4213:16)
          at invokeGuardedCallback (/home/cmlsrandolph/Documents/coding-projects/workout-app/frontend/node_modules/react-dom/cjs/react-dom.development.js:4277:31)
          at reportUncaughtErrorInDEV (/home/cmlsrandolph/Documents/coding-projects/workout-app/frontend/node_modules/react-dom/cjs/react-dom.development.js:22877:5)
          at captureCommitPhaseError (/home/cmlsrandolph/Documents/coding-projects/workout-app/frontend/node_modules/react-dom/cjs/react-dom.development.js:27165:5)
          at commitPassiveMountEffects_complete (/home/cmlsrandolph/Documents/coding-projects/workout-app/frontend/node_modules/react-dom/cjs/react-dom.development.js:24932:9)
          at commitPassiveMountEffects_begin (/home/cmlsrandolph/Documents/coding-projects/workout-app/frontend/node_modules/react-dom/cjs/react-dom.development.js:24917:7)
          at commitPassiveMountEffects (/home/cmlsrandolph/Documents/coding-projects/workout-app/frontend/node_modules/react-dom/cjs/react-dom.development.js:24905:3)
          at flushPassiveEffectsImpl (/home/cmlsrandolph/Documents/coding-projects/workout-app/frontend/node_modules/react-dom/cjs/react-dom.development.js:27078:3)
          at flushPassiveEffects (/home/cmlsrandolph/Documents/coding-projects/workout-app/frontend/node_modules/react-dom/cjs/react-dom.development.js:27023:14)
          at /home/cmlsrandolph/Documents/coding-projects/workout-app/frontend/node_modules/react-dom/cjs/react-dom.development.js:26808:9
          at flushActQueue (/home/cmlsrandolph/Documents/coding-projects/workout-app/frontend/node_modules/react/cjs/react.development.js:2667:24)
          at act (/home/cmlsrandolph/Documents/coding-projects/workout-app/frontend/node_modules/react/cjs/react.development.js:2582:11)
          at /home/cmlsrandolph/Documents/coding-projects/workout-app/frontend/node_modules/@testing-library/react/dist/act-compat.js:47:25
          at renderRoot (/home/cmlsrandolph/Documents/coding-projects/workout-app/frontend/node_modules/@testing-library/react/dist/pure.js:180:26)
          at render (/home/cmlsrandolph/Documents/coding-projects/workout-app/frontend/node_modules/@testing-library/react/dist/pure.js:271:10)
          at renderWithProviders (/home/cmlsrandolph/Documents/coding-projects/workout-app/frontend/src/tests/components/WorkoutPage.test.tsx:114:18)
          at Object.<anonymous> (/home/cmlsrandolph/Documents/coding-projects/workout-app/frontend/src/tests/components/WorkoutPage.test.tsx:122:5)
          at Promise.then.completed (/home/cmlsrandolph/Documents/coding-projects/workout-app/frontend/node_modules/jest-circus/build/utils.js:391:28)
          at new Promise (<anonymous>)
          at callAsyncCircusFn (/home/cmlsrandolph/Documents/coding-projects/workout-app/frontend/node_modules/jest-circus/build/utils.js:316:10)
          at _callCircusTest (/home/cmlsrandolph/Documents/coding-projects/workout-app/frontend/node_modules/jest-circus/build/run.js:218:40)
          at processTicksAndRejections (node:internal/process/task_queues:95:5)
          at _runTest (/home/cmlsrandolph/Documents/coding-projects/workout-app/frontend/node_modules/jest-circus/build/run.js:155:3)
          at _runTestsForDescribeBlock (/home/cmlsrandolph/Documents/coding-projects/workout-app/frontend/node_modules/jest-circus/build/run.js:66:9)
          at _runTestsForDescribeBlock (/home/cmlsrandolph/Documents/coding-projects/workout-app/frontend/node_modules/jest-circus/build/run.js:60:9)
          at run (/home/cmlsrandolph/Documents/coding-projects/workout-app/frontend/node_modules/jest-circus/build/run.js:25:3)
          at runAndTransformResultsToJestFormat (/home/cmlsrandolph/Documents/coding-projects/workout-app/frontend/node_modules/jest-circus/build/legacy-code-todo-rewrite/jestAdapterInit.js:170:21)
          at jestAdapter (/home/cmlsrandolph/Documents/coding-projects/workout-app/frontend/node_modules/jest-circus/build/legacy-code-todo-rewrite/jestAdapter.js:82:19)
          at runTestInternal (/home/cmlsrandolph/Documents/coding-projects/workout-app/frontend/node_modules/jest-runner/build/runTest.js:389:16)
          at runTest (/home/cmlsrandolph/Documents/coding-projects/workout-app/frontend/node_modules/jest-runner/build/runTest.js:475:34)
          at Object.worker (/home/cmlsrandolph/Documents/coding-projects/workout-app/frontend/node_modules/jest-runner/build/testWorker.js:133:12) Error: Actions must be plain objects. Use custom middleware for async actions.
          at dispatch (/home/cmlsrandolph/Documents/coding-projects/workout-app/frontend/node_modules/redux-mock-store/lib/index.js:41:19)
          at dispatch (/home/cmlsrandolph/Documents/coding-projects/workout-app/frontend/node_modules/redux-thunk/lib/index.js:27:16)
          at /home/cmlsrandolph/Documents/coding-projects/workout-app/frontend/src/components/pages/WorkoutPage.tsx:70:5
          at commitHookEffectListMount (/home/cmlsrandolph/Documents/coding-projects/workout-app/frontend/node_modules/react-dom/cjs/react-dom.development.js:23189:26)
          at commitPassiveMountOnFiber (/home/cmlsrandolph/Documents/coding-projects/workout-app/frontend/node_modules/react-dom/cjs/react-dom.development.js:24970:11)
          at commitPassiveMountEffects_complete (/home/cmlsrandolph/Documents/coding-projects/workout-app/frontend/node_modules/react-dom/cjs/react-dom.development.js:24930:9)
          at commitPassiveMountEffects_begin (/home/cmlsrandolph/Documents/coding-projects/workout-app/frontend/node_modules/react-dom/cjs/react-dom.development.js:24917:7)
          at commitPassiveMountEffects (/home/cmlsrandolph/Documents/coding-projects/workout-app/frontend/node_modules/react-dom/cjs/react-dom.development.js:24905:3)
          at flushPassiveEffectsImpl (/home/cmlsrandolph/Documents/coding-projects/workout-app/frontend/node_modules/react-dom/cjs/react-dom.development.js:27078:3)
          at flushPassiveEffects (/home/cmlsrandolph/Documents/coding-projects/workout-app/frontend/node_modules/react-dom/cjs/react-dom.development.js:27023:14)
          at /home/cmlsrandolph/Documents/coding-projects/workout-app/frontend/node_modules/react-dom/cjs/react-dom.development.js:26808:9
          at flushActQueue (/home/cmlsrandolph/Documents/coding-projects/workout-app/frontend/node_modules/react/cjs/react.development.js:2667:24)
          at act (/home/cmlsrandolph/Documents/coding-projects/workout-app/frontend/node_modules/react/cjs/react.development.js:2582:11)
          at /home/cmlsrandolph/Documents/coding-projects/workout-app/frontend/node_modules/@testing-library/react/dist/act-compat.js:47:25
          at renderRoot (/home/cmlsrandolph/Documents/coding-projects/workout-app/frontend/node_modules/@testing-library/react/dist/pure.js:180:26)
          at render (/home/cmlsrandolph/Documents/coding-projects/workout-app/frontend/node_modules/@testing-library/react/dist/pure.js:271:10)
          at renderWithProviders (/home/cmlsrandolph/Documents/coding-projects/workout-app/frontend/src/tests/components/WorkoutPage.test.tsx:114:18)
          at Object.<anonymous> (/home/cmlsrandolph/Documents/coding-projects/workout-app/frontend/src/tests/components/WorkoutPage.test.tsx:122:5)
          at Promise.then.completed (/home/cmlsrandolph/Documents/coding-projects/workout-app/frontend/node_modules/jest-circus/build/utils.js:391:28)
          at new Promise (<anonymous>)
          at callAsyncCircusFn (/home/cmlsrandolph/Documents/coding-projects/workout-app/frontend/node_modules/jest-circus/build/utils.js:316:10)
          at _callCircusTest (/home/cmlsrandolph/Documents/coding-projects/workout-app/frontend/node_modules/jest-circus/build/run.js:218:40)
          at processTicksAndRejections (node:internal/process/task_queues:95:5)
          at _runTest (/home/cmlsrandolph/Documents/coding-projects/workout-app/frontend/node_modules/jest-circus/build/run.js:155:3)
          at _runTestsForDescribeBlock (/home/cmlsrandolph/Documents/coding-projects/workout-app/frontend/node_modules/jest-circus/build/run.js:66:9)
          at _runTestsForDescribeBlock (/home/cmlsrandolph/Documents/coding-projects/workout-app/frontend/node_modules/jest-circus/build/run.js:60:9)
          at run (/home/cmlsrandolph/Documents/coding-projects/workout-app/frontend/node_modules/jest-circus/build/run.js:25:3)
          at runAndTransformResultsToJestFormat (/home/cmlsrandolph/Documents/coding-projects/workout-app/frontend/node_modules/jest-circus/build/legacy-code-todo-rewrite/jestAdapterInit.js:170:21)
          at jestAdapter (/home/cmlsrandolph/Documents/coding-projects/workout-app/frontend/node_modules/jest-circus/build/legacy-code-todo-rewrite/jestAdapter.js:82:19)
          at runTestInternal (/home/cmlsrandolph/Documents/coding-projects/workout-app/frontend/node_modules/jest-runner/build/runTest.js:389:16)
          at runTest (/home/cmlsrandolph/Documents/coding-projects/workout-app/frontend/node_modules/jest-runner/build/runTest.js:475:34)
          at Object.worker (/home/cmlsrandolph/Documents/coding-projects/workout-app/frontend/node_modules/jest-runner/build/testWorker.js:133:12)

      112 |     });
      113 |     
    > 114 |     return render(
          |                  ^
      115 |       <Provider store={store}>
      116 |         {ui}
      117 |       </Provider>

      at VirtualConsole.<anonymous> (node_modules/jsdom/lib/jsdom/virtual-console.js:29:45)
      at reportException (node_modules/jsdom/lib/jsdom/living/helpers/runtime-script-errors.js:70:28)
      at innerInvokeEventListeners (node_modules/jsdom/lib/jsdom/living/events/EventTarget-impl.js:341:9)
      at invokeEventListeners (node_modules/jsdom/lib/jsdom/living/events/EventTarget-impl.js:274:3)
      at HTMLUnknownElementImpl._dispatch (node_modules/jsdom/lib/jsdom/living/events/EventTarget-impl.js:221:9)
      at HTMLUnknownElementImpl.dispatchEvent (node_modules/jsdom/lib/jsdom/living/events/EventTarget-impl.js:94:17)
      at HTMLUnknownElement.dispatchEvent (node_modules/jsdom/lib/jsdom/living/generated/EventTarget.js:231:34)
      at Object.invokeGuardedCallbackDev (node_modules/react-dom/cjs/react-dom.development.js:4213:16)
      at invokeGuardedCallback (node_modules/react-dom/cjs/react-dom.development.js:4277:31)
      at reportUncaughtErrorInDEV (node_modules/react-dom/cjs/react-dom.development.js:22877:5)
      at captureCommitPhaseError (node_modules/react-dom/cjs/react-dom.development.js:27165:5)
      at commitPassiveMountEffects_complete (node_modules/react-dom/cjs/react-dom.development.js:24932:9)
      at commitPassiveMountEffects_begin (node_modules/react-dom/cjs/react-dom.development.js:24917:7)
      at commitPassiveMountEffects (node_modules/react-dom/cjs/react-dom.development.js:24905:3)
      at flushPassiveEffectsImpl (node_modules/react-dom/cjs/react-dom.development.js:27078:3)
      at flushPassiveEffects (node_modules/react-dom/cjs/react-dom.development.js:27023:14)
      at node_modules/react-dom/cjs/react-dom.development.js:26808:9
      at flushActQueue (node_modules/react/cjs/react.development.js:2667:24)
      at act (node_modules/react/cjs/react.development.js:2582:11)
      at node_modules/@testing-library/react/dist/act-compat.js:47:25
      at renderRoot (node_modules/@testing-library/react/dist/pure.js:180:26)
      at render (node_modules/@testing-library/react/dist/pure.js:271:10)
      at renderWithProviders (src/tests/components/WorkoutPage.test.tsx:114:18)
      at Object.<anonymous> (src/tests/components/WorkoutPage.test.tsx:122:5)

    console.error
      The above error occurred in the <WorkoutPage> component:
      
          at WorkoutPage (/home/cmlsrandolph/Documents/coding-projects/workout-app/frontend/src/components/pages/WorkoutPage.tsx:56:43)
          at Provider (/home/cmlsrandolph/Documents/coding-projects/workout-app/frontend/node_modules/react-redux/lib/components/Provider.js:19:3)
      
      Consider adding an error boundary to your tree to customize error handling behavior.
      Visit https://reactjs.org/link/error-boundaries to learn more about error boundaries.

      112 |     });
      113 |     
    > 114 |     return render(
          |                  ^
      115 |       <Provider store={store}>
      116 |         {ui}
      117 |       </Provider>

      at logCapturedError (node_modules/react-dom/cjs/react-dom.development.js:18704:23)
      at update.callback (node_modules/react-dom/cjs/react-dom.development.js:18737:5)
      at callCallback (node_modules/react-dom/cjs/react-dom.development.js:15036:12)
      at commitUpdateQueue (node_modules/react-dom/cjs/react-dom.development.js:15057:9)
      at commitLayoutEffectOnFiber (node_modules/react-dom/cjs/react-dom.development.js:23430:13)
      at commitLayoutMountEffects_complete (node_modules/react-dom/cjs/react-dom.development.js:24727:9)
      at commitLayoutEffects_begin (node_modules/react-dom/cjs/react-dom.development.js:24713:7)
      at commitLayoutEffects (node_modules/react-dom/cjs/react-dom.development.js:24651:3)
      at commitRootImpl (node_modules/react-dom/cjs/react-dom.development.js:26862:5)
      at commitRoot (node_modules/react-dom/cjs/react-dom.development.js:26721:5)
      at performSyncWorkOnRoot (node_modules/react-dom/cjs/react-dom.development.js:26156:3)
      at flushSyncCallbacks (node_modules/react-dom/cjs/react-dom.development.js:12042:22)
      at flushPassiveEffectsImpl (node_modules/react-dom/cjs/react-dom.development.js:27099:3)
      at flushPassiveEffects (node_modules/react-dom/cjs/react-dom.development.js:27023:14)
      at node_modules/react-dom/cjs/react-dom.development.js:26808:9
      at flushActQueue (node_modules/react/cjs/react.development.js:2667:24)
      at act (node_modules/react/cjs/react.development.js:2582:11)
      at node_modules/@testing-library/react/dist/act-compat.js:47:25
      at renderRoot (node_modules/@testing-library/react/dist/pure.js:180:26)
      at render (node_modules/@testing-library/react/dist/pure.js:271:10)
      at renderWithProviders (src/tests/components/WorkoutPage.test.tsx:114:18)
      at Object.<anonymous> (src/tests/components/WorkoutPage.test.tsx:122:5)

    console.error
      Error: Uncaught [Error: Actions must be plain objects. Use custom middleware for async actions.]
          at reportException (/home/cmlsrandolph/Documents/coding-projects/workout-app/frontend/node_modules/jsdom/lib/jsdom/living/helpers/runtime-script-errors.js:66:24)
          at innerInvokeEventListeners (/home/cmlsrandolph/Documents/coding-projects/workout-app/frontend/node_modules/jsdom/lib/jsdom/living/events/EventTarget-impl.js:341:9)
          at invokeEventListeners (/home/cmlsrandolph/Documents/coding-projects/workout-app/frontend/node_modules/jsdom/lib/jsdom/living/events/EventTarget-impl.js:274:3)
          at HTMLUnknownElementImpl._dispatch (/home/cmlsrandolph/Documents/coding-projects/workout-app/frontend/node_modules/jsdom/lib/jsdom/living/events/EventTarget-impl.js:221:9)
          at HTMLUnknownElementImpl.dispatchEvent (/home/cmlsrandolph/Documents/coding-projects/workout-app/frontend/node_modules/jsdom/lib/jsdom/living/events/EventTarget-impl.js:94:17)
          at HTMLUnknownElement.dispatchEvent (/home/cmlsrandolph/Documents/coding-projects/workout-app/frontend/node_modules/jsdom/lib/jsdom/living/generated/EventTarget.js:231:34)
          at Object.invokeGuardedCallbackDev (/home/cmlsrandolph/Documents/coding-projects/workout-app/frontend/node_modules/react-dom/cjs/react-dom.development.js:4213:16)
          at invokeGuardedCallback (/home/cmlsrandolph/Documents/coding-projects/workout-app/frontend/node_modules/react-dom/cjs/react-dom.development.js:4277:31)
          at reportUncaughtErrorInDEV (/home/cmlsrandolph/Documents/coding-projects/workout-app/frontend/node_modules/react-dom/cjs/react-dom.development.js:22877:5)
          at captureCommitPhaseError (/home/cmlsrandolph/Documents/coding-projects/workout-app/frontend/node_modules/react-dom/cjs/react-dom.development.js:27165:5)
          at commitPassiveMountEffects_complete (/home/cmlsrandolph/Documents/coding-projects/workout-app/frontend/node_modules/react-dom/cjs/react-dom.development.js:24932:9)
          at commitPassiveMountEffects_begin (/home/cmlsrandolph/Documents/coding-projects/workout-app/frontend/node_modules/react-dom/cjs/react-dom.development.js:24917:7)
          at commitPassiveMountEffects (/home/cmlsrandolph/Documents/coding-projects/workout-app/frontend/node_modules/react-dom/cjs/react-dom.development.js:24905:3)
          at flushPassiveEffectsImpl (/home/cmlsrandolph/Documents/coding-projects/workout-app/frontend/node_modules/react-dom/cjs/react-dom.development.js:27078:3)
          at flushPassiveEffects (/home/cmlsrandolph/Documents/coding-projects/workout-app/frontend/node_modules/react-dom/cjs/react-dom.development.js:27023:14)
          at /home/cmlsrandolph/Documents/coding-projects/workout-app/frontend/node_modules/react-dom/cjs/react-dom.development.js:26808:9
          at flushActQueue (/home/cmlsrandolph/Documents/coding-projects/workout-app/frontend/node_modules/react/cjs/react.development.js:2667:24)
          at act (/home/cmlsrandolph/Documents/coding-projects/workout-app/frontend/node_modules/react/cjs/react.development.js:2582:11)
          at /home/cmlsrandolph/Documents/coding-projects/workout-app/frontend/node_modules/@testing-library/react/dist/act-compat.js:47:25
          at renderRoot (/home/cmlsrandolph/Documents/coding-projects/workout-app/frontend/node_modules/@testing-library/react/dist/pure.js:180:26)
          at render (/home/cmlsrandolph/Documents/coding-projects/workout-app/frontend/node_modules/@testing-library/react/dist/pure.js:271:10)
          at renderWithProviders (/home/cmlsrandolph/Documents/coding-projects/workout-app/frontend/src/tests/components/WorkoutPage.test.tsx:114:18)
          at Object.<anonymous> (/home/cmlsrandolph/Documents/coding-projects/workout-app/frontend/src/tests/components/WorkoutPage.test.tsx:131:5)
          at Promise.then.completed (/home/cmlsrandolph/Documents/coding-projects/workout-app/frontend/node_modules/jest-circus/build/utils.js:391:28)
          at new Promise (<anonymous>)
          at callAsyncCircusFn (/home/cmlsrandolph/Documents/coding-projects/workout-app/frontend/node_modules/jest-circus/build/utils.js:316:10)
          at _callCircusTest (/home/cmlsrandolph/Documents/coding-projects/workout-app/frontend/node_modules/jest-circus/build/run.js:218:40)
          at processTicksAndRejections (node:internal/process/task_queues:95:5)
          at _runTest (/home/cmlsrandolph/Documents/coding-projects/workout-app/frontend/node_modules/jest-circus/build/run.js:155:3)
          at _runTestsForDescribeBlock (/home/cmlsrandolph/Documents/coding-projects/workout-app/frontend/node_modules/jest-circus/build/run.js:66:9)
          at _runTestsForDescribeBlock (/home/cmlsrandolph/Documents/coding-projects/workout-app/frontend/node_modules/jest-circus/build/run.js:60:9)
          at run (/home/cmlsrandolph/Documents/coding-projects/workout-app/frontend/node_modules/jest-circus/build/run.js:25:3)
          at runAndTransformResultsToJestFormat (/home/cmlsrandolph/Documents/coding-projects/workout-app/frontend/node_modules/jest-circus/build/legacy-code-todo-rewrite/jestAdapterInit.js:170:21)
          at jestAdapter (/home/cmlsrandolph/Documents/coding-projects/workout-app/frontend/node_modules/jest-circus/build/legacy-code-todo-rewrite/jestAdapter.js:82:19)
          at runTestInternal (/home/cmlsrandolph/Documents/coding-projects/workout-app/frontend/node_modules/jest-runner/build/runTest.js:389:16)
          at runTest (/home/cmlsrandolph/Documents/coding-projects/workout-app/frontend/node_modules/jest-runner/build/runTest.js:475:34)
          at Object.worker (/home/cmlsrandolph/Documents/coding-projects/workout-app/frontend/node_modules/jest-runner/build/testWorker.js:133:12) Error: Actions must be plain objects. Use custom middleware for async actions.
          at dispatch (/home/cmlsrandolph/Documents/coding-projects/workout-app/frontend/node_modules/redux-mock-store/lib/index.js:41:19)
          at dispatch (/home/cmlsrandolph/Documents/coding-projects/workout-app/frontend/node_modules/redux-thunk/lib/index.js:27:16)
          at /home/cmlsrandolph/Documents/coding-projects/workout-app/frontend/src/components/pages/WorkoutPage.tsx:70:5
          at commitHookEffectListMount (/home/cmlsrandolph/Documents/coding-projects/workout-app/frontend/node_modules/react-dom/cjs/react-dom.development.js:23189:26)
          at commitPassiveMountOnFiber (/home/cmlsrandolph/Documents/coding-projects/workout-app/frontend/node_modules/react-dom/cjs/react-dom.development.js:24970:11)
          at commitPassiveMountEffects_complete (/home/cmlsrandolph/Documents/coding-projects/workout-app/frontend/node_modules/react-dom/cjs/react-dom.development.js:24930:9)
          at commitPassiveMountEffects_begin (/home/cmlsrandolph/Documents/coding-projects/workout-app/frontend/node_modules/react-dom/cjs/react-dom.development.js:24917:7)
          at commitPassiveMountEffects (/home/cmlsrandolph/Documents/coding-projects/workout-app/frontend/node_modules/react-dom/cjs/react-dom.development.js:24905:3)
          at flushPassiveEffectsImpl (/home/cmlsrandolph/Documents/coding-projects/workout-app/frontend/node_modules/react-dom/cjs/react-dom.development.js:27078:3)
          at flushPassiveEffects (/home/cmlsrandolph/Documents/coding-projects/workout-app/frontend/node_modules/react-dom/cjs/react-dom.development.js:27023:14)
          at /home/cmlsrandolph/Documents/coding-projects/workout-app/frontend/node_modules/react-dom/cjs/react-dom.development.js:26808:9
          at flushActQueue (/home/cmlsrandolph/Documents/coding-projects/workout-app/frontend/node_modules/react/cjs/react.development.js:2667:24)
          at act (/home/cmlsrandolph/Documents/coding-projects/workout-app/frontend/node_modules/react/cjs/react.development.js:2582:11)
          at /home/cmlsrandolph/Documents/coding-projects/workout-app/frontend/node_modules/@testing-library/react/dist/act-compat.js:47:25
          at renderRoot (/home/cmlsrandolph/Documents/coding-projects/workout-app/frontend/node_modules/@testing-library/react/dist/pure.js:180:26)
          at render (/home/cmlsrandolph/Documents/coding-projects/workout-app/frontend/node_modules/@testing-library/react/dist/pure.js:271:10)
          at renderWithProviders (/home/cmlsrandolph/Documents/coding-projects/workout-app/frontend/src/tests/components/WorkoutPage.test.tsx:114:18)
          at Object.<anonymous> (/home/cmlsrandolph/Documents/coding-projects/workout-app/frontend/src/tests/components/WorkoutPage.test.tsx:131:5)
          at Promise.then.completed (/home/cmlsrandolph/Documents/coding-projects/workout-app/frontend/node_modules/jest-circus/build/utils.js:391:28)
          at new Promise (<anonymous>)
          at callAsyncCircusFn (/home/cmlsrandolph/Documents/coding-projects/workout-app/frontend/node_modules/jest-circus/build/utils.js:316:10)
          at _callCircusTest (/home/cmlsrandolph/Documents/coding-projects/workout-app/frontend/node_modules/jest-circus/build/run.js:218:40)
          at processTicksAndRejections (node:internal/process/task_queues:95:5)
          at _runTest (/home/cmlsrandolph/Documents/coding-projects/workout-app/frontend/node_modules/jest-circus/build/run.js:155:3)
          at _runTestsForDescribeBlock (/home/cmlsrandolph/Documents/coding-projects/workout-app/frontend/node_modules/jest-circus/build/run.js:66:9)
          at _runTestsForDescribeBlock (/home/cmlsrandolph/Documents/coding-projects/workout-app/frontend/node_modules/jest-circus/build/run.js:60:9)
          at run (/home/cmlsrandolph/Documents/coding-projects/workout-app/frontend/node_modules/jest-circus/build/run.js:25:3)
          at runAndTransformResultsToJestFormat (/home/cmlsrandolph/Documents/coding-projects/workout-app/frontend/node_modules/jest-circus/build/legacy-code-todo-rewrite/jestAdapterInit.js:170:21)
          at jestAdapter (/home/cmlsrandolph/Documents/coding-projects/workout-app/frontend/node_modules/jest-circus/build/legacy-code-todo-rewrite/jestAdapter.js:82:19)
          at runTestInternal (/home/cmlsrandolph/Documents/coding-projects/workout-app/frontend/node_modules/jest-runner/build/runTest.js:389:16)
          at runTest (/home/cmlsrandolph/Documents/coding-projects/workout-app/frontend/node_modules/jest-runner/build/runTest.js:475:34)
          at Object.worker (/home/cmlsrandolph/Documents/coding-projects/workout-app/frontend/node_modules/jest-runner/build/testWorker.js:133:12)

      112 |     });
      113 |     
    > 114 |     return render(
          |                  ^
      115 |       <Provider store={store}>
      116 |         {ui}
      117 |       </Provider>

      at VirtualConsole.<anonymous> (node_modules/jsdom/lib/jsdom/virtual-console.js:29:45)
      at reportException (node_modules/jsdom/lib/jsdom/living/helpers/runtime-script-errors.js:70:28)
      at innerInvokeEventListeners (node_modules/jsdom/lib/jsdom/living/events/EventTarget-impl.js:341:9)
      at invokeEventListeners (node_modules/jsdom/lib/jsdom/living/events/EventTarget-impl.js:274:3)
      at HTMLUnknownElementImpl._dispatch (node_modules/jsdom/lib/jsdom/living/events/EventTarget-impl.js:221:9)
      at HTMLUnknownElementImpl.dispatchEvent (node_modules/jsdom/lib/jsdom/living/events/EventTarget-impl.js:94:17)
      at HTMLUnknownElement.dispatchEvent (node_modules/jsdom/lib/jsdom/living/generated/EventTarget.js:231:34)
      at Object.invokeGuardedCallbackDev (node_modules/react-dom/cjs/react-dom.development.js:4213:16)
      at invokeGuardedCallback (node_modules/react-dom/cjs/react-dom.development.js:4277:31)
      at reportUncaughtErrorInDEV (node_modules/react-dom/cjs/react-dom.development.js:22877:5)
      at captureCommitPhaseError (node_modules/react-dom/cjs/react-dom.development.js:27165:5)
      at commitPassiveMountEffects_complete (node_modules/react-dom/cjs/react-dom.development.js:24932:9)
      at commitPassiveMountEffects_begin (node_modules/react-dom/cjs/react-dom.development.js:24917:7)
      at commitPassiveMountEffects (node_modules/react-dom/cjs/react-dom.development.js:24905:3)
      at flushPassiveEffectsImpl (node_modules/react-dom/cjs/react-dom.development.js:27078:3)
      at flushPassiveEffects (node_modules/react-dom/cjs/react-dom.development.js:27023:14)
      at node_modules/react-dom/cjs/react-dom.development.js:26808:9
      at flushActQueue (node_modules/react/cjs/react.development.js:2667:24)
      at act (node_modules/react/cjs/react.development.js:2582:11)
      at node_modules/@testing-library/react/dist/act-compat.js:47:25
      at renderRoot (node_modules/@testing-library/react/dist/pure.js:180:26)
      at render (node_modules/@testing-library/react/dist/pure.js:271:10)
      at renderWithProviders (src/tests/components/WorkoutPage.test.tsx:114:18)
      at Object.<anonymous> (src/tests/components/WorkoutPage.test.tsx:131:5)

    console.error
      The above error occurred in the <WorkoutPage> component:
      
          at WorkoutPage (/home/cmlsrandolph/Documents/coding-projects/workout-app/frontend/src/components/pages/WorkoutPage.tsx:56:43)
          at Provider (/home/cmlsrandolph/Documents/coding-projects/workout-app/frontend/node_modules/react-redux/lib/components/Provider.js:19:3)
      
      Consider adding an error boundary to your tree to customize error handling behavior.
      Visit https://reactjs.org/link/error-boundaries to learn more about error boundaries.

      112 |     });
      113 |     
    > 114 |     return render(
          |                  ^
      115 |       <Provider store={store}>
      116 |         {ui}
      117 |       </Provider>

      at logCapturedError (node_modules/react-dom/cjs/react-dom.development.js:18704:23)
      at update.callback (node_modules/react-dom/cjs/react-dom.development.js:18737:5)
      at callCallback (node_modules/react-dom/cjs/react-dom.development.js:15036:12)
      at commitUpdateQueue (node_modules/react-dom/cjs/react-dom.development.js:15057:9)
      at commitLayoutEffectOnFiber (node_modules/react-dom/cjs/react-dom.development.js:23430:13)
      at commitLayoutMountEffects_complete (node_modules/react-dom/cjs/react-dom.development.js:24727:9)
      at commitLayoutEffects_begin (node_modules/react-dom/cjs/react-dom.development.js:24713:7)
      at commitLayoutEffects (node_modules/react-dom/cjs/react-dom.development.js:24651:3)
      at commitRootImpl (node_modules/react-dom/cjs/react-dom.development.js:26862:5)
      at commitRoot (node_modules/react-dom/cjs/react-dom.development.js:26721:5)
      at performSyncWorkOnRoot (node_modules/react-dom/cjs/react-dom.development.js:26156:3)
      at flushSyncCallbacks (node_modules/react-dom/cjs/react-dom.development.js:12042:22)
      at flushPassiveEffectsImpl (node_modules/react-dom/cjs/react-dom.development.js:27099:3)
      at flushPassiveEffects (node_modules/react-dom/cjs/react-dom.development.js:27023:14)
      at node_modules/react-dom/cjs/react-dom.development.js:26808:9
      at flushActQueue (node_modules/react/cjs/react.development.js:2667:24)
      at act (node_modules/react/cjs/react.development.js:2582:11)
      at node_modules/@testing-library/react/dist/act-compat.js:47:25
      at renderRoot (node_modules/@testing-library/react/dist/pure.js:180:26)
      at render (node_modules/@testing-library/react/dist/pure.js:271:10)
      at renderWithProviders (src/tests/components/WorkoutPage.test.tsx:114:18)
      at Object.<anonymous> (src/tests/components/WorkoutPage.test.tsx:131:5)

    console.error
      Error: Uncaught [Error: Actions must be plain objects. Use custom middleware for async actions.]
          at reportException (/home/cmlsrandolph/Documents/coding-projects/workout-app/frontend/node_modules/jsdom/lib/jsdom/living/helpers/runtime-script-errors.js:66:24)
          at innerInvokeEventListeners (/home/cmlsrandolph/Documents/coding-projects/workout-app/frontend/node_modules/jsdom/lib/jsdom/living/events/EventTarget-impl.js:341:9)
          at invokeEventListeners (/home/cmlsrandolph/Documents/coding-projects/workout-app/frontend/node_modules/jsdom/lib/jsdom/living/events/EventTarget-impl.js:274:3)
          at HTMLUnknownElementImpl._dispatch (/home/cmlsrandolph/Documents/coding-projects/workout-app/frontend/node_modules/jsdom/lib/jsdom/living/events/EventTarget-impl.js:221:9)
          at HTMLUnknownElementImpl.dispatchEvent (/home/cmlsrandolph/Documents/coding-projects/workout-app/frontend/node_modules/jsdom/lib/jsdom/living/events/EventTarget-impl.js:94:17)
          at HTMLUnknownElement.dispatchEvent (/home/cmlsrandolph/Documents/coding-projects/workout-app/frontend/node_modules/jsdom/lib/jsdom/living/generated/EventTarget.js:231:34)
          at Object.invokeGuardedCallbackDev (/home/cmlsrandolph/Documents/coding-projects/workout-app/frontend/node_modules/react-dom/cjs/react-dom.development.js:4213:16)
          at invokeGuardedCallback (/home/cmlsrandolph/Documents/coding-projects/workout-app/frontend/node_modules/react-dom/cjs/react-dom.development.js:4277:31)
          at reportUncaughtErrorInDEV (/home/cmlsrandolph/Documents/coding-projects/workout-app/frontend/node_modules/react-dom/cjs/react-dom.development.js:22877:5)
          at captureCommitPhaseError (/home/cmlsrandolph/Documents/coding-projects/workout-app/frontend/node_modules/react-dom/cjs/react-dom.development.js:27165:5)
          at commitPassiveMountEffects_complete (/home/cmlsrandolph/Documents/coding-projects/workout-app/frontend/node_modules/react-dom/cjs/react-dom.development.js:24932:9)
          at commitPassiveMountEffects_begin (/home/cmlsrandolph/Documents/coding-projects/workout-app/frontend/node_modules/react-dom/cjs/react-dom.development.js:24917:7)
          at commitPassiveMountEffects (/home/cmlsrandolph/Documents/coding-projects/workout-app/frontend/node_modules/react-dom/cjs/react-dom.development.js:24905:3)
          at flushPassiveEffectsImpl (/home/cmlsrandolph/Documents/coding-projects/workout-app/frontend/node_modules/react-dom/cjs/react-dom.development.js:27078:3)
          at flushPassiveEffects (/home/cmlsrandolph/Documents/coding-projects/workout-app/frontend/node_modules/react-dom/cjs/react-dom.development.js:27023:14)
          at /home/cmlsrandolph/Documents/coding-projects/workout-app/frontend/node_modules/react-dom/cjs/react-dom.development.js:26808:9
          at flushActQueue (/home/cmlsrandolph/Documents/coding-projects/workout-app/frontend/node_modules/react/cjs/react.development.js:2667:24)
          at act (/home/cmlsrandolph/Documents/coding-projects/workout-app/frontend/node_modules/react/cjs/react.development.js:2582:11)
          at /home/cmlsrandolph/Documents/coding-projects/workout-app/frontend/node_modules/@testing-library/react/dist/act-compat.js:47:25
          at renderRoot (/home/cmlsrandolph/Documents/coding-projects/workout-app/frontend/node_modules/@testing-library/react/dist/pure.js:180:26)
          at render (/home/cmlsrandolph/Documents/coding-projects/workout-app/frontend/node_modules/@testing-library/react/dist/pure.js:271:10)
          at renderWithProviders (/home/cmlsrandolph/Documents/coding-projects/workout-app/frontend/src/tests/components/WorkoutPage.test.tsx:114:18)
          at Object.<anonymous> (/home/cmlsrandolph/Documents/coding-projects/workout-app/frontend/src/tests/components/WorkoutPage.test.tsx:143:5)
          at Promise.then.completed (/home/cmlsrandolph/Documents/coding-projects/workout-app/frontend/node_modules/jest-circus/build/utils.js:391:28)
          at new Promise (<anonymous>)
          at callAsyncCircusFn (/home/cmlsrandolph/Documents/coding-projects/workout-app/frontend/node_modules/jest-circus/build/utils.js:316:10)
          at _callCircusTest (/home/cmlsrandolph/Documents/coding-projects/workout-app/frontend/node_modules/jest-circus/build/run.js:218:40)
          at processTicksAndRejections (node:internal/process/task_queues:95:5)
          at _runTest (/home/cmlsrandolph/Documents/coding-projects/workout-app/frontend/node_modules/jest-circus/build/run.js:155:3)
          at _runTestsForDescribeBlock (/home/cmlsrandolph/Documents/coding-projects/workout-app/frontend/node_modules/jest-circus/build/run.js:66:9)
          at _runTestsForDescribeBlock (/home/cmlsrandolph/Documents/coding-projects/workout-app/frontend/node_modules/jest-circus/build/run.js:60:9)
          at run (/home/cmlsrandolph/Documents/coding-projects/workout-app/frontend/node_modules/jest-circus/build/run.js:25:3)
          at runAndTransformResultsToJestFormat (/home/cmlsrandolph/Documents/coding-projects/workout-app/frontend/node_modules/jest-circus/build/legacy-code-todo-rewrite/jestAdapterInit.js:170:21)
          at jestAdapter (/home/cmlsrandolph/Documents/coding-projects/workout-app/frontend/node_modules/jest-circus/build/legacy-code-todo-rewrite/jestAdapter.js:82:19)
          at runTestInternal (/home/cmlsrandolph/Documents/coding-projects/workout-app/frontend/node_modules/jest-runner/build/runTest.js:389:16)
          at runTest (/home/cmlsrandolph/Documents/coding-projects/workout-app/frontend/node_modules/jest-runner/build/runTest.js:475:34)
          at Object.worker (/home/cmlsrandolph/Documents/coding-projects/workout-app/frontend/node_modules/jest-runner/build/testWorker.js:133:12) Error: Actions must be plain objects. Use custom middleware for async actions.
          at dispatch (/home/cmlsrandolph/Documents/coding-projects/workout-app/frontend/node_modules/redux-mock-store/lib/index.js:41:19)
          at dispatch (/home/cmlsrandolph/Documents/coding-projects/workout-app/frontend/node_modules/redux-thunk/lib/index.js:27:16)
          at /home/cmlsrandolph/Documents/coding-projects/workout-app/frontend/src/components/pages/WorkoutPage.tsx:70:5
          at commitHookEffectListMount (/home/cmlsrandolph/Documents/coding-projects/workout-app/frontend/node_modules/react-dom/cjs/react-dom.development.js:23189:26)
          at commitPassiveMountOnFiber (/home/cmlsrandolph/Documents/coding-projects/workout-app/frontend/node_modules/react-dom/cjs/react-dom.development.js:24970:11)
          at commitPassiveMountEffects_complete (/home/cmlsrandolph/Documents/coding-projects/workout-app/frontend/node_modules/react-dom/cjs/react-dom.development.js:24930:9)
          at commitPassiveMountEffects_begin (/home/cmlsrandolph/Documents/coding-projects/workout-app/frontend/node_modules/react-dom/cjs/react-dom.development.js:24917:7)
          at commitPassiveMountEffects (/home/cmlsrandolph/Documents/coding-projects/workout-app/frontend/node_modules/react-dom/cjs/react-dom.development.js:24905:3)
          at flushPassiveEffectsImpl (/home/cmlsrandolph/Documents/coding-projects/workout-app/frontend/node_modules/react-dom/cjs/react-dom.development.js:27078:3)
          at flushPassiveEffects (/home/cmlsrandolph/Documents/coding-projects/workout-app/frontend/node_modules/react-dom/cjs/react-dom.development.js:27023:14)
          at /home/cmlsrandolph/Documents/coding-projects/workout-app/frontend/node_modules/react-dom/cjs/react-dom.development.js:26808:9
          at flushActQueue (/home/cmlsrandolph/Documents/coding-projects/workout-app/frontend/node_modules/react/cjs/react.development.js:2667:24)
          at act (/home/cmlsrandolph/Documents/coding-projects/workout-app/frontend/node_modules/react/cjs/react.development.js:2582:11)
          at /home/cmlsrandolph/Documents/coding-projects/workout-app/frontend/node_modules/@testing-library/react/dist/act-compat.js:47:25
          at renderRoot (/home/cmlsrandolph/Documents/coding-projects/workout-app/frontend/node_modules/@testing-library/react/dist/pure.js:180:26)
          at render (/home/cmlsrandolph/Documents/coding-projects/workout-app/frontend/node_modules/@testing-library/react/dist/pure.js:271:10)
          at renderWithProviders (/home/cmlsrandolph/Documents/coding-projects/workout-app/frontend/src/tests/components/WorkoutPage.test.tsx:114:18)
          at Object.<anonymous> (/home/cmlsrandolph/Documents/coding-projects/workout-app/frontend/src/tests/components/WorkoutPage.test.tsx:143:5)
          at Promise.then.completed (/home/cmlsrandolph/Documents/coding-projects/workout-app/frontend/node_modules/jest-circus/build/utils.js:391:28)
          at new Promise (<anonymous>)
          at callAsyncCircusFn (/home/cmlsrandolph/Documents/coding-projects/workout-app/frontend/node_modules/jest-circus/build/utils.js:316:10)
          at _callCircusTest (/home/cmlsrandolph/Documents/coding-projects/workout-app/frontend/node_modules/jest-circus/build/run.js:218:40)
          at processTicksAndRejections (node:internal/process/task_queues:95:5)
          at _runTest (/home/cmlsrandolph/Documents/coding-projects/workout-app/frontend/node_modules/jest-circus/build/run.js:155:3)
          at _runTestsForDescribeBlock (/home/cmlsrandolph/Documents/coding-projects/workout-app/frontend/node_modules/jest-circus/build/run.js:66:9)
          at _runTestsForDescribeBlock (/home/cmlsrandolph/Documents/coding-projects/workout-app/frontend/node_modules/jest-circus/build/run.js:60:9)
          at run (/home/cmlsrandolph/Documents/coding-projects/workout-app/frontend/node_modules/jest-circus/build/run.js:25:3)
          at runAndTransformResultsToJestFormat (/home/cmlsrandolph/Documents/coding-projects/workout-app/frontend/node_modules/jest-circus/build/legacy-code-todo-rewrite/jestAdapterInit.js:170:21)
          at jestAdapter (/home/cmlsrandolph/Documents/coding-projects/workout-app/frontend/node_modules/jest-circus/build/legacy-code-todo-rewrite/jestAdapter.js:82:19)
          at runTestInternal (/home/cmlsrandolph/Documents/coding-projects/workout-app/frontend/node_modules/jest-runner/build/runTest.js:389:16)
          at runTest (/home/cmlsrandolph/Documents/coding-projects/workout-app/frontend/node_modules/jest-runner/build/runTest.js:475:34)
          at Object.worker (/home/cmlsrandolph/Documents/coding-projects/workout-app/frontend/node_modules/jest-runner/build/testWorker.js:133:12)

      112 |     });
      113 |     
    > 114 |     return render(
          |                  ^
      115 |       <Provider store={store}>
      116 |         {ui}
      117 |       </Provider>

      at VirtualConsole.<anonymous> (node_modules/jsdom/lib/jsdom/virtual-console.js:29:45)
      at reportException (node_modules/jsdom/lib/jsdom/living/helpers/runtime-script-errors.js:70:28)
      at innerInvokeEventListeners (node_modules/jsdom/lib/jsdom/living/events/EventTarget-impl.js:341:9)
      at invokeEventListeners (node_modules/jsdom/lib/jsdom/living/events/EventTarget-impl.js:274:3)
      at HTMLUnknownElementImpl._dispatch (node_modules/jsdom/lib/jsdom/living/events/EventTarget-impl.js:221:9)
      at HTMLUnknownElementImpl.dispatchEvent (node_modules/jsdom/lib/jsdom/living/events/EventTarget-impl.js:94:17)
      at HTMLUnknownElement.dispatchEvent (node_modules/jsdom/lib/jsdom/living/generated/EventTarget.js:231:34)
      at Object.invokeGuardedCallbackDev (node_modules/react-dom/cjs/react-dom.development.js:4213:16)
      at invokeGuardedCallback (node_modules/react-dom/cjs/react-dom.development.js:4277:31)
      at reportUncaughtErrorInDEV (node_modules/react-dom/cjs/react-dom.development.js:22877:5)
      at captureCommitPhaseError (node_modules/react-dom/cjs/react-dom.development.js:27165:5)
      at commitPassiveMountEffects_complete (node_modules/react-dom/cjs/react-dom.development.js:24932:9)
      at commitPassiveMountEffects_begin (node_modules/react-dom/cjs/react-dom.development.js:24917:7)
      at commitPassiveMountEffects (node_modules/react-dom/cjs/react-dom.development.js:24905:3)
      at flushPassiveEffectsImpl (node_modules/react-dom/cjs/react-dom.development.js:27078:3)
      at flushPassiveEffects (node_modules/react-dom/cjs/react-dom.development.js:27023:14)
      at node_modules/react-dom/cjs/react-dom.development.js:26808:9
      at flushActQueue (node_modules/react/cjs/react.development.js:2667:24)
      at act (node_modules/react/cjs/react.development.js:2582:11)
      at node_modules/@testing-library/react/dist/act-compat.js:47:25
      at renderRoot (node_modules/@testing-library/react/dist/pure.js:180:26)
      at render (node_modules/@testing-library/react/dist/pure.js:271:10)
      at renderWithProviders (src/tests/components/WorkoutPage.test.tsx:114:18)
      at Object.<anonymous> (src/tests/components/WorkoutPage.test.tsx:143:5)

    console.error
      The above error occurred in the <WorkoutPage> component:
      
          at WorkoutPage (/home/cmlsrandolph/Documents/coding-projects/workout-app/frontend/src/components/pages/WorkoutPage.tsx:56:43)
          at Provider (/home/cmlsrandolph/Documents/coding-projects/workout-app/frontend/node_modules/react-redux/lib/components/Provider.js:19:3)
      
      Consider adding an error boundary to your tree to customize error handling behavior.
      Visit https://reactjs.org/link/error-boundaries to learn more about error boundaries.

      112 |     });
      113 |     
    > 114 |     return render(
          |                  ^
      115 |       <Provider store={store}>
      116 |         {ui}
      117 |       </Provider>

      at logCapturedError (node_modules/react-dom/cjs/react-dom.development.js:18704:23)
      at update.callback (node_modules/react-dom/cjs/react-dom.development.js:18737:5)
      at callCallback (node_modules/react-dom/cjs/react-dom.development.js:15036:12)
      at commitUpdateQueue (node_modules/react-dom/cjs/react-dom.development.js:15057:9)
      at commitLayoutEffectOnFiber (node_modules/react-dom/cjs/react-dom.development.js:23430:13)
      at commitLayoutMountEffects_complete (node_modules/react-dom/cjs/react-dom.development.js:24727:9)
      at commitLayoutEffects_begin (node_modules/react-dom/cjs/react-dom.development.js:24713:7)
      at commitLayoutEffects (node_modules/react-dom/cjs/react-dom.development.js:24651:3)
      at commitRootImpl (node_modules/react-dom/cjs/react-dom.development.js:26862:5)
      at commitRoot (node_modules/react-dom/cjs/react-dom.development.js:26721:5)
      at performSyncWorkOnRoot (node_modules/react-dom/cjs/react-dom.development.js:26156:3)
      at flushSyncCallbacks (node_modules/react-dom/cjs/react-dom.development.js:12042:22)
      at flushPassiveEffectsImpl (node_modules/react-dom/cjs/react-dom.development.js:27099:3)
      at flushPassiveEffects (node_modules/react-dom/cjs/react-dom.development.js:27023:14)
      at node_modules/react-dom/cjs/react-dom.development.js:26808:9
      at flushActQueue (node_modules/react/cjs/react.development.js:2667:24)
      at act (node_modules/react/cjs/react.development.js:2582:11)
      at node_modules/@testing-library/react/dist/act-compat.js:47:25
      at renderRoot (node_modules/@testing-library/react/dist/pure.js:180:26)
      at render (node_modules/@testing-library/react/dist/pure.js:271:10)
      at renderWithProviders (src/tests/components/WorkoutPage.test.tsx:114:18)
      at Object.<anonymous> (src/tests/components/WorkoutPage.test.tsx:143:5)

  ● WorkoutPage component › renders the component title correctly

    Actions must be plain objects. Use custom middleware for async actions.

      68 |   
      69 |   useEffect(() => {
    > 70 |     dispatch(fetchWorkouts());
         |     ^
      71 |     dispatch(getWorkoutSessions());
      72 |   }, [dispatch]);
      73 |

      at dispatch (node_modules/redux-mock-store/lib/index.js:41:19)
      at dispatch (node_modules/redux-thunk/lib/index.js:27:16)
      at src/components/pages/WorkoutPage.tsx:70:5
      at commitHookEffectListMount (node_modules/react-dom/cjs/react-dom.development.js:23189:26)
      at commitPassiveMountOnFiber (node_modules/react-dom/cjs/react-dom.development.js:24970:11)
      at commitPassiveMountEffects_complete (node_modules/react-dom/cjs/react-dom.development.js:24930:9)
      at commitPassiveMountEffects_begin (node_modules/react-dom/cjs/react-dom.development.js:24917:7)
      at commitPassiveMountEffects (node_modules/react-dom/cjs/react-dom.development.js:24905:3)
      at flushPassiveEffectsImpl (node_modules/react-dom/cjs/react-dom.development.js:27078:3)
      at flushPassiveEffects (node_modules/react-dom/cjs/react-dom.development.js:27023:14)
      at node_modules/react-dom/cjs/react-dom.development.js:26808:9
      at flushActQueue (node_modules/react/cjs/react.development.js:2667:24)
      at act (node_modules/react/cjs/react.development.js:2582:11)
      at node_modules/@testing-library/react/dist/act-compat.js:47:25
      at renderRoot (node_modules/@testing-library/react/dist/pure.js:180:26)
      at render (node_modules/@testing-library/react/dist/pure.js:271:10)
      at renderWithProviders (src/tests/components/WorkoutPage.test.tsx:114:18)
      at Object.<anonymous> (src/tests/components/WorkoutPage.test.tsx:122:5)

  ● WorkoutPage component › renders the tabs correctly

    Actions must be plain objects. Use custom middleware for async actions.

      68 |   
      69 |   useEffect(() => {
    > 70 |     dispatch(fetchWorkouts());
         |     ^
      71 |     dispatch(getWorkoutSessions());
      72 |   }, [dispatch]);
      73 |

      at dispatch (node_modules/redux-mock-store/lib/index.js:41:19)
      at dispatch (node_modules/redux-thunk/lib/index.js:27:16)
      at src/components/pages/WorkoutPage.tsx:70:5
      at commitHookEffectListMount (node_modules/react-dom/cjs/react-dom.development.js:23189:26)
      at commitPassiveMountOnFiber (node_modules/react-dom/cjs/react-dom.development.js:24970:11)
      at commitPassiveMountEffects_complete (node_modules/react-dom/cjs/react-dom.development.js:24930:9)
      at commitPassiveMountEffects_begin (node_modules/react-dom/cjs/react-dom.development.js:24917:7)
      at commitPassiveMountEffects (node_modules/react-dom/cjs/react-dom.development.js:24905:3)
      at flushPassiveEffectsImpl (node_modules/react-dom/cjs/react-dom.development.js:27078:3)
      at flushPassiveEffects (node_modules/react-dom/cjs/react-dom.development.js:27023:14)
      at node_modules/react-dom/cjs/react-dom.development.js:26808:9
      at flushActQueue (node_modules/react/cjs/react.development.js:2667:24)
      at act (node_modules/react/cjs/react.development.js:2582:11)
      at node_modules/@testing-library/react/dist/act-compat.js:47:25
      at renderRoot (node_modules/@testing-library/react/dist/pure.js:180:26)
      at render (node_modules/@testing-library/react/dist/pure.js:271:10)
      at renderWithProviders (src/tests/components/WorkoutPage.test.tsx:114:18)
      at Object.<anonymous> (src/tests/components/WorkoutPage.test.tsx:131:5)

  ● WorkoutPage component › renders the workout list on the first tab

    Actions must be plain objects. Use custom middleware for async actions.

      68 |   
      69 |   useEffect(() => {
    > 70 |     dispatch(fetchWorkouts());
         |     ^
      71 |     dispatch(getWorkoutSessions());
      72 |   }, [dispatch]);
      73 |

      at dispatch (node_modules/redux-mock-store/lib/index.js:41:19)
      at dispatch (node_modules/redux-thunk/lib/index.js:27:16)
      at src/components/pages/WorkoutPage.tsx:70:5
      at commitHookEffectListMount (node_modules/react-dom/cjs/react-dom.development.js:23189:26)
      at commitPassiveMountOnFiber (node_modules/react-dom/cjs/react-dom.development.js:24970:11)
      at commitPassiveMountEffects_complete (node_modules/react-dom/cjs/react-dom.development.js:24930:9)
      at commitPassiveMountEffects_begin (node_modules/react-dom/cjs/react-dom.development.js:24917:7)
      at commitPassiveMountEffects (node_modules/react-dom/cjs/react-dom.development.js:24905:3)
      at flushPassiveEffectsImpl (node_modules/react-dom/cjs/react-dom.development.js:27078:3)
      at flushPassiveEffects (node_modules/react-dom/cjs/react-dom.development.js:27023:14)
      at node_modules/react-dom/cjs/react-dom.development.js:26808:9
      at flushActQueue (node_modules/react/cjs/react.development.js:2667:24)
      at act (node_modules/react/cjs/react.development.js:2582:11)
      at node_modules/@testing-library/react/dist/act-compat.js:47:25
      at renderRoot (node_modules/@testing-library/react/dist/pure.js:180:26)
      at render (node_modules/@testing-library/react/dist/pure.js:271:10)
      at renderWithProviders (src/tests/components/WorkoutPage.test.tsx:114:18)
      at Object.<anonymous> (src/tests/components/WorkoutPage.test.tsx:143:5)

FAIL src/tests/components/LoginForm.test.tsx
  ● Console

    console.error
      Error: Uncaught [TypeError: Cannot read properties of undefined (reading 'state')]
          at reportException (/home/cmlsrandolph/Documents/coding-projects/workout-app/frontend/node_modules/jsdom/lib/jsdom/living/helpers/runtime-script-errors.js:66:24)
          at innerInvokeEventListeners (/home/cmlsrandolph/Documents/coding-projects/workout-app/frontend/node_modules/jsdom/lib/jsdom/living/events/EventTarget-impl.js:341:9)
          at invokeEventListeners (/home/cmlsrandolph/Documents/coding-projects/workout-app/frontend/node_modules/jsdom/lib/jsdom/living/events/EventTarget-impl.js:274:3)
          at HTMLUnknownElementImpl._dispatch (/home/cmlsrandolph/Documents/coding-projects/workout-app/frontend/node_modules/jsdom/lib/jsdom/living/events/EventTarget-impl.js:221:9)
          at HTMLUnknownElementImpl.dispatchEvent (/home/cmlsrandolph/Documents/coding-projects/workout-app/frontend/node_modules/jsdom/lib/jsdom/living/events/EventTarget-impl.js:94:17)
          at HTMLUnknownElement.dispatchEvent (/home/cmlsrandolph/Documents/coding-projects/workout-app/frontend/node_modules/jsdom/lib/jsdom/living/generated/EventTarget.js:231:34)
          at Object.invokeGuardedCallbackDev (/home/cmlsrandolph/Documents/coding-projects/workout-app/frontend/node_modules/react-dom/cjs/react-dom.development.js:4213:16)
          at invokeGuardedCallback (/home/cmlsrandolph/Documents/coding-projects/workout-app/frontend/node_modules/react-dom/cjs/react-dom.development.js:4277:31)
          at beginWork$1 (/home/cmlsrandolph/Documents/coding-projects/workout-app/frontend/node_modules/react-dom/cjs/react-dom.development.js:27490:7)
          at performUnitOfWork (/home/cmlsrandolph/Documents/coding-projects/workout-app/frontend/node_modules/react-dom/cjs/react-dom.development.js:26599:12)
          at workLoopSync (/home/cmlsrandolph/Documents/coding-projects/workout-app/frontend/node_modules/react-dom/cjs/react-dom.development.js:26505:5)
          at renderRootSync (/home/cmlsrandolph/Documents/coding-projects/workout-app/frontend/node_modules/react-dom/cjs/react-dom.development.js:26473:7)
          at performConcurrentWorkOnRoot (/home/cmlsrandolph/Documents/coding-projects/workout-app/frontend/node_modules/react-dom/cjs/react-dom.development.js:25777:74)
          at flushActQueue (/home/cmlsrandolph/Documents/coding-projects/workout-app/frontend/node_modules/react/cjs/react.development.js:2667:24)
          at act (/home/cmlsrandolph/Documents/coding-projects/workout-app/frontend/node_modules/react/cjs/react.development.js:2582:11)
          at /home/cmlsrandolph/Documents/coding-projects/workout-app/frontend/node_modules/@testing-library/react/dist/act-compat.js:47:25
          at renderRoot (/home/cmlsrandolph/Documents/coding-projects/workout-app/frontend/node_modules/@testing-library/react/dist/pure.js:180:26)
          at render (/home/cmlsrandolph/Documents/coding-projects/workout-app/frontend/node_modules/@testing-library/react/dist/pure.js:271:10)
          at renderLoginPage (/home/cmlsrandolph/Documents/coding-projects/workout-app/frontend/src/tests/components/LoginForm.test.tsx:37:14)
          at Object.<anonymous> (/home/cmlsrandolph/Documents/coding-projects/workout-app/frontend/src/tests/components/LoginForm.test.tsx:75:5)
          at Promise.then.completed (/home/cmlsrandolph/Documents/coding-projects/workout-app/frontend/node_modules/jest-circus/build/utils.js:391:28)
          at new Promise (<anonymous>)
          at callAsyncCircusFn (/home/cmlsrandolph/Documents/coding-projects/workout-app/frontend/node_modules/jest-circus/build/utils.js:316:10)
          at _callCircusTest (/home/cmlsrandolph/Documents/coding-projects/workout-app/frontend/node_modules/jest-circus/build/run.js:218:40)
          at processTicksAndRejections (node:internal/process/task_queues:95:5)
          at _runTest (/home/cmlsrandolph/Documents/coding-projects/workout-app/frontend/node_modules/jest-circus/build/run.js:155:3)
          at _runTestsForDescribeBlock (/home/cmlsrandolph/Documents/coding-projects/workout-app/frontend/node_modules/jest-circus/build/run.js:66:9)
          at _runTestsForDescribeBlock (/home/cmlsrandolph/Documents/coding-projects/workout-app/frontend/node_modules/jest-circus/build/run.js:60:9)
          at run (/home/cmlsrandolph/Documents/coding-projects/workout-app/frontend/node_modules/jest-circus/build/run.js:25:3)
          at runAndTransformResultsToJestFormat (/home/cmlsrandolph/Documents/coding-projects/workout-app/frontend/node_modules/jest-circus/build/legacy-code-todo-rewrite/jestAdapterInit.js:170:21)
          at jestAdapter (/home/cmlsrandolph/Documents/coding-projects/workout-app/frontend/node_modules/jest-circus/build/legacy-code-todo-rewrite/jestAdapter.js:82:19)
          at runTestInternal (/home/cmlsrandolph/Documents/coding-projects/workout-app/frontend/node_modules/jest-runner/build/runTest.js:389:16)
          at runTest (/home/cmlsrandolph/Documents/coding-projects/workout-app/frontend/node_modules/jest-runner/build/runTest.js:475:34)
          at Object.worker (/home/cmlsrandolph/Documents/coding-projects/workout-app/frontend/node_modules/jest-runner/build/testWorker.js:133:12) TypeError: Cannot read properties of undefined (reading 'state')
          at LoginPage (/home/cmlsrandolph/Documents/coding-projects/workout-app/frontend/src/components/pages/LoginPage.tsx:42:26)
          at renderWithHooks (/home/cmlsrandolph/Documents/coding-projects/workout-app/frontend/node_modules/react-dom/cjs/react-dom.development.js:15486:18)
          at mountIndeterminateComponent (/home/cmlsrandolph/Documents/coding-projects/workout-app/frontend/node_modules/react-dom/cjs/react-dom.development.js:20103:13)
          at beginWork (/home/cmlsrandolph/Documents/coding-projects/workout-app/frontend/node_modules/react-dom/cjs/react-dom.development.js:21626:16)
          at HTMLUnknownElement.callCallback (/home/cmlsrandolph/Documents/coding-projects/workout-app/frontend/node_modules/react-dom/cjs/react-dom.development.js:4164:14)
          at HTMLUnknownElement.callTheUserObjectsOperation (/home/cmlsrandolph/Documents/coding-projects/workout-app/frontend/node_modules/jsdom/lib/jsdom/living/generated/EventListener.js:26:30)
          at innerInvokeEventListeners (/home/cmlsrandolph/Documents/coding-projects/workout-app/frontend/node_modules/jsdom/lib/jsdom/living/events/EventTarget-impl.js:338:25)
          at invokeEventListeners (/home/cmlsrandolph/Documents/coding-projects/workout-app/frontend/node_modules/jsdom/lib/jsdom/living/events/EventTarget-impl.js:274:3)
          at HTMLUnknownElementImpl._dispatch (/home/cmlsrandolph/Documents/coding-projects/workout-app/frontend/node_modules/jsdom/lib/jsdom/living/events/EventTarget-impl.js:221:9)
          at HTMLUnknownElementImpl.dispatchEvent (/home/cmlsrandolph/Documents/coding-projects/workout-app/frontend/node_modules/jsdom/lib/jsdom/living/events/EventTarget-impl.js:94:17)
          at HTMLUnknownElement.dispatchEvent (/home/cmlsrandolph/Documents/coding-projects/workout-app/frontend/node_modules/jsdom/lib/jsdom/living/generated/EventTarget.js:231:34)
          at Object.invokeGuardedCallbackDev (/home/cmlsrandolph/Documents/coding-projects/workout-app/frontend/node_modules/react-dom/cjs/react-dom.development.js:4213:16)
          at invokeGuardedCallback (/home/cmlsrandolph/Documents/coding-projects/workout-app/frontend/node_modules/react-dom/cjs/react-dom.development.js:4277:31)
          at beginWork$1 (/home/cmlsrandolph/Documents/coding-projects/workout-app/frontend/node_modules/react-dom/cjs/react-dom.development.js:27490:7)
          at performUnitOfWork (/home/cmlsrandolph/Documents/coding-projects/workout-app/frontend/node_modules/react-dom/cjs/react-dom.development.js:26599:12)
          at workLoopSync (/home/cmlsrandolph/Documents/coding-projects/workout-app/frontend/node_modules/react-dom/cjs/react-dom.development.js:26505:5)
          at renderRootSync (/home/cmlsrandolph/Documents/coding-projects/workout-app/frontend/node_modules/react-dom/cjs/react-dom.development.js:26473:7)
          at performConcurrentWorkOnRoot (/home/cmlsrandolph/Documents/coding-projects/workout-app/frontend/node_modules/react-dom/cjs/react-dom.development.js:25777:74)
          at flushActQueue (/home/cmlsrandolph/Documents/coding-projects/workout-app/frontend/node_modules/react/cjs/react.development.js:2667:24)
          at act (/home/cmlsrandolph/Documents/coding-projects/workout-app/frontend/node_modules/react/cjs/react.development.js:2582:11)
          at /home/cmlsrandolph/Documents/coding-projects/workout-app/frontend/node_modules/@testing-library/react/dist/act-compat.js:47:25
          at renderRoot (/home/cmlsrandolph/Documents/coding-projects/workout-app/frontend/node_modules/@testing-library/react/dist/pure.js:180:26)
          at render (/home/cmlsrandolph/Documents/coding-projects/workout-app/frontend/node_modules/@testing-library/react/dist/pure.js:271:10)
          at renderLoginPage (/home/cmlsrandolph/Documents/coding-projects/workout-app/frontend/src/tests/components/LoginForm.test.tsx:37:14)
          at Object.<anonymous> (/home/cmlsrandolph/Documents/coding-projects/workout-app/frontend/src/tests/components/LoginForm.test.tsx:75:5)
          at Promise.then.completed (/home/cmlsrandolph/Documents/coding-projects/workout-app/frontend/node_modules/jest-circus/build/utils.js:391:28)
          at new Promise (<anonymous>)
          at callAsyncCircusFn (/home/cmlsrandolph/Documents/coding-projects/workout-app/frontend/node_modules/jest-circus/build/utils.js:316:10)
          at _callCircusTest (/home/cmlsrandolph/Documents/coding-projects/workout-app/frontend/node_modules/jest-circus/build/run.js:218:40)
          at processTicksAndRejections (node:internal/process/task_queues:95:5)
          at _runTest (/home/cmlsrandolph/Documents/coding-projects/workout-app/frontend/node_modules/jest-circus/build/run.js:155:3)
          at _runTestsForDescribeBlock (/home/cmlsrandolph/Documents/coding-projects/workout-app/frontend/node_modules/jest-circus/build/run.js:66:9)
          at _runTestsForDescribeBlock (/home/cmlsrandolph/Documents/coding-projects/workout-app/frontend/node_modules/jest-circus/build/run.js:60:9)
          at run (/home/cmlsrandolph/Documents/coding-projects/workout-app/frontend/node_modules/jest-circus/build/run.js:25:3)
          at runAndTransformResultsToJestFormat (/home/cmlsrandolph/Documents/coding-projects/workout-app/frontend/node_modules/jest-circus/build/legacy-code-todo-rewrite/jestAdapterInit.js:170:21)
          at jestAdapter (/home/cmlsrandolph/Documents/coding-projects/workout-app/frontend/node_modules/jest-circus/build/legacy-code-todo-rewrite/jestAdapter.js:82:19)
          at runTestInternal (/home/cmlsrandolph/Documents/coding-projects/workout-app/frontend/node_modules/jest-runner/build/runTest.js:389:16)
          at runTest (/home/cmlsrandolph/Documents/coding-projects/workout-app/frontend/node_modules/jest-runner/build/runTest.js:475:34)
          at Object.worker (/home/cmlsrandolph/Documents/coding-projects/workout-app/frontend/node_modules/jest-runner/build/testWorker.js:133:12)

      35 |
      36 |   return {
    > 37 |     ...render(
         |              ^
      38 |       <Provider store={store}>
      39 |         <LoginPage />
      40 |       </Provider>

      at VirtualConsole.<anonymous> (node_modules/jsdom/lib/jsdom/virtual-console.js:29:45)
      at reportException (node_modules/jsdom/lib/jsdom/living/helpers/runtime-script-errors.js:70:28)
      at innerInvokeEventListeners (node_modules/jsdom/lib/jsdom/living/events/EventTarget-impl.js:341:9)
      at invokeEventListeners (node_modules/jsdom/lib/jsdom/living/events/EventTarget-impl.js:274:3)
      at HTMLUnknownElementImpl._dispatch (node_modules/jsdom/lib/jsdom/living/events/EventTarget-impl.js:221:9)
      at HTMLUnknownElementImpl.dispatchEvent (node_modules/jsdom/lib/jsdom/living/events/EventTarget-impl.js:94:17)
      at HTMLUnknownElement.dispatchEvent (node_modules/jsdom/lib/jsdom/living/generated/EventTarget.js:231:34)
      at Object.invokeGuardedCallbackDev (node_modules/react-dom/cjs/react-dom.development.js:4213:16)
      at invokeGuardedCallback (node_modules/react-dom/cjs/react-dom.development.js:4277:31)
      at beginWork$1 (node_modules/react-dom/cjs/react-dom.development.js:27490:7)
      at performUnitOfWork (node_modules/react-dom/cjs/react-dom.development.js:26599:12)
      at workLoopSync (node_modules/react-dom/cjs/react-dom.development.js:26505:5)
      at renderRootSync (node_modules/react-dom/cjs/react-dom.development.js:26473:7)
      at performConcurrentWorkOnRoot (node_modules/react-dom/cjs/react-dom.development.js:25777:74)
      at flushActQueue (node_modules/react/cjs/react.development.js:2667:24)
      at act (node_modules/react/cjs/react.development.js:2582:11)
      at node_modules/@testing-library/react/dist/act-compat.js:47:25
      at renderRoot (node_modules/@testing-library/react/dist/pure.js:180:26)
      at render (node_modules/@testing-library/react/dist/pure.js:271:10)
      at renderLoginPage (src/tests/components/LoginForm.test.tsx:37:14)
      at Object.<anonymous> (src/tests/components/LoginForm.test.tsx:75:5)

    console.error
      Error: Uncaught [TypeError: Cannot read properties of undefined (reading 'state')]
          at reportException (/home/cmlsrandolph/Documents/coding-projects/workout-app/frontend/node_modules/jsdom/lib/jsdom/living/helpers/runtime-script-errors.js:66:24)
          at innerInvokeEventListeners (/home/cmlsrandolph/Documents/coding-projects/workout-app/frontend/node_modules/jsdom/lib/jsdom/living/events/EventTarget-impl.js:341:9)
          at invokeEventListeners (/home/cmlsrandolph/Documents/coding-projects/workout-app/frontend/node_modules/jsdom/lib/jsdom/living/events/EventTarget-impl.js:274:3)
          at HTMLUnknownElementImpl._dispatch (/home/cmlsrandolph/Documents/coding-projects/workout-app/frontend/node_modules/jsdom/lib/jsdom/living/events/EventTarget-impl.js:221:9)
          at HTMLUnknownElementImpl.dispatchEvent (/home/cmlsrandolph/Documents/coding-projects/workout-app/frontend/node_modules/jsdom/lib/jsdom/living/events/EventTarget-impl.js:94:17)
          at HTMLUnknownElement.dispatchEvent (/home/cmlsrandolph/Documents/coding-projects/workout-app/frontend/node_modules/jsdom/lib/jsdom/living/generated/EventTarget.js:231:34)
          at Object.invokeGuardedCallbackDev (/home/cmlsrandolph/Documents/coding-projects/workout-app/frontend/node_modules/react-dom/cjs/react-dom.development.js:4213:16)
          at invokeGuardedCallback (/home/cmlsrandolph/Documents/coding-projects/workout-app/frontend/node_modules/react-dom/cjs/react-dom.development.js:4277:31)
          at beginWork$1 (/home/cmlsrandolph/Documents/coding-projects/workout-app/frontend/node_modules/react-dom/cjs/react-dom.development.js:27490:7)
          at performUnitOfWork (/home/cmlsrandolph/Documents/coding-projects/workout-app/frontend/node_modules/react-dom/cjs/react-dom.development.js:26599:12)
          at workLoopSync (/home/cmlsrandolph/Documents/coding-projects/workout-app/frontend/node_modules/react-dom/cjs/react-dom.development.js:26505:5)
          at renderRootSync (/home/cmlsrandolph/Documents/coding-projects/workout-app/frontend/node_modules/react-dom/cjs/react-dom.development.js:26473:7)
          at recoverFromConcurrentError (/home/cmlsrandolph/Documents/coding-projects/workout-app/frontend/node_modules/react-dom/cjs/react-dom.development.js:25889:20)
          at performConcurrentWorkOnRoot (/home/cmlsrandolph/Documents/coding-projects/workout-app/frontend/node_modules/react-dom/cjs/react-dom.development.js:25789:22)
          at flushActQueue (/home/cmlsrandolph/Documents/coding-projects/workout-app/frontend/node_modules/react/cjs/react.development.js:2667:24)
          at act (/home/cmlsrandolph/Documents/coding-projects/workout-app/frontend/node_modules/react/cjs/react.development.js:2582:11)
          at /home/cmlsrandolph/Documents/coding-projects/workout-app/frontend/node_modules/@testing-library/react/dist/act-compat.js:47:25
          at renderRoot (/home/cmlsrandolph/Documents/coding-projects/workout-app/frontend/node_modules/@testing-library/react/dist/pure.js:180:26)
          at render (/home/cmlsrandolph/Documents/coding-projects/workout-app/frontend/node_modules/@testing-library/react/dist/pure.js:271:10)
          at renderLoginPage (/home/cmlsrandolph/Documents/coding-projects/workout-app/frontend/src/tests/components/LoginForm.test.tsx:37:14)
          at Object.<anonymous> (/home/cmlsrandolph/Documents/coding-projects/workout-app/frontend/src/tests/components/LoginForm.test.tsx:75:5)
          at Promise.then.completed (/home/cmlsrandolph/Documents/coding-projects/workout-app/frontend/node_modules/jest-circus/build/utils.js:391:28)
          at new Promise (<anonymous>)
          at callAsyncCircusFn (/home/cmlsrandolph/Documents/coding-projects/workout-app/frontend/node_modules/jest-circus/build/utils.js:316:10)
          at _callCircusTest (/home/cmlsrandolph/Documents/coding-projects/workout-app/frontend/node_modules/jest-circus/build/run.js:218:40)
          at processTicksAndRejections (node:internal/process/task_queues:95:5)
          at _runTest (/home/cmlsrandolph/Documents/coding-projects/workout-app/frontend/node_modules/jest-circus/build/run.js:155:3)
          at _runTestsForDescribeBlock (/home/cmlsrandolph/Documents/coding-projects/workout-app/frontend/node_modules/jest-circus/build/run.js:66:9)
          at _runTestsForDescribeBlock (/home/cmlsrandolph/Documents/coding-projects/workout-app/frontend/node_modules/jest-circus/build/run.js:60:9)
          at run (/home/cmlsrandolph/Documents/coding-projects/workout-app/frontend/node_modules/jest-circus/build/run.js:25:3)
          at runAndTransformResultsToJestFormat (/home/cmlsrandolph/Documents/coding-projects/workout-app/frontend/node_modules/jest-circus/build/legacy-code-todo-rewrite/jestAdapterInit.js:170:21)
          at jestAdapter (/home/cmlsrandolph/Documents/coding-projects/workout-app/frontend/node_modules/jest-circus/build/legacy-code-todo-rewrite/jestAdapter.js:82:19)
          at runTestInternal (/home/cmlsrandolph/Documents/coding-projects/workout-app/frontend/node_modules/jest-runner/build/runTest.js:389:16)
          at runTest (/home/cmlsrandolph/Documents/coding-projects/workout-app/frontend/node_modules/jest-runner/build/runTest.js:475:34)
          at Object.worker (/home/cmlsrandolph/Documents/coding-projects/workout-app/frontend/node_modules/jest-runner/build/testWorker.js:133:12) TypeError: Cannot read properties of undefined (reading 'state')
          at LoginPage (/home/cmlsrandolph/Documents/coding-projects/workout-app/frontend/src/components/pages/LoginPage.tsx:42:26)
          at renderWithHooks (/home/cmlsrandolph/Documents/coding-projects/workout-app/frontend/node_modules/react-dom/cjs/react-dom.development.js:15486:18)
          at mountIndeterminateComponent (/home/cmlsrandolph/Documents/coding-projects/workout-app/frontend/node_modules/react-dom/cjs/react-dom.development.js:20103:13)
          at beginWork (/home/cmlsrandolph/Documents/coding-projects/workout-app/frontend/node_modules/react-dom/cjs/react-dom.development.js:21626:16)
          at HTMLUnknownElement.callCallback (/home/cmlsrandolph/Documents/coding-projects/workout-app/frontend/node_modules/react-dom/cjs/react-dom.development.js:4164:14)
          at HTMLUnknownElement.callTheUserObjectsOperation (/home/cmlsrandolph/Documents/coding-projects/workout-app/frontend/node_modules/jsdom/lib/jsdom/living/generated/EventListener.js:26:30)
          at innerInvokeEventListeners (/home/cmlsrandolph/Documents/coding-projects/workout-app/frontend/node_modules/jsdom/lib/jsdom/living/events/EventTarget-impl.js:338:25)
          at invokeEventListeners (/home/cmlsrandolph/Documents/coding-projects/workout-app/frontend/node_modules/jsdom/lib/jsdom/living/events/EventTarget-impl.js:274:3)
          at HTMLUnknownElementImpl._dispatch (/home/cmlsrandolph/Documents/coding-projects/workout-app/frontend/node_modules/jsdom/lib/jsdom/living/events/EventTarget-impl.js:221:9)
          at HTMLUnknownElementImpl.dispatchEvent (/home/cmlsrandolph/Documents/coding-projects/workout-app/frontend/node_modules/jsdom/lib/jsdom/living/events/EventTarget-impl.js:94:17)
          at HTMLUnknownElement.dispatchEvent (/home/cmlsrandolph/Documents/coding-projects/workout-app/frontend/node_modules/jsdom/lib/jsdom/living/generated/EventTarget.js:231:34)
          at Object.invokeGuardedCallbackDev (/home/cmlsrandolph/Documents/coding-projects/workout-app/frontend/node_modules/react-dom/cjs/react-dom.development.js:4213:16)
          at invokeGuardedCallback (/home/cmlsrandolph/Documents/coding-projects/workout-app/frontend/node_modules/react-dom/cjs/react-dom.development.js:4277:31)
          at beginWork$1 (/home/cmlsrandolph/Documents/coding-projects/workout-app/frontend/node_modules/react-dom/cjs/react-dom.development.js:27490:7)
          at performUnitOfWork (/home/cmlsrandolph/Documents/coding-projects/workout-app/frontend/node_modules/react-dom/cjs/react-dom.development.js:26599:12)
          at workLoopSync (/home/cmlsrandolph/Documents/coding-projects/workout-app/frontend/node_modules/react-dom/cjs/react-dom.development.js:26505:5)
          at renderRootSync (/home/cmlsrandolph/Documents/coding-projects/workout-app/frontend/node_modules/react-dom/cjs/react-dom.development.js:26473:7)
          at recoverFromConcurrentError (/home/cmlsrandolph/Documents/coding-projects/workout-app/frontend/node_modules/react-dom/cjs/react-dom.development.js:25889:20)
          at performConcurrentWorkOnRoot (/home/cmlsrandolph/Documents/coding-projects/workout-app/frontend/node_modules/react-dom/cjs/react-dom.development.js:25789:22)
          at flushActQueue (/home/cmlsrandolph/Documents/coding-projects/workout-app/frontend/node_modules/react/cjs/react.development.js:2667:24)
          at act (/home/cmlsrandolph/Documents/coding-projects/workout-app/frontend/node_modules/react/cjs/react.development.js:2582:11)
          at /home/cmlsrandolph/Documents/coding-projects/workout-app/frontend/node_modules/@testing-library/react/dist/act-compat.js:47:25
          at renderRoot (/home/cmlsrandolph/Documents/coding-projects/workout-app/frontend/node_modules/@testing-library/react/dist/pure.js:180:26)
          at render (/home/cmlsrandolph/Documents/coding-projects/workout-app/frontend/node_modules/@testing-library/react/dist/pure.js:271:10)
          at renderLoginPage (/home/cmlsrandolph/Documents/coding-projects/workout-app/frontend/src/tests/components/LoginForm.test.tsx:37:14)
          at Object.<anonymous> (/home/cmlsrandolph/Documents/coding-projects/workout-app/frontend/src/tests/components/LoginForm.test.tsx:75:5)
          at Promise.then.completed (/home/cmlsrandolph/Documents/coding-projects/workout-app/frontend/node_modules/jest-circus/build/utils.js:391:28)
          at new Promise (<anonymous>)
          at callAsyncCircusFn (/home/cmlsrandolph/Documents/coding-projects/workout-app/frontend/node_modules/jest-circus/build/utils.js:316:10)
          at _callCircusTest (/home/cmlsrandolph/Documents/coding-projects/workout-app/frontend/node_modules/jest-circus/build/run.js:218:40)
          at processTicksAndRejections (node:internal/process/task_queues:95:5)
          at _runTest (/home/cmlsrandolph/Documents/coding-projects/workout-app/frontend/node_modules/jest-circus/build/run.js:155:3)
          at _runTestsForDescribeBlock (/home/cmlsrandolph/Documents/coding-projects/workout-app/frontend/node_modules/jest-circus/build/run.js:66:9)
          at _runTestsForDescribeBlock (/home/cmlsrandolph/Documents/coding-projects/workout-app/frontend/node_modules/jest-circus/build/run.js:60:9)
          at run (/home/cmlsrandolph/Documents/coding-projects/workout-app/frontend/node_modules/jest-circus/build/run.js:25:3)
          at runAndTransformResultsToJestFormat (/home/cmlsrandolph/Documents/coding-projects/workout-app/frontend/node_modules/jest-circus/build/legacy-code-todo-rewrite/jestAdapterInit.js:170:21)
          at jestAdapter (/home/cmlsrandolph/Documents/coding-projects/workout-app/frontend/node_modules/jest-circus/build/legacy-code-todo-rewrite/jestAdapter.js:82:19)
          at runTestInternal (/home/cmlsrandolph/Documents/coding-projects/workout-app/frontend/node_modules/jest-runner/build/runTest.js:389:16)
          at runTest (/home/cmlsrandolph/Documents/coding-projects/workout-app/frontend/node_modules/jest-runner/build/runTest.js:475:34)
          at Object.worker (/home/cmlsrandolph/Documents/coding-projects/workout-app/frontend/node_modules/jest-runner/build/testWorker.js:133:12)

      35 |
      36 |   return {
    > 37 |     ...render(
         |              ^
      38 |       <Provider store={store}>
      39 |         <LoginPage />
      40 |       </Provider>

      at VirtualConsole.<anonymous> (node_modules/jsdom/lib/jsdom/virtual-console.js:29:45)
      at reportException (node_modules/jsdom/lib/jsdom/living/helpers/runtime-script-errors.js:70:28)
      at innerInvokeEventListeners (node_modules/jsdom/lib/jsdom/living/events/EventTarget-impl.js:341:9)
      at invokeEventListeners (node_modules/jsdom/lib/jsdom/living/events/EventTarget-impl.js:274:3)
      at HTMLUnknownElementImpl._dispatch (node_modules/jsdom/lib/jsdom/living/events/EventTarget-impl.js:221:9)
      at HTMLUnknownElementImpl.dispatchEvent (node_modules/jsdom/lib/jsdom/living/events/EventTarget-impl.js:94:17)
      at HTMLUnknownElement.dispatchEvent (node_modules/jsdom/lib/jsdom/living/generated/EventTarget.js:231:34)
      at Object.invokeGuardedCallbackDev (node_modules/react-dom/cjs/react-dom.development.js:4213:16)
      at invokeGuardedCallback (node_modules/react-dom/cjs/react-dom.development.js:4277:31)
      at beginWork$1 (node_modules/react-dom/cjs/react-dom.development.js:27490:7)
      at performUnitOfWork (node_modules/react-dom/cjs/react-dom.development.js:26599:12)
      at workLoopSync (node_modules/react-dom/cjs/react-dom.development.js:26505:5)
      at renderRootSync (node_modules/react-dom/cjs/react-dom.development.js:26473:7)
      at recoverFromConcurrentError (node_modules/react-dom/cjs/react-dom.development.js:25889:20)
      at performConcurrentWorkOnRoot (node_modules/react-dom/cjs/react-dom.development.js:25789:22)
      at flushActQueue (node_modules/react/cjs/react.development.js:2667:24)
      at act (node_modules/react/cjs/react.development.js:2582:11)
      at node_modules/@testing-library/react/dist/act-compat.js:47:25
      at renderRoot (node_modules/@testing-library/react/dist/pure.js:180:26)
      at render (node_modules/@testing-library/react/dist/pure.js:271:10)
      at renderLoginPage (src/tests/components/LoginForm.test.tsx:37:14)
      at Object.<anonymous> (src/tests/components/LoginForm.test.tsx:75:5)

    console.error
      The above error occurred in the <LoginPage> component:
      
          at LoginPage (/home/cmlsrandolph/Documents/coding-projects/workout-app/frontend/src/components/pages/LoginPage.tsx:26:37)
          at Provider (/home/cmlsrandolph/Documents/coding-projects/workout-app/frontend/node_modules/react-redux/lib/components/Provider.js:19:3)
      
      Consider adding an error boundary to your tree to customize error handling behavior.
      Visit https://reactjs.org/link/error-boundaries to learn more about error boundaries.

      35 |
      36 |   return {
    > 37 |     ...render(
         |              ^
      38 |       <Provider store={store}>
      39 |         <LoginPage />
      40 |       </Provider>

      at logCapturedError (node_modules/react-dom/cjs/react-dom.development.js:18704:23)
      at update.callback (node_modules/react-dom/cjs/react-dom.development.js:18737:5)
      at callCallback (node_modules/react-dom/cjs/react-dom.development.js:15036:12)
      at commitUpdateQueue (node_modules/react-dom/cjs/react-dom.development.js:15057:9)
      at commitLayoutEffectOnFiber (node_modules/react-dom/cjs/react-dom.development.js:23430:13)
      at commitLayoutMountEffects_complete (node_modules/react-dom/cjs/react-dom.development.js:24727:9)
      at commitLayoutEffects_begin (node_modules/react-dom/cjs/react-dom.development.js:24713:7)
      at commitLayoutEffects (node_modules/react-dom/cjs/react-dom.development.js:24651:3)
      at commitRootImpl (node_modules/react-dom/cjs/react-dom.development.js:26862:5)
      at commitRoot (node_modules/react-dom/cjs/react-dom.development.js:26721:5)
      at finishConcurrentRender (node_modules/react-dom/cjs/react-dom.development.js:25931:9)
      at performConcurrentWorkOnRoot (node_modules/react-dom/cjs/react-dom.development.js:25848:7)
      at flushActQueue (node_modules/react/cjs/react.development.js:2667:24)
      at act (node_modules/react/cjs/react.development.js:2582:11)
      at node_modules/@testing-library/react/dist/act-compat.js:47:25
      at renderRoot (node_modules/@testing-library/react/dist/pure.js:180:26)
      at render (node_modules/@testing-library/react/dist/pure.js:271:10)
      at renderLoginPage (src/tests/components/LoginForm.test.tsx:37:14)
      at Object.<anonymous> (src/tests/components/LoginForm.test.tsx:75:5)

    console.error
      Error: Uncaught [TypeError: Cannot read properties of undefined (reading 'state')]
          at reportException (/home/cmlsrandolph/Documents/coding-projects/workout-app/frontend/node_modules/jsdom/lib/jsdom/living/helpers/runtime-script-errors.js:66:24)
          at innerInvokeEventListeners (/home/cmlsrandolph/Documents/coding-projects/workout-app/frontend/node_modules/jsdom/lib/jsdom/living/events/EventTarget-impl.js:341:9)
          at invokeEventListeners (/home/cmlsrandolph/Documents/coding-projects/workout-app/frontend/node_modules/jsdom/lib/jsdom/living/events/EventTarget-impl.js:274:3)
          at HTMLUnknownElementImpl._dispatch (/home/cmlsrandolph/Documents/coding-projects/workout-app/frontend/node_modules/jsdom/lib/jsdom/living/events/EventTarget-impl.js:221:9)
          at HTMLUnknownElementImpl.dispatchEvent (/home/cmlsrandolph/Documents/coding-projects/workout-app/frontend/node_modules/jsdom/lib/jsdom/living/events/EventTarget-impl.js:94:17)
          at HTMLUnknownElement.dispatchEvent (/home/cmlsrandolph/Documents/coding-projects/workout-app/frontend/node_modules/jsdom/lib/jsdom/living/generated/EventTarget.js:231:34)
          at Object.invokeGuardedCallbackDev (/home/cmlsrandolph/Documents/coding-projects/workout-app/frontend/node_modules/react-dom/cjs/react-dom.development.js:4213:16)
          at invokeGuardedCallback (/home/cmlsrandolph/Documents/coding-projects/workout-app/frontend/node_modules/react-dom/cjs/react-dom.development.js:4277:31)
          at beginWork$1 (/home/cmlsrandolph/Documents/coding-projects/workout-app/frontend/node_modules/react-dom/cjs/react-dom.development.js:27490:7)
          at performUnitOfWork (/home/cmlsrandolph/Documents/coding-projects/workout-app/frontend/node_modules/react-dom/cjs/react-dom.development.js:26599:12)
          at workLoopSync (/home/cmlsrandolph/Documents/coding-projects/workout-app/frontend/node_modules/react-dom/cjs/react-dom.development.js:26505:5)
          at renderRootSync (/home/cmlsrandolph/Documents/coding-projects/workout-app/frontend/node_modules/react-dom/cjs/react-dom.development.js:26473:7)
          at performConcurrentWorkOnRoot (/home/cmlsrandolph/Documents/coding-projects/workout-app/frontend/node_modules/react-dom/cjs/react-dom.development.js:25777:74)
          at flushActQueue (/home/cmlsrandolph/Documents/coding-projects/workout-app/frontend/node_modules/react/cjs/react.development.js:2667:24)
          at act (/home/cmlsrandolph/Documents/coding-projects/workout-app/frontend/node_modules/react/cjs/react.development.js:2582:11)
          at /home/cmlsrandolph/Documents/coding-projects/workout-app/frontend/node_modules/@testing-library/react/dist/act-compat.js:47:25
          at renderRoot (/home/cmlsrandolph/Documents/coding-projects/workout-app/frontend/node_modules/@testing-library/react/dist/pure.js:180:26)
          at render (/home/cmlsrandolph/Documents/coding-projects/workout-app/frontend/node_modules/@testing-library/react/dist/pure.js:271:10)
          at renderLoginPage (/home/cmlsrandolph/Documents/coding-projects/workout-app/frontend/src/tests/components/LoginForm.test.tsx:37:14)
          at Object.<anonymous> (/home/cmlsrandolph/Documents/coding-projects/workout-app/frontend/src/tests/components/LoginForm.test.tsx:89:5)
          at Promise.then.completed (/home/cmlsrandolph/Documents/coding-projects/workout-app/frontend/node_modules/jest-circus/build/utils.js:391:28)
          at new Promise (<anonymous>)
          at callAsyncCircusFn (/home/cmlsrandolph/Documents/coding-projects/workout-app/frontend/node_modules/jest-circus/build/utils.js:316:10)
          at _callCircusTest (/home/cmlsrandolph/Documents/coding-projects/workout-app/frontend/node_modules/jest-circus/build/run.js:218:40)
          at processTicksAndRejections (node:internal/process/task_queues:95:5)
          at _runTest (/home/cmlsrandolph/Documents/coding-projects/workout-app/frontend/node_modules/jest-circus/build/run.js:155:3)
          at _runTestsForDescribeBlock (/home/cmlsrandolph/Documents/coding-projects/workout-app/frontend/node_modules/jest-circus/build/run.js:66:9)
          at _runTestsForDescribeBlock (/home/cmlsrandolph/Documents/coding-projects/workout-app/frontend/node_modules/jest-circus/build/run.js:60:9)
          at run (/home/cmlsrandolph/Documents/coding-projects/workout-app/frontend/node_modules/jest-circus/build/run.js:25:3)
          at runAndTransformResultsToJestFormat (/home/cmlsrandolph/Documents/coding-projects/workout-app/frontend/node_modules/jest-circus/build/legacy-code-todo-rewrite/jestAdapterInit.js:170:21)
          at jestAdapter (/home/cmlsrandolph/Documents/coding-projects/workout-app/frontend/node_modules/jest-circus/build/legacy-code-todo-rewrite/jestAdapter.js:82:19)
          at runTestInternal (/home/cmlsrandolph/Documents/coding-projects/workout-app/frontend/node_modules/jest-runner/build/runTest.js:389:16)
          at runTest (/home/cmlsrandolph/Documents/coding-projects/workout-app/frontend/node_modules/jest-runner/build/runTest.js:475:34)
          at Object.worker (/home/cmlsrandolph/Documents/coding-projects/workout-app/frontend/node_modules/jest-runner/build/testWorker.js:133:12) TypeError: Cannot read properties of undefined (reading 'state')
          at LoginPage (/home/cmlsrandolph/Documents/coding-projects/workout-app/frontend/src/components/pages/LoginPage.tsx:42:26)
          at renderWithHooks (/home/cmlsrandolph/Documents/coding-projects/workout-app/frontend/node_modules/react-dom/cjs/react-dom.development.js:15486:18)
          at mountIndeterminateComponent (/home/cmlsrandolph/Documents/coding-projects/workout-app/frontend/node_modules/react-dom/cjs/react-dom.development.js:20103:13)
          at beginWork (/home/cmlsrandolph/Documents/coding-projects/workout-app/frontend/node_modules/react-dom/cjs/react-dom.development.js:21626:16)
          at HTMLUnknownElement.callCallback (/home/cmlsrandolph/Documents/coding-projects/workout-app/frontend/node_modules/react-dom/cjs/react-dom.development.js:4164:14)
          at HTMLUnknownElement.callTheUserObjectsOperation (/home/cmlsrandolph/Documents/coding-projects/workout-app/frontend/node_modules/jsdom/lib/jsdom/living/generated/EventListener.js:26:30)
          at innerInvokeEventListeners (/home/cmlsrandolph/Documents/coding-projects/workout-app/frontend/node_modules/jsdom/lib/jsdom/living/events/EventTarget-impl.js:338:25)
          at invokeEventListeners (/home/cmlsrandolph/Documents/coding-projects/workout-app/frontend/node_modules/jsdom/lib/jsdom/living/events/EventTarget-impl.js:274:3)
          at HTMLUnknownElementImpl._dispatch (/home/cmlsrandolph/Documents/coding-projects/workout-app/frontend/node_modules/jsdom/lib/jsdom/living/events/EventTarget-impl.js:221:9)
          at HTMLUnknownElementImpl.dispatchEvent (/home/cmlsrandolph/Documents/coding-projects/workout-app/frontend/node_modules/jsdom/lib/jsdom/living/events/EventTarget-impl.js:94:17)
          at HTMLUnknownElement.dispatchEvent (/home/cmlsrandolph/Documents/coding-projects/workout-app/frontend/node_modules/jsdom/lib/jsdom/living/generated/EventTarget.js:231:34)
          at Object.invokeGuardedCallbackDev (/home/cmlsrandolph/Documents/coding-projects/workout-app/frontend/node_modules/react-dom/cjs/react-dom.development.js:4213:16)
          at invokeGuardedCallback (/home/cmlsrandolph/Documents/coding-projects/workout-app/frontend/node_modules/react-dom/cjs/react-dom.development.js:4277:31)
          at beginWork$1 (/home/cmlsrandolph/Documents/coding-projects/workout-app/frontend/node_modules/react-dom/cjs/react-dom.development.js:27490:7)
          at performUnitOfWork (/home/cmlsrandolph/Documents/coding-projects/workout-app/frontend/node_modules/react-dom/cjs/react-dom.development.js:26599:12)
          at workLoopSync (/home/cmlsrandolph/Documents/coding-projects/workout-app/frontend/node_modules/react-dom/cjs/react-dom.development.js:26505:5)
          at renderRootSync (/home/cmlsrandolph/Documents/coding-projects/workout-app/frontend/node_modules/react-dom/cjs/react-dom.development.js:26473:7)
          at performConcurrentWorkOnRoot (/home/cmlsrandolph/Documents/coding-projects/workout-app/frontend/node_modules/react-dom/cjs/react-dom.development.js:25777:74)
          at flushActQueue (/home/cmlsrandolph/Documents/coding-projects/workout-app/frontend/node_modules/react/cjs/react.development.js:2667:24)
          at act (/home/cmlsrandolph/Documents/coding-projects/workout-app/frontend/node_modules/react/cjs/react.development.js:2582:11)
          at /home/cmlsrandolph/Documents/coding-projects/workout-app/frontend/node_modules/@testing-library/react/dist/act-compat.js:47:25
          at renderRoot (/home/cmlsrandolph/Documents/coding-projects/workout-app/frontend/node_modules/@testing-library/react/dist/pure.js:180:26)
          at render (/home/cmlsrandolph/Documents/coding-projects/workout-app/frontend/node_modules/@testing-library/react/dist/pure.js:271:10)
          at renderLoginPage (/home/cmlsrandolph/Documents/coding-projects/workout-app/frontend/src/tests/components/LoginForm.test.tsx:37:14)
          at Object.<anonymous> (/home/cmlsrandolph/Documents/coding-projects/workout-app/frontend/src/tests/components/LoginForm.test.tsx:89:5)
          at Promise.then.completed (/home/cmlsrandolph/Documents/coding-projects/workout-app/frontend/node_modules/jest-circus/build/utils.js:391:28)
          at new Promise (<anonymous>)
          at callAsyncCircusFn (/home/cmlsrandolph/Documents/coding-projects/workout-app/frontend/node_modules/jest-circus/build/utils.js:316:10)
          at _callCircusTest (/home/cmlsrandolph/Documents/coding-projects/workout-app/frontend/node_modules/jest-circus/build/run.js:218:40)
          at processTicksAndRejections (node:internal/process/task_queues:95:5)
          at _runTest (/home/cmlsrandolph/Documents/coding-projects/workout-app/frontend/node_modules/jest-circus/build/run.js:155:3)
          at _runTestsForDescribeBlock (/home/cmlsrandolph/Documents/coding-projects/workout-app/frontend/node_modules/jest-circus/build/run.js:66:9)
          at _runTestsForDescribeBlock (/home/cmlsrandolph/Documents/coding-projects/workout-app/frontend/node_modules/jest-circus/build/run.js:60:9)
          at run (/home/cmlsrandolph/Documents/coding-projects/workout-app/frontend/node_modules/jest-circus/build/run.js:25:3)
          at runAndTransformResultsToJestFormat (/home/cmlsrandolph/Documents/coding-projects/workout-app/frontend/node_modules/jest-circus/build/legacy-code-todo-rewrite/jestAdapterInit.js:170:21)
          at jestAdapter (/home/cmlsrandolph/Documents/coding-projects/workout-app/frontend/node_modules/jest-circus/build/legacy-code-todo-rewrite/jestAdapter.js:82:19)
          at runTestInternal (/home/cmlsrandolph/Documents/coding-projects/workout-app/frontend/node_modules/jest-runner/build/runTest.js:389:16)
          at runTest (/home/cmlsrandolph/Documents/coding-projects/workout-app/frontend/node_modules/jest-runner/build/runTest.js:475:34)
          at Object.worker (/home/cmlsrandolph/Documents/coding-projects/workout-app/frontend/node_modules/jest-runner/build/testWorker.js:133:12)

      35 |
      36 |   return {
    > 37 |     ...render(
         |              ^
      38 |       <Provider store={store}>
      39 |         <LoginPage />
      40 |       </Provider>

      at VirtualConsole.<anonymous> (node_modules/jsdom/lib/jsdom/virtual-console.js:29:45)
      at reportException (node_modules/jsdom/lib/jsdom/living/helpers/runtime-script-errors.js:70:28)
      at innerInvokeEventListeners (node_modules/jsdom/lib/jsdom/living/events/EventTarget-impl.js:341:9)
      at invokeEventListeners (node_modules/jsdom/lib/jsdom/living/events/EventTarget-impl.js:274:3)
      at HTMLUnknownElementImpl._dispatch (node_modules/jsdom/lib/jsdom/living/events/EventTarget-impl.js:221:9)
      at HTMLUnknownElementImpl.dispatchEvent (node_modules/jsdom/lib/jsdom/living/events/EventTarget-impl.js:94:17)
      at HTMLUnknownElement.dispatchEvent (node_modules/jsdom/lib/jsdom/living/generated/EventTarget.js:231:34)
      at Object.invokeGuardedCallbackDev (node_modules/react-dom/cjs/react-dom.development.js:4213:16)
      at invokeGuardedCallback (node_modules/react-dom/cjs/react-dom.development.js:4277:31)
      at beginWork$1 (node_modules/react-dom/cjs/react-dom.development.js:27490:7)
      at performUnitOfWork (node_modules/react-dom/cjs/react-dom.development.js:26599:12)
      at workLoopSync (node_modules/react-dom/cjs/react-dom.development.js:26505:5)
      at renderRootSync (node_modules/react-dom/cjs/react-dom.development.js:26473:7)
      at performConcurrentWorkOnRoot (node_modules/react-dom/cjs/react-dom.development.js:25777:74)
      at flushActQueue (node_modules/react/cjs/react.development.js:2667:24)
      at act (node_modules/react/cjs/react.development.js:2582:11)
      at node_modules/@testing-library/react/dist/act-compat.js:47:25
      at renderRoot (node_modules/@testing-library/react/dist/pure.js:180:26)
      at render (node_modules/@testing-library/react/dist/pure.js:271:10)
      at renderLoginPage (src/tests/components/LoginForm.test.tsx:37:14)
      at Object.<anonymous> (src/tests/components/LoginForm.test.tsx:89:5)

    console.error
      Error: Uncaught [TypeError: Cannot read properties of undefined (reading 'state')]
          at reportException (/home/cmlsrandolph/Documents/coding-projects/workout-app/frontend/node_modules/jsdom/lib/jsdom/living/helpers/runtime-script-errors.js:66:24)
          at innerInvokeEventListeners (/home/cmlsrandolph/Documents/coding-projects/workout-app/frontend/node_modules/jsdom/lib/jsdom/living/events/EventTarget-impl.js:341:9)
          at invokeEventListeners (/home/cmlsrandolph/Documents/coding-projects/workout-app/frontend/node_modules/jsdom/lib/jsdom/living/events/EventTarget-impl.js:274:3)
          at HTMLUnknownElementImpl._dispatch (/home/cmlsrandolph/Documents/coding-projects/workout-app/frontend/node_modules/jsdom/lib/jsdom/living/events/EventTarget-impl.js:221:9)
          at HTMLUnknownElementImpl.dispatchEvent (/home/cmlsrandolph/Documents/coding-projects/workout-app/frontend/node_modules/jsdom/lib/jsdom/living/events/EventTarget-impl.js:94:17)
          at HTMLUnknownElement.dispatchEvent (/home/cmlsrandolph/Documents/coding-projects/workout-app/frontend/node_modules/jsdom/lib/jsdom/living/generated/EventTarget.js:231:34)
          at Object.invokeGuardedCallbackDev (/home/cmlsrandolph/Documents/coding-projects/workout-app/frontend/node_modules/react-dom/cjs/react-dom.development.js:4213:16)
          at invokeGuardedCallback (/home/cmlsrandolph/Documents/coding-projects/workout-app/frontend/node_modules/react-dom/cjs/react-dom.development.js:4277:31)
          at beginWork$1 (/home/cmlsrandolph/Documents/coding-projects/workout-app/frontend/node_modules/react-dom/cjs/react-dom.development.js:27490:7)
          at performUnitOfWork (/home/cmlsrandolph/Documents/coding-projects/workout-app/frontend/node_modules/react-dom/cjs/react-dom.development.js:26599:12)
          at workLoopSync (/home/cmlsrandolph/Documents/coding-projects/workout-app/frontend/node_modules/react-dom/cjs/react-dom.development.js:26505:5)
          at renderRootSync (/home/cmlsrandolph/Documents/coding-projects/workout-app/frontend/node_modules/react-dom/cjs/react-dom.development.js:26473:7)
          at recoverFromConcurrentError (/home/cmlsrandolph/Documents/coding-projects/workout-app/frontend/node_modules/react-dom/cjs/react-dom.development.js:25889:20)
          at performConcurrentWorkOnRoot (/home/cmlsrandolph/Documents/coding-projects/workout-app/frontend/node_modules/react-dom/cjs/react-dom.development.js:25789:22)
          at flushActQueue (/home/cmlsrandolph/Documents/coding-projects/workout-app/frontend/node_modules/react/cjs/react.development.js:2667:24)
          at act (/home/cmlsrandolph/Documents/coding-projects/workout-app/frontend/node_modules/react/cjs/react.development.js:2582:11)
          at /home/cmlsrandolph/Documents/coding-projects/workout-app/frontend/node_modules/@testing-library/react/dist/act-compat.js:47:25
          at renderRoot (/home/cmlsrandolph/Documents/coding-projects/workout-app/frontend/node_modules/@testing-library/react/dist/pure.js:180:26)
          at render (/home/cmlsrandolph/Documents/coding-projects/workout-app/frontend/node_modules/@testing-library/react/dist/pure.js:271:10)
          at renderLoginPage (/home/cmlsrandolph/Documents/coding-projects/workout-app/frontend/src/tests/components/LoginForm.test.tsx:37:14)
          at Object.<anonymous> (/home/cmlsrandolph/Documents/coding-projects/workout-app/frontend/src/tests/components/LoginForm.test.tsx:89:5)
          at Promise.then.completed (/home/cmlsrandolph/Documents/coding-projects/workout-app/frontend/node_modules/jest-circus/build/utils.js:391:28)
          at new Promise (<anonymous>)
          at callAsyncCircusFn (/home/cmlsrandolph/Documents/coding-projects/workout-app/frontend/node_modules/jest-circus/build/utils.js:316:10)
          at _callCircusTest (/home/cmlsrandolph/Documents/coding-projects/workout-app/frontend/node_modules/jest-circus/build/run.js:218:40)
          at processTicksAndRejections (node:internal/process/task_queues:95:5)
          at _runTest (/home/cmlsrandolph/Documents/coding-projects/workout-app/frontend/node_modules/jest-circus/build/run.js:155:3)
          at _runTestsForDescribeBlock (/home/cmlsrandolph/Documents/coding-projects/workout-app/frontend/node_modules/jest-circus/build/run.js:66:9)
          at _runTestsForDescribeBlock (/home/cmlsrandolph/Documents/coding-projects/workout-app/frontend/node_modules/jest-circus/build/run.js:60:9)
          at run (/home/cmlsrandolph/Documents/coding-projects/workout-app/frontend/node_modules/jest-circus/build/run.js:25:3)
          at runAndTransformResultsToJestFormat (/home/cmlsrandolph/Documents/coding-projects/workout-app/frontend/node_modules/jest-circus/build/legacy-code-todo-rewrite/jestAdapterInit.js:170:21)
          at jestAdapter (/home/cmlsrandolph/Documents/coding-projects/workout-app/frontend/node_modules/jest-circus/build/legacy-code-todo-rewrite/jestAdapter.js:82:19)
          at runTestInternal (/home/cmlsrandolph/Documents/coding-projects/workout-app/frontend/node_modules/jest-runner/build/runTest.js:389:16)
          at runTest (/home/cmlsrandolph/Documents/coding-projects/workout-app/frontend/node_modules/jest-runner/build/runTest.js:475:34)
          at Object.worker (/home/cmlsrandolph/Documents/coding-projects/workout-app/frontend/node_modules/jest-runner/build/testWorker.js:133:12) TypeError: Cannot read properties of undefined (reading 'state')
          at LoginPage (/home/cmlsrandolph/Documents/coding-projects/workout-app/frontend/src/components/pages/LoginPage.tsx:42:26)
          at renderWithHooks (/home/cmlsrandolph/Documents/coding-projects/workout-app/frontend/node_modules/react-dom/cjs/react-dom.development.js:15486:18)
          at mountIndeterminateComponent (/home/cmlsrandolph/Documents/coding-projects/workout-app/frontend/node_modules/react-dom/cjs/react-dom.development.js:20103:13)
          at beginWork (/home/cmlsrandolph/Documents/coding-projects/workout-app/frontend/node_modules/react-dom/cjs/react-dom.development.js:21626:16)
          at HTMLUnknownElement.callCallback (/home/cmlsrandolph/Documents/coding-projects/workout-app/frontend/node_modules/react-dom/cjs/react-dom.development.js:4164:14)
          at HTMLUnknownElement.callTheUserObjectsOperation (/home/cmlsrandolph/Documents/coding-projects/workout-app/frontend/node_modules/jsdom/lib/jsdom/living/generated/EventListener.js:26:30)
          at innerInvokeEventListeners (/home/cmlsrandolph/Documents/coding-projects/workout-app/frontend/node_modules/jsdom/lib/jsdom/living/events/EventTarget-impl.js:338:25)
          at invokeEventListeners (/home/cmlsrandolph/Documents/coding-projects/workout-app/frontend/node_modules/jsdom/lib/jsdom/living/events/EventTarget-impl.js:274:3)
          at HTMLUnknownElementImpl._dispatch (/home/cmlsrandolph/Documents/coding-projects/workout-app/frontend/node_modules/jsdom/lib/jsdom/living/events/EventTarget-impl.js:221:9)
          at HTMLUnknownElementImpl.dispatchEvent (/home/cmlsrandolph/Documents/coding-projects/workout-app/frontend/node_modules/jsdom/lib/jsdom/living/events/EventTarget-impl.js:94:17)
          at HTMLUnknownElement.dispatchEvent (/home/cmlsrandolph/Documents/coding-projects/workout-app/frontend/node_modules/jsdom/lib/jsdom/living/generated/EventTarget.js:231:34)
          at Object.invokeGuardedCallbackDev (/home/cmlsrandolph/Documents/coding-projects/workout-app/frontend/node_modules/react-dom/cjs/react-dom.development.js:4213:16)
          at invokeGuardedCallback (/home/cmlsrandolph/Documents/coding-projects/workout-app/frontend/node_modules/react-dom/cjs/react-dom.development.js:4277:31)
          at beginWork$1 (/home/cmlsrandolph/Documents/coding-projects/workout-app/frontend/node_modules/react-dom/cjs/react-dom.development.js:27490:7)
          at performUnitOfWork (/home/cmlsrandolph/Documents/coding-projects/workout-app/frontend/node_modules/react-dom/cjs/react-dom.development.js:26599:12)
          at workLoopSync (/home/cmlsrandolph/Documents/coding-projects/workout-app/frontend/node_modules/react-dom/cjs/react-dom.development.js:26505:5)
          at renderRootSync (/home/cmlsrandolph/Documents/coding-projects/workout-app/frontend/node_modules/react-dom/cjs/react-dom.development.js:26473:7)
          at recoverFromConcurrentError (/home/cmlsrandolph/Documents/coding-projects/workout-app/frontend/node_modules/react-dom/cjs/react-dom.development.js:25889:20)
          at performConcurrentWorkOnRoot (/home/cmlsrandolph/Documents/coding-projects/workout-app/frontend/node_modules/react-dom/cjs/react-dom.development.js:25789:22)
          at flushActQueue (/home/cmlsrandolph/Documents/coding-projects/workout-app/frontend/node_modules/react/cjs/react.development.js:2667:24)
          at act (/home/cmlsrandolph/Documents/coding-projects/workout-app/frontend/node_modules/react/cjs/react.development.js:2582:11)
          at /home/cmlsrandolph/Documents/coding-projects/workout-app/frontend/node_modules/@testing-library/react/dist/act-compat.js:47:25
          at renderRoot (/home/cmlsrandolph/Documents/coding-projects/workout-app/frontend/node_modules/@testing-library/react/dist/pure.js:180:26)
          at render (/home/cmlsrandolph/Documents/coding-projects/workout-app/frontend/node_modules/@testing-library/react/dist/pure.js:271:10)
          at renderLoginPage (/home/cmlsrandolph/Documents/coding-projects/workout-app/frontend/src/tests/components/LoginForm.test.tsx:37:14)
          at Object.<anonymous> (/home/cmlsrandolph/Documents/coding-projects/workout-app/frontend/src/tests/components/LoginForm.test.tsx:89:5)
          at Promise.then.completed (/home/cmlsrandolph/Documents/coding-projects/workout-app/frontend/node_modules/jest-circus/build/utils.js:391:28)
          at new Promise (<anonymous>)
          at callAsyncCircusFn (/home/cmlsrandolph/Documents/coding-projects/workout-app/frontend/node_modules/jest-circus/build/utils.js:316:10)
          at _callCircusTest (/home/cmlsrandolph/Documents/coding-projects/workout-app/frontend/node_modules/jest-circus/build/run.js:218:40)
          at processTicksAndRejections (node:internal/process/task_queues:95:5)
          at _runTest (/home/cmlsrandolph/Documents/coding-projects/workout-app/frontend/node_modules/jest-circus/build/run.js:155:3)
          at _runTestsForDescribeBlock (/home/cmlsrandolph/Documents/coding-projects/workout-app/frontend/node_modules/jest-circus/build/run.js:66:9)
          at _runTestsForDescribeBlock (/home/cmlsrandolph/Documents/coding-projects/workout-app/frontend/node_modules/jest-circus/build/run.js:60:9)
          at run (/home/cmlsrandolph/Documents/coding-projects/workout-app/frontend/node_modules/jest-circus/build/run.js:25:3)
          at runAndTransformResultsToJestFormat (/home/cmlsrandolph/Documents/coding-projects/workout-app/frontend/node_modules/jest-circus/build/legacy-code-todo-rewrite/jestAdapterInit.js:170:21)
          at jestAdapter (/home/cmlsrandolph/Documents/coding-projects/workout-app/frontend/node_modules/jest-circus/build/legacy-code-todo-rewrite/jestAdapter.js:82:19)
          at runTestInternal (/home/cmlsrandolph/Documents/coding-projects/workout-app/frontend/node_modules/jest-runner/build/runTest.js:389:16)
          at runTest (/home/cmlsrandolph/Documents/coding-projects/workout-app/frontend/node_modules/jest-runner/build/runTest.js:475:34)
          at Object.worker (/home/cmlsrandolph/Documents/coding-projects/workout-app/frontend/node_modules/jest-runner/build/testWorker.js:133:12)

      35 |
      36 |   return {
    > 37 |     ...render(
         |              ^
      38 |       <Provider store={store}>
      39 |         <LoginPage />
      40 |       </Provider>

      at VirtualConsole.<anonymous> (node_modules/jsdom/lib/jsdom/virtual-console.js:29:45)
      at reportException (node_modules/jsdom/lib/jsdom/living/helpers/runtime-script-errors.js:70:28)
      at innerInvokeEventListeners (node_modules/jsdom/lib/jsdom/living/events/EventTarget-impl.js:341:9)
      at invokeEventListeners (node_modules/jsdom/lib/jsdom/living/events/EventTarget-impl.js:274:3)
      at HTMLUnknownElementImpl._dispatch (node_modules/jsdom/lib/jsdom/living/events/EventTarget-impl.js:221:9)
      at HTMLUnknownElementImpl.dispatchEvent (node_modules/jsdom/lib/jsdom/living/events/EventTarget-impl.js:94:17)
      at HTMLUnknownElement.dispatchEvent (node_modules/jsdom/lib/jsdom/living/generated/EventTarget.js:231:34)
      at Object.invokeGuardedCallbackDev (node_modules/react-dom/cjs/react-dom.development.js:4213:16)
      at invokeGuardedCallback (node_modules/react-dom/cjs/react-dom.development.js:4277:31)
      at beginWork$1 (node_modules/react-dom/cjs/react-dom.development.js:27490:7)
      at performUnitOfWork (node_modules/react-dom/cjs/react-dom.development.js:26599:12)
      at workLoopSync (node_modules/react-dom/cjs/react-dom.development.js:26505:5)
      at renderRootSync (node_modules/react-dom/cjs/react-dom.development.js:26473:7)
      at recoverFromConcurrentError (node_modules/react-dom/cjs/react-dom.development.js:25889:20)
      at performConcurrentWorkOnRoot (node_modules/react-dom/cjs/react-dom.development.js:25789:22)
      at flushActQueue (node_modules/react/cjs/react.development.js:2667:24)
      at act (node_modules/react/cjs/react.development.js:2582:11)
      at node_modules/@testing-library/react/dist/act-compat.js:47:25
      at renderRoot (node_modules/@testing-library/react/dist/pure.js:180:26)
      at render (node_modules/@testing-library/react/dist/pure.js:271:10)
      at renderLoginPage (src/tests/components/LoginForm.test.tsx:37:14)
      at Object.<anonymous> (src/tests/components/LoginForm.test.tsx:89:5)

    console.error
      The above error occurred in the <LoginPage> component:
      
          at LoginPage (/home/cmlsrandolph/Documents/coding-projects/workout-app/frontend/src/components/pages/LoginPage.tsx:26:37)
          at Provider (/home/cmlsrandolph/Documents/coding-projects/workout-app/frontend/node_modules/react-redux/lib/components/Provider.js:19:3)
      
      Consider adding an error boundary to your tree to customize error handling behavior.
      Visit https://reactjs.org/link/error-boundaries to learn more about error boundaries.

      35 |
      36 |   return {
    > 37 |     ...render(
         |              ^
      38 |       <Provider store={store}>
      39 |         <LoginPage />
      40 |       </Provider>

      at logCapturedError (node_modules/react-dom/cjs/react-dom.development.js:18704:23)
      at update.callback (node_modules/react-dom/cjs/react-dom.development.js:18737:5)
      at callCallback (node_modules/react-dom/cjs/react-dom.development.js:15036:12)
      at commitUpdateQueue (node_modules/react-dom/cjs/react-dom.development.js:15057:9)
      at commitLayoutEffectOnFiber (node_modules/react-dom/cjs/react-dom.development.js:23430:13)
      at commitLayoutMountEffects_complete (node_modules/react-dom/cjs/react-dom.development.js:24727:9)
      at commitLayoutEffects_begin (node_modules/react-dom/cjs/react-dom.development.js:24713:7)
      at commitLayoutEffects (node_modules/react-dom/cjs/react-dom.development.js:24651:3)
      at commitRootImpl (node_modules/react-dom/cjs/react-dom.development.js:26862:5)
      at commitRoot (node_modules/react-dom/cjs/react-dom.development.js:26721:5)
      at finishConcurrentRender (node_modules/react-dom/cjs/react-dom.development.js:25931:9)
      at performConcurrentWorkOnRoot (node_modules/react-dom/cjs/react-dom.development.js:25848:7)
      at flushActQueue (node_modules/react/cjs/react.development.js:2667:24)
      at act (node_modules/react/cjs/react.development.js:2582:11)
      at node_modules/@testing-library/react/dist/act-compat.js:47:25
      at renderRoot (node_modules/@testing-library/react/dist/pure.js:180:26)
      at render (node_modules/@testing-library/react/dist/pure.js:271:10)
      at renderLoginPage (src/tests/components/LoginForm.test.tsx:37:14)
      at Object.<anonymous> (src/tests/components/LoginForm.test.tsx:89:5)

    console.error
      Error: Uncaught [TypeError: Cannot read properties of undefined (reading 'state')]
          at reportException (/home/cmlsrandolph/Documents/coding-projects/workout-app/frontend/node_modules/jsdom/lib/jsdom/living/helpers/runtime-script-errors.js:66:24)
          at innerInvokeEventListeners (/home/cmlsrandolph/Documents/coding-projects/workout-app/frontend/node_modules/jsdom/lib/jsdom/living/events/EventTarget-impl.js:341:9)
          at invokeEventListeners (/home/cmlsrandolph/Documents/coding-projects/workout-app/frontend/node_modules/jsdom/lib/jsdom/living/events/EventTarget-impl.js:274:3)
          at HTMLUnknownElementImpl._dispatch (/home/cmlsrandolph/Documents/coding-projects/workout-app/frontend/node_modules/jsdom/lib/jsdom/living/events/EventTarget-impl.js:221:9)
          at HTMLUnknownElementImpl.dispatchEvent (/home/cmlsrandolph/Documents/coding-projects/workout-app/frontend/node_modules/jsdom/lib/jsdom/living/events/EventTarget-impl.js:94:17)
          at HTMLUnknownElement.dispatchEvent (/home/cmlsrandolph/Documents/coding-projects/workout-app/frontend/node_modules/jsdom/lib/jsdom/living/generated/EventTarget.js:231:34)
          at Object.invokeGuardedCallbackDev (/home/cmlsrandolph/Documents/coding-projects/workout-app/frontend/node_modules/react-dom/cjs/react-dom.development.js:4213:16)
          at invokeGuardedCallback (/home/cmlsrandolph/Documents/coding-projects/workout-app/frontend/node_modules/react-dom/cjs/react-dom.development.js:4277:31)
          at beginWork$1 (/home/cmlsrandolph/Documents/coding-projects/workout-app/frontend/node_modules/react-dom/cjs/react-dom.development.js:27490:7)
          at performUnitOfWork (/home/cmlsrandolph/Documents/coding-projects/workout-app/frontend/node_modules/react-dom/cjs/react-dom.development.js:26599:12)
          at workLoopSync (/home/cmlsrandolph/Documents/coding-projects/workout-app/frontend/node_modules/react-dom/cjs/react-dom.development.js:26505:5)
          at renderRootSync (/home/cmlsrandolph/Documents/coding-projects/workout-app/frontend/node_modules/react-dom/cjs/react-dom.development.js:26473:7)
          at performConcurrentWorkOnRoot (/home/cmlsrandolph/Documents/coding-projects/workout-app/frontend/node_modules/react-dom/cjs/react-dom.development.js:25777:74)
          at flushActQueue (/home/cmlsrandolph/Documents/coding-projects/workout-app/frontend/node_modules/react/cjs/react.development.js:2667:24)
          at act (/home/cmlsrandolph/Documents/coding-projects/workout-app/frontend/node_modules/react/cjs/react.development.js:2582:11)
          at /home/cmlsrandolph/Documents/coding-projects/workout-app/frontend/node_modules/@testing-library/react/dist/act-compat.js:47:25
          at renderRoot (/home/cmlsrandolph/Documents/coding-projects/workout-app/frontend/node_modules/@testing-library/react/dist/pure.js:180:26)
          at render (/home/cmlsrandolph/Documents/coding-projects/workout-app/frontend/node_modules/@testing-library/react/dist/pure.js:271:10)
          at renderLoginPage (/home/cmlsrandolph/Documents/coding-projects/workout-app/frontend/src/tests/components/LoginForm.test.tsx:37:14)
          at Object.<anonymous> (/home/cmlsrandolph/Documents/coding-projects/workout-app/frontend/src/tests/components/LoginForm.test.tsx:105:5)
          at Promise.then.completed (/home/cmlsrandolph/Documents/coding-projects/workout-app/frontend/node_modules/jest-circus/build/utils.js:391:28)
          at new Promise (<anonymous>)
          at callAsyncCircusFn (/home/cmlsrandolph/Documents/coding-projects/workout-app/frontend/node_modules/jest-circus/build/utils.js:316:10)
          at _callCircusTest (/home/cmlsrandolph/Documents/coding-projects/workout-app/frontend/node_modules/jest-circus/build/run.js:218:40)
          at processTicksAndRejections (node:internal/process/task_queues:95:5)
          at _runTest (/home/cmlsrandolph/Documents/coding-projects/workout-app/frontend/node_modules/jest-circus/build/run.js:155:3)
          at _runTestsForDescribeBlock (/home/cmlsrandolph/Documents/coding-projects/workout-app/frontend/node_modules/jest-circus/build/run.js:66:9)
          at _runTestsForDescribeBlock (/home/cmlsrandolph/Documents/coding-projects/workout-app/frontend/node_modules/jest-circus/build/run.js:60:9)
          at run (/home/cmlsrandolph/Documents/coding-projects/workout-app/frontend/node_modules/jest-circus/build/run.js:25:3)
          at runAndTransformResultsToJestFormat (/home/cmlsrandolph/Documents/coding-projects/workout-app/frontend/node_modules/jest-circus/build/legacy-code-todo-rewrite/jestAdapterInit.js:170:21)
          at jestAdapter (/home/cmlsrandolph/Documents/coding-projects/workout-app/frontend/node_modules/jest-circus/build/legacy-code-todo-rewrite/jestAdapter.js:82:19)
          at runTestInternal (/home/cmlsrandolph/Documents/coding-projects/workout-app/frontend/node_modules/jest-runner/build/runTest.js:389:16)
          at runTest (/home/cmlsrandolph/Documents/coding-projects/workout-app/frontend/node_modules/jest-runner/build/runTest.js:475:34)
          at Object.worker (/home/cmlsrandolph/Documents/coding-projects/workout-app/frontend/node_modules/jest-runner/build/testWorker.js:133:12) TypeError: Cannot read properties of undefined (reading 'state')
          at LoginPage (/home/cmlsrandolph/Documents/coding-projects/workout-app/frontend/src/components/pages/LoginPage.tsx:42:26)
          at renderWithHooks (/home/cmlsrandolph/Documents/coding-projects/workout-app/frontend/node_modules/react-dom/cjs/react-dom.development.js:15486:18)
          at mountIndeterminateComponent (/home/cmlsrandolph/Documents/coding-projects/workout-app/frontend/node_modules/react-dom/cjs/react-dom.development.js:20103:13)
          at beginWork (/home/cmlsrandolph/Documents/coding-projects/workout-app/frontend/node_modules/react-dom/cjs/react-dom.development.js:21626:16)
          at HTMLUnknownElement.callCallback (/home/cmlsrandolph/Documents/coding-projects/workout-app/frontend/node_modules/react-dom/cjs/react-dom.development.js:4164:14)
          at HTMLUnknownElement.callTheUserObjectsOperation (/home/cmlsrandolph/Documents/coding-projects/workout-app/frontend/node_modules/jsdom/lib/jsdom/living/generated/EventListener.js:26:30)
          at innerInvokeEventListeners (/home/cmlsrandolph/Documents/coding-projects/workout-app/frontend/node_modules/jsdom/lib/jsdom/living/events/EventTarget-impl.js:338:25)
          at invokeEventListeners (/home/cmlsrandolph/Documents/coding-projects/workout-app/frontend/node_modules/jsdom/lib/jsdom/living/events/EventTarget-impl.js:274:3)
          at HTMLUnknownElementImpl._dispatch (/home/cmlsrandolph/Documents/coding-projects/workout-app/frontend/node_modules/jsdom/lib/jsdom/living/events/EventTarget-impl.js:221:9)
          at HTMLUnknownElementImpl.dispatchEvent (/home/cmlsrandolph/Documents/coding-projects/workout-app/frontend/node_modules/jsdom/lib/jsdom/living/events/EventTarget-impl.js:94:17)
          at HTMLUnknownElement.dispatchEvent (/home/cmlsrandolph/Documents/coding-projects/workout-app/frontend/node_modules/jsdom/lib/jsdom/living/generated/EventTarget.js:231:34)
          at Object.invokeGuardedCallbackDev (/home/cmlsrandolph/Documents/coding-projects/workout-app/frontend/node_modules/react-dom/cjs/react-dom.development.js:4213:16)
          at invokeGuardedCallback (/home/cmlsrandolph/Documents/coding-projects/workout-app/frontend/node_modules/react-dom/cjs/react-dom.development.js:4277:31)
          at beginWork$1 (/home/cmlsrandolph/Documents/coding-projects/workout-app/frontend/node_modules/react-dom/cjs/react-dom.development.js:27490:7)
          at performUnitOfWork (/home/cmlsrandolph/Documents/coding-projects/workout-app/frontend/node_modules/react-dom/cjs/react-dom.development.js:26599:12)
          at workLoopSync (/home/cmlsrandolph/Documents/coding-projects/workout-app/frontend/node_modules/react-dom/cjs/react-dom.development.js:26505:5)
          at renderRootSync (/home/cmlsrandolph/Documents/coding-projects/workout-app/frontend/node_modules/react-dom/cjs/react-dom.development.js:26473:7)
          at performConcurrentWorkOnRoot (/home/cmlsrandolph/Documents/coding-projects/workout-app/frontend/node_modules/react-dom/cjs/react-dom.development.js:25777:74)
          at flushActQueue (/home/cmlsrandolph/Documents/coding-projects/workout-app/frontend/node_modules/react/cjs/react.development.js:2667:24)
          at act (/home/cmlsrandolph/Documents/coding-projects/workout-app/frontend/node_modules/react/cjs/react.development.js:2582:11)
          at /home/cmlsrandolph/Documents/coding-projects/workout-app/frontend/node_modules/@testing-library/react/dist/act-compat.js:47:25
          at renderRoot (/home/cmlsrandolph/Documents/coding-projects/workout-app/frontend/node_modules/@testing-library/react/dist/pure.js:180:26)
          at render (/home/cmlsrandolph/Documents/coding-projects/workout-app/frontend/node_modules/@testing-library/react/dist/pure.js:271:10)
          at renderLoginPage (/home/cmlsrandolph/Documents/coding-projects/workout-app/frontend/src/tests/components/LoginForm.test.tsx:37:14)
          at Object.<anonymous> (/home/cmlsrandolph/Documents/coding-projects/workout-app/frontend/src/tests/components/LoginForm.test.tsx:105:5)
          at Promise.then.completed (/home/cmlsrandolph/Documents/coding-projects/workout-app/frontend/node_modules/jest-circus/build/utils.js:391:28)
          at new Promise (<anonymous>)
          at callAsyncCircusFn (/home/cmlsrandolph/Documents/coding-projects/workout-app/frontend/node_modules/jest-circus/build/utils.js:316:10)
          at _callCircusTest (/home/cmlsrandolph/Documents/coding-projects/workout-app/frontend/node_modules/jest-circus/build/run.js:218:40)
          at processTicksAndRejections (node:internal/process/task_queues:95:5)
          at _runTest (/home/cmlsrandolph/Documents/coding-projects/workout-app/frontend/node_modules/jest-circus/build/run.js:155:3)
          at _runTestsForDescribeBlock (/home/cmlsrandolph/Documents/coding-projects/workout-app/frontend/node_modules/jest-circus/build/run.js:66:9)
          at _runTestsForDescribeBlock (/home/cmlsrandolph/Documents/coding-projects/workout-app/frontend/node_modules/jest-circus/build/run.js:60:9)
          at run (/home/cmlsrandolph/Documents/coding-projects/workout-app/frontend/node_modules/jest-circus/build/run.js:25:3)
          at runAndTransformResultsToJestFormat (/home/cmlsrandolph/Documents/coding-projects/workout-app/frontend/node_modules/jest-circus/build/legacy-code-todo-rewrite/jestAdapterInit.js:170:21)
          at jestAdapter (/home/cmlsrandolph/Documents/coding-projects/workout-app/frontend/node_modules/jest-circus/build/legacy-code-todo-rewrite/jestAdapter.js:82:19)
          at runTestInternal (/home/cmlsrandolph/Documents/coding-projects/workout-app/frontend/node_modules/jest-runner/build/runTest.js:389:16)
          at runTest (/home/cmlsrandolph/Documents/coding-projects/workout-app/frontend/node_modules/jest-runner/build/runTest.js:475:34)
          at Object.worker (/home/cmlsrandolph/Documents/coding-projects/workout-app/frontend/node_modules/jest-runner/build/testWorker.js:133:12)

      35 |
      36 |   return {
    > 37 |     ...render(
         |              ^
      38 |       <Provider store={store}>
      39 |         <LoginPage />
      40 |       </Provider>

      at VirtualConsole.<anonymous> (node_modules/jsdom/lib/jsdom/virtual-console.js:29:45)
      at reportException (node_modules/jsdom/lib/jsdom/living/helpers/runtime-script-errors.js:70:28)
      at innerInvokeEventListeners (node_modules/jsdom/lib/jsdom/living/events/EventTarget-impl.js:341:9)
      at invokeEventListeners (node_modules/jsdom/lib/jsdom/living/events/EventTarget-impl.js:274:3)
      at HTMLUnknownElementImpl._dispatch (node_modules/jsdom/lib/jsdom/living/events/EventTarget-impl.js:221:9)
      at HTMLUnknownElementImpl.dispatchEvent (node_modules/jsdom/lib/jsdom/living/events/EventTarget-impl.js:94:17)
      at HTMLUnknownElement.dispatchEvent (node_modules/jsdom/lib/jsdom/living/generated/EventTarget.js:231:34)
      at Object.invokeGuardedCallbackDev (node_modules/react-dom/cjs/react-dom.development.js:4213:16)
      at invokeGuardedCallback (node_modules/react-dom/cjs/react-dom.development.js:4277:31)
      at beginWork$1 (node_modules/react-dom/cjs/react-dom.development.js:27490:7)
      at performUnitOfWork (node_modules/react-dom/cjs/react-dom.development.js:26599:12)
      at workLoopSync (node_modules/react-dom/cjs/react-dom.development.js:26505:5)
      at renderRootSync (node_modules/react-dom/cjs/react-dom.development.js:26473:7)
      at performConcurrentWorkOnRoot (node_modules/react-dom/cjs/react-dom.development.js:25777:74)
      at flushActQueue (node_modules/react/cjs/react.development.js:2667:24)
      at act (node_modules/react/cjs/react.development.js:2582:11)
      at node_modules/@testing-library/react/dist/act-compat.js:47:25
      at renderRoot (node_modules/@testing-library/react/dist/pure.js:180:26)
      at render (node_modules/@testing-library/react/dist/pure.js:271:10)
      at renderLoginPage (src/tests/components/LoginForm.test.tsx:37:14)
      at Object.<anonymous> (src/tests/components/LoginForm.test.tsx:105:5)

    console.error
      Error: Uncaught [TypeError: Cannot read properties of undefined (reading 'state')]
          at reportException (/home/cmlsrandolph/Documents/coding-projects/workout-app/frontend/node_modules/jsdom/lib/jsdom/living/helpers/runtime-script-errors.js:66:24)
          at innerInvokeEventListeners (/home/cmlsrandolph/Documents/coding-projects/workout-app/frontend/node_modules/jsdom/lib/jsdom/living/events/EventTarget-impl.js:341:9)
          at invokeEventListeners (/home/cmlsrandolph/Documents/coding-projects/workout-app/frontend/node_modules/jsdom/lib/jsdom/living/events/EventTarget-impl.js:274:3)
          at HTMLUnknownElementImpl._dispatch (/home/cmlsrandolph/Documents/coding-projects/workout-app/frontend/node_modules/jsdom/lib/jsdom/living/events/EventTarget-impl.js:221:9)
          at HTMLUnknownElementImpl.dispatchEvent (/home/cmlsrandolph/Documents/coding-projects/workout-app/frontend/node_modules/jsdom/lib/jsdom/living/events/EventTarget-impl.js:94:17)
          at HTMLUnknownElement.dispatchEvent (/home/cmlsrandolph/Documents/coding-projects/workout-app/frontend/node_modules/jsdom/lib/jsdom/living/generated/EventTarget.js:231:34)
          at Object.invokeGuardedCallbackDev (/home/cmlsrandolph/Documents/coding-projects/workout-app/frontend/node_modules/react-dom/cjs/react-dom.development.js:4213:16)
          at invokeGuardedCallback (/home/cmlsrandolph/Documents/coding-projects/workout-app/frontend/node_modules/react-dom/cjs/react-dom.development.js:4277:31)
          at beginWork$1 (/home/cmlsrandolph/Documents/coding-projects/workout-app/frontend/node_modules/react-dom/cjs/react-dom.development.js:27490:7)
          at performUnitOfWork (/home/cmlsrandolph/Documents/coding-projects/workout-app/frontend/node_modules/react-dom/cjs/react-dom.development.js:26599:12)
          at workLoopSync (/home/cmlsrandolph/Documents/coding-projects/workout-app/frontend/node_modules/react-dom/cjs/react-dom.development.js:26505:5)
          at renderRootSync (/home/cmlsrandolph/Documents/coding-projects/workout-app/frontend/node_modules/react-dom/cjs/react-dom.development.js:26473:7)
          at recoverFromConcurrentError (/home/cmlsrandolph/Documents/coding-projects/workout-app/frontend/node_modules/react-dom/cjs/react-dom.development.js:25889:20)
          at performConcurrentWorkOnRoot (/home/cmlsrandolph/Documents/coding-projects/workout-app/frontend/node_modules/react-dom/cjs/react-dom.development.js:25789:22)
          at flushActQueue (/home/cmlsrandolph/Documents/coding-projects/workout-app/frontend/node_modules/react/cjs/react.development.js:2667:24)
          at act (/home/cmlsrandolph/Documents/coding-projects/workout-app/frontend/node_modules/react/cjs/react.development.js:2582:11)
          at /home/cmlsrandolph/Documents/coding-projects/workout-app/frontend/node_modules/@testing-library/react/dist/act-compat.js:47:25
          at renderRoot (/home/cmlsrandolph/Documents/coding-projects/workout-app/frontend/node_modules/@testing-library/react/dist/pure.js:180:26)
          at render (/home/cmlsrandolph/Documents/coding-projects/workout-app/frontend/node_modules/@testing-library/react/dist/pure.js:271:10)
          at renderLoginPage (/home/cmlsrandolph/Documents/coding-projects/workout-app/frontend/src/tests/components/LoginForm.test.tsx:37:14)
          at Object.<anonymous> (/home/cmlsrandolph/Documents/coding-projects/workout-app/frontend/src/tests/components/LoginForm.test.tsx:105:5)
          at Promise.then.completed (/home/cmlsrandolph/Documents/coding-projects/workout-app/frontend/node_modules/jest-circus/build/utils.js:391:28)
          at new Promise (<anonymous>)
          at callAsyncCircusFn (/home/cmlsrandolph/Documents/coding-projects/workout-app/frontend/node_modules/jest-circus/build/utils.js:316:10)
          at _callCircusTest (/home/cmlsrandolph/Documents/coding-projects/workout-app/frontend/node_modules/jest-circus/build/run.js:218:40)
          at processTicksAndRejections (node:internal/process/task_queues:95:5)
          at _runTest (/home/cmlsrandolph/Documents/coding-projects/workout-app/frontend/node_modules/jest-circus/build/run.js:155:3)
          at _runTestsForDescribeBlock (/home/cmlsrandolph/Documents/coding-projects/workout-app/frontend/node_modules/jest-circus/build/run.js:66:9)
          at _runTestsForDescribeBlock (/home/cmlsrandolph/Documents/coding-projects/workout-app/frontend/node_modules/jest-circus/build/run.js:60:9)
          at run (/home/cmlsrandolph/Documents/coding-projects/workout-app/frontend/node_modules/jest-circus/build/run.js:25:3)
          at runAndTransformResultsToJestFormat (/home/cmlsrandolph/Documents/coding-projects/workout-app/frontend/node_modules/jest-circus/build/legacy-code-todo-rewrite/jestAdapterInit.js:170:21)
          at jestAdapter (/home/cmlsrandolph/Documents/coding-projects/workout-app/frontend/node_modules/jest-circus/build/legacy-code-todo-rewrite/jestAdapter.js:82:19)
          at runTestInternal (/home/cmlsrandolph/Documents/coding-projects/workout-app/frontend/node_modules/jest-runner/build/runTest.js:389:16)
          at runTest (/home/cmlsrandolph/Documents/coding-projects/workout-app/frontend/node_modules/jest-runner/build/runTest.js:475:34)
          at Object.worker (/home/cmlsrandolph/Documents/coding-projects/workout-app/frontend/node_modules/jest-runner/build/testWorker.js:133:12) TypeError: Cannot read properties of undefined (reading 'state')
          at LoginPage (/home/cmlsrandolph/Documents/coding-projects/workout-app/frontend/src/components/pages/LoginPage.tsx:42:26)
          at renderWithHooks (/home/cmlsrandolph/Documents/coding-projects/workout-app/frontend/node_modules/react-dom/cjs/react-dom.development.js:15486:18)
          at mountIndeterminateComponent (/home/cmlsrandolph/Documents/coding-projects/workout-app/frontend/node_modules/react-dom/cjs/react-dom.development.js:20103:13)
          at beginWork (/home/cmlsrandolph/Documents/coding-projects/workout-app/frontend/node_modules/react-dom/cjs/react-dom.development.js:21626:16)
          at HTMLUnknownElement.callCallback (/home/cmlsrandolph/Documents/coding-projects/workout-app/frontend/node_modules/react-dom/cjs/react-dom.development.js:4164:14)
          at HTMLUnknownElement.callTheUserObjectsOperation (/home/cmlsrandolph/Documents/coding-projects/workout-app/frontend/node_modules/jsdom/lib/jsdom/living/generated/EventListener.js:26:30)
          at innerInvokeEventListeners (/home/cmlsrandolph/Documents/coding-projects/workout-app/frontend/node_modules/jsdom/lib/jsdom/living/events/EventTarget-impl.js:338:25)
          at invokeEventListeners (/home/cmlsrandolph/Documents/coding-projects/workout-app/frontend/node_modules/jsdom/lib/jsdom/living/events/EventTarget-impl.js:274:3)
          at HTMLUnknownElementImpl._dispatch (/home/cmlsrandolph/Documents/coding-projects/workout-app/frontend/node_modules/jsdom/lib/jsdom/living/events/EventTarget-impl.js:221:9)
          at HTMLUnknownElementImpl.dispatchEvent (/home/cmlsrandolph/Documents/coding-projects/workout-app/frontend/node_modules/jsdom/lib/jsdom/living/events/EventTarget-impl.js:94:17)
          at HTMLUnknownElement.dispatchEvent (/home/cmlsrandolph/Documents/coding-projects/workout-app/frontend/node_modules/jsdom/lib/jsdom/living/generated/EventTarget.js:231:34)
          at Object.invokeGuardedCallbackDev (/home/cmlsrandolph/Documents/coding-projects/workout-app/frontend/node_modules/react-dom/cjs/react-dom.development.js:4213:16)
          at invokeGuardedCallback (/home/cmlsrandolph/Documents/coding-projects/workout-app/frontend/node_modules/react-dom/cjs/react-dom.development.js:4277:31)
          at beginWork$1 (/home/cmlsrandolph/Documents/coding-projects/workout-app/frontend/node_modules/react-dom/cjs/react-dom.development.js:27490:7)
          at performUnitOfWork (/home/cmlsrandolph/Documents/coding-projects/workout-app/frontend/node_modules/react-dom/cjs/react-dom.development.js:26599:12)
          at workLoopSync (/home/cmlsrandolph/Documents/coding-projects/workout-app/frontend/node_modules/react-dom/cjs/react-dom.development.js:26505:5)
          at renderRootSync (/home/cmlsrandolph/Documents/coding-projects/workout-app/frontend/node_modules/react-dom/cjs/react-dom.development.js:26473:7)
          at recoverFromConcurrentError (/home/cmlsrandolph/Documents/coding-projects/workout-app/frontend/node_modules/react-dom/cjs/react-dom.development.js:25889:20)
          at performConcurrentWorkOnRoot (/home/cmlsrandolph/Documents/coding-projects/workout-app/frontend/node_modules/react-dom/cjs/react-dom.development.js:25789:22)
          at flushActQueue (/home/cmlsrandolph/Documents/coding-projects/workout-app/frontend/node_modules/react/cjs/react.development.js:2667:24)
          at act (/home/cmlsrandolph/Documents/coding-projects/workout-app/frontend/node_modules/react/cjs/react.development.js:2582:11)
          at /home/cmlsrandolph/Documents/coding-projects/workout-app/frontend/node_modules/@testing-library/react/dist/act-compat.js:47:25
          at renderRoot (/home/cmlsrandolph/Documents/coding-projects/workout-app/frontend/node_modules/@testing-library/react/dist/pure.js:180:26)
          at render (/home/cmlsrandolph/Documents/coding-projects/workout-app/frontend/node_modules/@testing-library/react/dist/pure.js:271:10)
          at renderLoginPage (/home/cmlsrandolph/Documents/coding-projects/workout-app/frontend/src/tests/components/LoginForm.test.tsx:37:14)
          at Object.<anonymous> (/home/cmlsrandolph/Documents/coding-projects/workout-app/frontend/src/tests/components/LoginForm.test.tsx:105:5)
          at Promise.then.completed (/home/cmlsrandolph/Documents/coding-projects/workout-app/frontend/node_modules/jest-circus/build/utils.js:391:28)
          at new Promise (<anonymous>)
          at callAsyncCircusFn (/home/cmlsrandolph/Documents/coding-projects/workout-app/frontend/node_modules/jest-circus/build/utils.js:316:10)
          at _callCircusTest (/home/cmlsrandolph/Documents/coding-projects/workout-app/frontend/node_modules/jest-circus/build/run.js:218:40)
          at processTicksAndRejections (node:internal/process/task_queues:95:5)
          at _runTest (/home/cmlsrandolph/Documents/coding-projects/workout-app/frontend/node_modules/jest-circus/build/run.js:155:3)
          at _runTestsForDescribeBlock (/home/cmlsrandolph/Documents/coding-projects/workout-app/frontend/node_modules/jest-circus/build/run.js:66:9)
          at _runTestsForDescribeBlock (/home/cmlsrandolph/Documents/coding-projects/workout-app/frontend/node_modules/jest-circus/build/run.js:60:9)
          at run (/home/cmlsrandolph/Documents/coding-projects/workout-app/frontend/node_modules/jest-circus/build/run.js:25:3)
          at runAndTransformResultsToJestFormat (/home/cmlsrandolph/Documents/coding-projects/workout-app/frontend/node_modules/jest-circus/build/legacy-code-todo-rewrite/jestAdapterInit.js:170:21)
          at jestAdapter (/home/cmlsrandolph/Documents/coding-projects/workout-app/frontend/node_modules/jest-circus/build/legacy-code-todo-rewrite/jestAdapter.js:82:19)
          at runTestInternal (/home/cmlsrandolph/Documents/coding-projects/workout-app/frontend/node_modules/jest-runner/build/runTest.js:389:16)
          at runTest (/home/cmlsrandolph/Documents/coding-projects/workout-app/frontend/node_modules/jest-runner/build/runTest.js:475:34)
          at Object.worker (/home/cmlsrandolph/Documents/coding-projects/workout-app/frontend/node_modules/jest-runner/build/testWorker.js:133:12)

      35 |
      36 |   return {
    > 37 |     ...render(
         |              ^
      38 |       <Provider store={store}>
      39 |         <LoginPage />
      40 |       </Provider>

      at VirtualConsole.<anonymous> (node_modules/jsdom/lib/jsdom/virtual-console.js:29:45)
      at reportException (node_modules/jsdom/lib/jsdom/living/helpers/runtime-script-errors.js:70:28)
      at innerInvokeEventListeners (node_modules/jsdom/lib/jsdom/living/events/EventTarget-impl.js:341:9)
      at invokeEventListeners (node_modules/jsdom/lib/jsdom/living/events/EventTarget-impl.js:274:3)
      at HTMLUnknownElementImpl._dispatch (node_modules/jsdom/lib/jsdom/living/events/EventTarget-impl.js:221:9)
      at HTMLUnknownElementImpl.dispatchEvent (node_modules/jsdom/lib/jsdom/living/events/EventTarget-impl.js:94:17)
      at HTMLUnknownElement.dispatchEvent (node_modules/jsdom/lib/jsdom/living/generated/EventTarget.js:231:34)
      at Object.invokeGuardedCallbackDev (node_modules/react-dom/cjs/react-dom.development.js:4213:16)
      at invokeGuardedCallback (node_modules/react-dom/cjs/react-dom.development.js:4277:31)
      at beginWork$1 (node_modules/react-dom/cjs/react-dom.development.js:27490:7)
      at performUnitOfWork (node_modules/react-dom/cjs/react-dom.development.js:26599:12)
      at workLoopSync (node_modules/react-dom/cjs/react-dom.development.js:26505:5)
      at renderRootSync (node_modules/react-dom/cjs/react-dom.development.js:26473:7)
      at recoverFromConcurrentError (node_modules/react-dom/cjs/react-dom.development.js:25889:20)
      at performConcurrentWorkOnRoot (node_modules/react-dom/cjs/react-dom.development.js:25789:22)
      at flushActQueue (node_modules/react/cjs/react.development.js:2667:24)
      at act (node_modules/react/cjs/react.development.js:2582:11)
      at node_modules/@testing-library/react/dist/act-compat.js:47:25
      at renderRoot (node_modules/@testing-library/react/dist/pure.js:180:26)
      at render (node_modules/@testing-library/react/dist/pure.js:271:10)
      at renderLoginPage (src/tests/components/LoginForm.test.tsx:37:14)
      at Object.<anonymous> (src/tests/components/LoginForm.test.tsx:105:5)

    console.error
      The above error occurred in the <LoginPage> component:
      
          at LoginPage (/home/cmlsrandolph/Documents/coding-projects/workout-app/frontend/src/components/pages/LoginPage.tsx:26:37)
          at Provider (/home/cmlsrandolph/Documents/coding-projects/workout-app/frontend/node_modules/react-redux/lib/components/Provider.js:19:3)
      
      Consider adding an error boundary to your tree to customize error handling behavior.
      Visit https://reactjs.org/link/error-boundaries to learn more about error boundaries.

      35 |
      36 |   return {
    > 37 |     ...render(
         |              ^
      38 |       <Provider store={store}>
      39 |         <LoginPage />
      40 |       </Provider>

      at logCapturedError (node_modules/react-dom/cjs/react-dom.development.js:18704:23)
      at update.callback (node_modules/react-dom/cjs/react-dom.development.js:18737:5)
      at callCallback (node_modules/react-dom/cjs/react-dom.development.js:15036:12)
      at commitUpdateQueue (node_modules/react-dom/cjs/react-dom.development.js:15057:9)
      at commitLayoutEffectOnFiber (node_modules/react-dom/cjs/react-dom.development.js:23430:13)
      at commitLayoutMountEffects_complete (node_modules/react-dom/cjs/react-dom.development.js:24727:9)
      at commitLayoutEffects_begin (node_modules/react-dom/cjs/react-dom.development.js:24713:7)
      at commitLayoutEffects (node_modules/react-dom/cjs/react-dom.development.js:24651:3)
      at commitRootImpl (node_modules/react-dom/cjs/react-dom.development.js:26862:5)
      at commitRoot (node_modules/react-dom/cjs/react-dom.development.js:26721:5)
      at finishConcurrentRender (node_modules/react-dom/cjs/react-dom.development.js:25931:9)
      at performConcurrentWorkOnRoot (node_modules/react-dom/cjs/react-dom.development.js:25848:7)
      at flushActQueue (node_modules/react/cjs/react.development.js:2667:24)
      at act (node_modules/react/cjs/react.development.js:2582:11)
      at node_modules/@testing-library/react/dist/act-compat.js:47:25
      at renderRoot (node_modules/@testing-library/react/dist/pure.js:180:26)
      at render (node_modules/@testing-library/react/dist/pure.js:271:10)
      at renderLoginPage (src/tests/components/LoginForm.test.tsx:37:14)
      at Object.<anonymous> (src/tests/components/LoginForm.test.tsx:105:5)

    console.error
      Error: Uncaught [TypeError: Cannot read properties of undefined (reading 'state')]
          at reportException (/home/cmlsrandolph/Documents/coding-projects/workout-app/frontend/node_modules/jsdom/lib/jsdom/living/helpers/runtime-script-errors.js:66:24)
          at innerInvokeEventListeners (/home/cmlsrandolph/Documents/coding-projects/workout-app/frontend/node_modules/jsdom/lib/jsdom/living/events/EventTarget-impl.js:341:9)
          at invokeEventListeners (/home/cmlsrandolph/Documents/coding-projects/workout-app/frontend/node_modules/jsdom/lib/jsdom/living/events/EventTarget-impl.js:274:3)
          at HTMLUnknownElementImpl._dispatch (/home/cmlsrandolph/Documents/coding-projects/workout-app/frontend/node_modules/jsdom/lib/jsdom/living/events/EventTarget-impl.js:221:9)
          at HTMLUnknownElementImpl.dispatchEvent (/home/cmlsrandolph/Documents/coding-projects/workout-app/frontend/node_modules/jsdom/lib/jsdom/living/events/EventTarget-impl.js:94:17)
          at HTMLUnknownElement.dispatchEvent (/home/cmlsrandolph/Documents/coding-projects/workout-app/frontend/node_modules/jsdom/lib/jsdom/living/generated/EventTarget.js:231:34)
          at Object.invokeGuardedCallbackDev (/home/cmlsrandolph/Documents/coding-projects/workout-app/frontend/node_modules/react-dom/cjs/react-dom.development.js:4213:16)
          at invokeGuardedCallback (/home/cmlsrandolph/Documents/coding-projects/workout-app/frontend/node_modules/react-dom/cjs/react-dom.development.js:4277:31)
          at beginWork$1 (/home/cmlsrandolph/Documents/coding-projects/workout-app/frontend/node_modules/react-dom/cjs/react-dom.development.js:27490:7)
          at performUnitOfWork (/home/cmlsrandolph/Documents/coding-projects/workout-app/frontend/node_modules/react-dom/cjs/react-dom.development.js:26599:12)
          at workLoopSync (/home/cmlsrandolph/Documents/coding-projects/workout-app/frontend/node_modules/react-dom/cjs/react-dom.development.js:26505:5)
          at renderRootSync (/home/cmlsrandolph/Documents/coding-projects/workout-app/frontend/node_modules/react-dom/cjs/react-dom.development.js:26473:7)
          at performConcurrentWorkOnRoot (/home/cmlsrandolph/Documents/coding-projects/workout-app/frontend/node_modules/react-dom/cjs/react-dom.development.js:25777:74)
          at flushActQueue (/home/cmlsrandolph/Documents/coding-projects/workout-app/frontend/node_modules/react/cjs/react.development.js:2667:24)
          at act (/home/cmlsrandolph/Documents/coding-projects/workout-app/frontend/node_modules/react/cjs/react.development.js:2582:11)
          at /home/cmlsrandolph/Documents/coding-projects/workout-app/frontend/node_modules/@testing-library/react/dist/act-compat.js:47:25
          at renderRoot (/home/cmlsrandolph/Documents/coding-projects/workout-app/frontend/node_modules/@testing-library/react/dist/pure.js:180:26)
          at render (/home/cmlsrandolph/Documents/coding-projects/workout-app/frontend/node_modules/@testing-library/react/dist/pure.js:271:10)
          at renderLoginPage (/home/cmlsrandolph/Documents/coding-projects/workout-app/frontend/src/tests/components/LoginForm.test.tsx:37:14)
          at Object.<anonymous> (/home/cmlsrandolph/Documents/coding-projects/workout-app/frontend/src/tests/components/LoginForm.test.tsx:130:23)
          at Promise.then.completed (/home/cmlsrandolph/Documents/coding-projects/workout-app/frontend/node_modules/jest-circus/build/utils.js:391:28)
          at new Promise (<anonymous>)
          at callAsyncCircusFn (/home/cmlsrandolph/Documents/coding-projects/workout-app/frontend/node_modules/jest-circus/build/utils.js:316:10)
          at _callCircusTest (/home/cmlsrandolph/Documents/coding-projects/workout-app/frontend/node_modules/jest-circus/build/run.js:218:40)
          at processTicksAndRejections (node:internal/process/task_queues:95:5)
          at _runTest (/home/cmlsrandolph/Documents/coding-projects/workout-app/frontend/node_modules/jest-circus/build/run.js:155:3)
          at _runTestsForDescribeBlock (/home/cmlsrandolph/Documents/coding-projects/workout-app/frontend/node_modules/jest-circus/build/run.js:66:9)
          at _runTestsForDescribeBlock (/home/cmlsrandolph/Documents/coding-projects/workout-app/frontend/node_modules/jest-circus/build/run.js:60:9)
          at run (/home/cmlsrandolph/Documents/coding-projects/workout-app/frontend/node_modules/jest-circus/build/run.js:25:3)
          at runAndTransformResultsToJestFormat (/home/cmlsrandolph/Documents/coding-projects/workout-app/frontend/node_modules/jest-circus/build/legacy-code-todo-rewrite/jestAdapterInit.js:170:21)
          at jestAdapter (/home/cmlsrandolph/Documents/coding-projects/workout-app/frontend/node_modules/jest-circus/build/legacy-code-todo-rewrite/jestAdapter.js:82:19)
          at runTestInternal (/home/cmlsrandolph/Documents/coding-projects/workout-app/frontend/node_modules/jest-runner/build/runTest.js:389:16)
          at runTest (/home/cmlsrandolph/Documents/coding-projects/workout-app/frontend/node_modules/jest-runner/build/runTest.js:475:34)
          at Object.worker (/home/cmlsrandolph/Documents/coding-projects/workout-app/frontend/node_modules/jest-runner/build/testWorker.js:133:12) TypeError: Cannot read properties of undefined (reading 'state')
          at LoginPage (/home/cmlsrandolph/Documents/coding-projects/workout-app/frontend/src/components/pages/LoginPage.tsx:42:26)
          at renderWithHooks (/home/cmlsrandolph/Documents/coding-projects/workout-app/frontend/node_modules/react-dom/cjs/react-dom.development.js:15486:18)
          at mountIndeterminateComponent (/home/cmlsrandolph/Documents/coding-projects/workout-app/frontend/node_modules/react-dom/cjs/react-dom.development.js:20103:13)
          at beginWork (/home/cmlsrandolph/Documents/coding-projects/workout-app/frontend/node_modules/react-dom/cjs/react-dom.development.js:21626:16)
          at HTMLUnknownElement.callCallback (/home/cmlsrandolph/Documents/coding-projects/workout-app/frontend/node_modules/react-dom/cjs/react-dom.development.js:4164:14)
          at HTMLUnknownElement.callTheUserObjectsOperation (/home/cmlsrandolph/Documents/coding-projects/workout-app/frontend/node_modules/jsdom/lib/jsdom/living/generated/EventListener.js:26:30)
          at innerInvokeEventListeners (/home/cmlsrandolph/Documents/coding-projects/workout-app/frontend/node_modules/jsdom/lib/jsdom/living/events/EventTarget-impl.js:338:25)
          at invokeEventListeners (/home/cmlsrandolph/Documents/coding-projects/workout-app/frontend/node_modules/jsdom/lib/jsdom/living/events/EventTarget-impl.js:274:3)
          at HTMLUnknownElementImpl._dispatch (/home/cmlsrandolph/Documents/coding-projects/workout-app/frontend/node_modules/jsdom/lib/jsdom/living/events/EventTarget-impl.js:221:9)
          at HTMLUnknownElementImpl.dispatchEvent (/home/cmlsrandolph/Documents/coding-projects/workout-app/frontend/node_modules/jsdom/lib/jsdom/living/events/EventTarget-impl.js:94:17)
          at HTMLUnknownElement.dispatchEvent (/home/cmlsrandolph/Documents/coding-projects/workout-app/frontend/node_modules/jsdom/lib/jsdom/living/generated/EventTarget.js:231:34)
          at Object.invokeGuardedCallbackDev (/home/cmlsrandolph/Documents/coding-projects/workout-app/frontend/node_modules/react-dom/cjs/react-dom.development.js:4213:16)
          at invokeGuardedCallback (/home/cmlsrandolph/Documents/coding-projects/workout-app/frontend/node_modules/react-dom/cjs/react-dom.development.js:4277:31)
          at beginWork$1 (/home/cmlsrandolph/Documents/coding-projects/workout-app/frontend/node_modules/react-dom/cjs/react-dom.development.js:27490:7)
          at performUnitOfWork (/home/cmlsrandolph/Documents/coding-projects/workout-app/frontend/node_modules/react-dom/cjs/react-dom.development.js:26599:12)
          at workLoopSync (/home/cmlsrandolph/Documents/coding-projects/workout-app/frontend/node_modules/react-dom/cjs/react-dom.development.js:26505:5)
          at renderRootSync (/home/cmlsrandolph/Documents/coding-projects/workout-app/frontend/node_modules/react-dom/cjs/react-dom.development.js:26473:7)
          at performConcurrentWorkOnRoot (/home/cmlsrandolph/Documents/coding-projects/workout-app/frontend/node_modules/react-dom/cjs/react-dom.development.js:25777:74)
          at flushActQueue (/home/cmlsrandolph/Documents/coding-projects/workout-app/frontend/node_modules/react/cjs/react.development.js:2667:24)
          at act (/home/cmlsrandolph/Documents/coding-projects/workout-app/frontend/node_modules/react/cjs/react.development.js:2582:11)
          at /home/cmlsrandolph/Documents/coding-projects/workout-app/frontend/node_modules/@testing-library/react/dist/act-compat.js:47:25
          at renderRoot (/home/cmlsrandolph/Documents/coding-projects/workout-app/frontend/node_modules/@testing-library/react/dist/pure.js:180:26)
          at render (/home/cmlsrandolph/Documents/coding-projects/workout-app/frontend/node_modules/@testing-library/react/dist/pure.js:271:10)
          at renderLoginPage (/home/cmlsrandolph/Documents/coding-projects/workout-app/frontend/src/tests/components/LoginForm.test.tsx:37:14)
          at Object.<anonymous> (/home/cmlsrandolph/Documents/coding-projects/workout-app/frontend/src/tests/components/LoginForm.test.tsx:130:23)
          at Promise.then.completed (/home/cmlsrandolph/Documents/coding-projects/workout-app/frontend/node_modules/jest-circus/build/utils.js:391:28)
          at new Promise (<anonymous>)
          at callAsyncCircusFn (/home/cmlsrandolph/Documents/coding-projects/workout-app/frontend/node_modules/jest-circus/build/utils.js:316:10)
          at _callCircusTest (/home/cmlsrandolph/Documents/coding-projects/workout-app/frontend/node_modules/jest-circus/build/run.js:218:40)
          at processTicksAndRejections (node:internal/process/task_queues:95:5)
          at _runTest (/home/cmlsrandolph/Documents/coding-projects/workout-app/frontend/node_modules/jest-circus/build/run.js:155:3)
          at _runTestsForDescribeBlock (/home/cmlsrandolph/Documents/coding-projects/workout-app/frontend/node_modules/jest-circus/build/run.js:66:9)
          at _runTestsForDescribeBlock (/home/cmlsrandolph/Documents/coding-projects/workout-app/frontend/node_modules/jest-circus/build/run.js:60:9)
          at run (/home/cmlsrandolph/Documents/coding-projects/workout-app/frontend/node_modules/jest-circus/build/run.js:25:3)
          at runAndTransformResultsToJestFormat (/home/cmlsrandolph/Documents/coding-projects/workout-app/frontend/node_modules/jest-circus/build/legacy-code-todo-rewrite/jestAdapterInit.js:170:21)
          at jestAdapter (/home/cmlsrandolph/Documents/coding-projects/workout-app/frontend/node_modules/jest-circus/build/legacy-code-todo-rewrite/jestAdapter.js:82:19)
          at runTestInternal (/home/cmlsrandolph/Documents/coding-projects/workout-app/frontend/node_modules/jest-runner/build/runTest.js:389:16)
          at runTest (/home/cmlsrandolph/Documents/coding-projects/workout-app/frontend/node_modules/jest-runner/build/runTest.js:475:34)
          at Object.worker (/home/cmlsrandolph/Documents/coding-projects/workout-app/frontend/node_modules/jest-runner/build/testWorker.js:133:12)

      35 |
      36 |   return {
    > 37 |     ...render(
         |              ^
      38 |       <Provider store={store}>
      39 |         <LoginPage />
      40 |       </Provider>

      at VirtualConsole.<anonymous> (node_modules/jsdom/lib/jsdom/virtual-console.js:29:45)
      at reportException (node_modules/jsdom/lib/jsdom/living/helpers/runtime-script-errors.js:70:28)
      at innerInvokeEventListeners (node_modules/jsdom/lib/jsdom/living/events/EventTarget-impl.js:341:9)
      at invokeEventListeners (node_modules/jsdom/lib/jsdom/living/events/EventTarget-impl.js:274:3)
      at HTMLUnknownElementImpl._dispatch (node_modules/jsdom/lib/jsdom/living/events/EventTarget-impl.js:221:9)
      at HTMLUnknownElementImpl.dispatchEvent (node_modules/jsdom/lib/jsdom/living/events/EventTarget-impl.js:94:17)
      at HTMLUnknownElement.dispatchEvent (node_modules/jsdom/lib/jsdom/living/generated/EventTarget.js:231:34)
      at Object.invokeGuardedCallbackDev (node_modules/react-dom/cjs/react-dom.development.js:4213:16)
      at invokeGuardedCallback (node_modules/react-dom/cjs/react-dom.development.js:4277:31)
      at beginWork$1 (node_modules/react-dom/cjs/react-dom.development.js:27490:7)
      at performUnitOfWork (node_modules/react-dom/cjs/react-dom.development.js:26599:12)
      at workLoopSync (node_modules/react-dom/cjs/react-dom.development.js:26505:5)
      at renderRootSync (node_modules/react-dom/cjs/react-dom.development.js:26473:7)
      at performConcurrentWorkOnRoot (node_modules/react-dom/cjs/react-dom.development.js:25777:74)
      at flushActQueue (node_modules/react/cjs/react.development.js:2667:24)
      at act (node_modules/react/cjs/react.development.js:2582:11)
      at node_modules/@testing-library/react/dist/act-compat.js:47:25
      at renderRoot (node_modules/@testing-library/react/dist/pure.js:180:26)
      at render (node_modules/@testing-library/react/dist/pure.js:271:10)
      at renderLoginPage (src/tests/components/LoginForm.test.tsx:37:14)
      at Object.<anonymous> (src/tests/components/LoginForm.test.tsx:130:23)

    console.error
      Error: Uncaught [TypeError: Cannot read properties of undefined (reading 'state')]
          at reportException (/home/cmlsrandolph/Documents/coding-projects/workout-app/frontend/node_modules/jsdom/lib/jsdom/living/helpers/runtime-script-errors.js:66:24)
          at innerInvokeEventListeners (/home/cmlsrandolph/Documents/coding-projects/workout-app/frontend/node_modules/jsdom/lib/jsdom/living/events/EventTarget-impl.js:341:9)
          at invokeEventListeners (/home/cmlsrandolph/Documents/coding-projects/workout-app/frontend/node_modules/jsdom/lib/jsdom/living/events/EventTarget-impl.js:274:3)
          at HTMLUnknownElementImpl._dispatch (/home/cmlsrandolph/Documents/coding-projects/workout-app/frontend/node_modules/jsdom/lib/jsdom/living/events/EventTarget-impl.js:221:9)
          at HTMLUnknownElementImpl.dispatchEvent (/home/cmlsrandolph/Documents/coding-projects/workout-app/frontend/node_modules/jsdom/lib/jsdom/living/events/EventTarget-impl.js:94:17)
          at HTMLUnknownElement.dispatchEvent (/home/cmlsrandolph/Documents/coding-projects/workout-app/frontend/node_modules/jsdom/lib/jsdom/living/generated/EventTarget.js:231:34)
          at Object.invokeGuardedCallbackDev (/home/cmlsrandolph/Documents/coding-projects/workout-app/frontend/node_modules/react-dom/cjs/react-dom.development.js:4213:16)
          at invokeGuardedCallback (/home/cmlsrandolph/Documents/coding-projects/workout-app/frontend/node_modules/react-dom/cjs/react-dom.development.js:4277:31)
          at beginWork$1 (/home/cmlsrandolph/Documents/coding-projects/workout-app/frontend/node_modules/react-dom/cjs/react-dom.development.js:27490:7)
          at performUnitOfWork (/home/cmlsrandolph/Documents/coding-projects/workout-app/frontend/node_modules/react-dom/cjs/react-dom.development.js:26599:12)
          at workLoopSync (/home/cmlsrandolph/Documents/coding-projects/workout-app/frontend/node_modules/react-dom/cjs/react-dom.development.js:26505:5)
          at renderRootSync (/home/cmlsrandolph/Documents/coding-projects/workout-app/frontend/node_modules/react-dom/cjs/react-dom.development.js:26473:7)
          at recoverFromConcurrentError (/home/cmlsrandolph/Documents/coding-projects/workout-app/frontend/node_modules/react-dom/cjs/react-dom.development.js:25889:20)
          at performConcurrentWorkOnRoot (/home/cmlsrandolph/Documents/coding-projects/workout-app/frontend/node_modules/react-dom/cjs/react-dom.development.js:25789:22)
          at flushActQueue (/home/cmlsrandolph/Documents/coding-projects/workout-app/frontend/node_modules/react/cjs/react.development.js:2667:24)
          at act (/home/cmlsrandolph/Documents/coding-projects/workout-app/frontend/node_modules/react/cjs/react.development.js:2582:11)
          at /home/cmlsrandolph/Documents/coding-projects/workout-app/frontend/node_modules/@testing-library/react/dist/act-compat.js:47:25
          at renderRoot (/home/cmlsrandolph/Documents/coding-projects/workout-app/frontend/node_modules/@testing-library/react/dist/pure.js:180:26)
          at render (/home/cmlsrandolph/Documents/coding-projects/workout-app/frontend/node_modules/@testing-library/react/dist/pure.js:271:10)
          at renderLoginPage (/home/cmlsrandolph/Documents/coding-projects/workout-app/frontend/src/tests/components/LoginForm.test.tsx:37:14)
          at Object.<anonymous> (/home/cmlsrandolph/Documents/coding-projects/workout-app/frontend/src/tests/components/LoginForm.test.tsx:130:23)
          at Promise.then.completed (/home/cmlsrandolph/Documents/coding-projects/workout-app/frontend/node_modules/jest-circus/build/utils.js:391:28)
          at new Promise (<anonymous>)
          at callAsyncCircusFn (/home/cmlsrandolph/Documents/coding-projects/workout-app/frontend/node_modules/jest-circus/build/utils.js:316:10)
          at _callCircusTest (/home/cmlsrandolph/Documents/coding-projects/workout-app/frontend/node_modules/jest-circus/build/run.js:218:40)
          at processTicksAndRejections (node:internal/process/task_queues:95:5)
          at _runTest (/home/cmlsrandolph/Documents/coding-projects/workout-app/frontend/node_modules/jest-circus/build/run.js:155:3)
          at _runTestsForDescribeBlock (/home/cmlsrandolph/Documents/coding-projects/workout-app/frontend/node_modules/jest-circus/build/run.js:66:9)
          at _runTestsForDescribeBlock (/home/cmlsrandolph/Documents/coding-projects/workout-app/frontend/node_modules/jest-circus/build/run.js:60:9)
          at run (/home/cmlsrandolph/Documents/coding-projects/workout-app/frontend/node_modules/jest-circus/build/run.js:25:3)
          at runAndTransformResultsToJestFormat (/home/cmlsrandolph/Documents/coding-projects/workout-app/frontend/node_modules/jest-circus/build/legacy-code-todo-rewrite/jestAdapterInit.js:170:21)
          at jestAdapter (/home/cmlsrandolph/Documents/coding-projects/workout-app/frontend/node_modules/jest-circus/build/legacy-code-todo-rewrite/jestAdapter.js:82:19)
          at runTestInternal (/home/cmlsrandolph/Documents/coding-projects/workout-app/frontend/node_modules/jest-runner/build/runTest.js:389:16)
          at runTest (/home/cmlsrandolph/Documents/coding-projects/workout-app/frontend/node_modules/jest-runner/build/runTest.js:475:34)
          at Object.worker (/home/cmlsrandolph/Documents/coding-projects/workout-app/frontend/node_modules/jest-runner/build/testWorker.js:133:12) TypeError: Cannot read properties of undefined (reading 'state')
          at LoginPage (/home/cmlsrandolph/Documents/coding-projects/workout-app/frontend/src/components/pages/LoginPage.tsx:42:26)
          at renderWithHooks (/home/cmlsrandolph/Documents/coding-projects/workout-app/frontend/node_modules/react-dom/cjs/react-dom.development.js:15486:18)
          at mountIndeterminateComponent (/home/cmlsrandolph/Documents/coding-projects/workout-app/frontend/node_modules/react-dom/cjs/react-dom.development.js:20103:13)
          at beginWork (/home/cmlsrandolph/Documents/coding-projects/workout-app/frontend/node_modules/react-dom/cjs/react-dom.development.js:21626:16)
          at HTMLUnknownElement.callCallback (/home/cmlsrandolph/Documents/coding-projects/workout-app/frontend/node_modules/react-dom/cjs/react-dom.development.js:4164:14)
          at HTMLUnknownElement.callTheUserObjectsOperation (/home/cmlsrandolph/Documents/coding-projects/workout-app/frontend/node_modules/jsdom/lib/jsdom/living/generated/EventListener.js:26:30)
          at innerInvokeEventListeners (/home/cmlsrandolph/Documents/coding-projects/workout-app/frontend/node_modules/jsdom/lib/jsdom/living/events/EventTarget-impl.js:338:25)
          at invokeEventListeners (/home/cmlsrandolph/Documents/coding-projects/workout-app/frontend/node_modules/jsdom/lib/jsdom/living/events/EventTarget-impl.js:274:3)
          at HTMLUnknownElementImpl._dispatch (/home/cmlsrandolph/Documents/coding-projects/workout-app/frontend/node_modules/jsdom/lib/jsdom/living/events/EventTarget-impl.js:221:9)
          at HTMLUnknownElementImpl.dispatchEvent (/home/cmlsrandolph/Documents/coding-projects/workout-app/frontend/node_modules/jsdom/lib/jsdom/living/events/EventTarget-impl.js:94:17)
          at HTMLUnknownElement.dispatchEvent (/home/cmlsrandolph/Documents/coding-projects/workout-app/frontend/node_modules/jsdom/lib/jsdom/living/generated/EventTarget.js:231:34)
          at Object.invokeGuardedCallbackDev (/home/cmlsrandolph/Documents/coding-projects/workout-app/frontend/node_modules/react-dom/cjs/react-dom.development.js:4213:16)
          at invokeGuardedCallback (/home/cmlsrandolph/Documents/coding-projects/workout-app/frontend/node_modules/react-dom/cjs/react-dom.development.js:4277:31)
          at beginWork$1 (/home/cmlsrandolph/Documents/coding-projects/workout-app/frontend/node_modules/react-dom/cjs/react-dom.development.js:27490:7)
          at performUnitOfWork (/home/cmlsrandolph/Documents/coding-projects/workout-app/frontend/node_modules/react-dom/cjs/react-dom.development.js:26599:12)
          at workLoopSync (/home/cmlsrandolph/Documents/coding-projects/workout-app/frontend/node_modules/react-dom/cjs/react-dom.development.js:26505:5)
          at renderRootSync (/home/cmlsrandolph/Documents/coding-projects/workout-app/frontend/node_modules/react-dom/cjs/react-dom.development.js:26473:7)
          at recoverFromConcurrentError (/home/cmlsrandolph/Documents/coding-projects/workout-app/frontend/node_modules/react-dom/cjs/react-dom.development.js:25889:20)
          at performConcurrentWorkOnRoot (/home/cmlsrandolph/Documents/coding-projects/workout-app/frontend/node_modules/react-dom/cjs/react-dom.development.js:25789:22)
          at flushActQueue (/home/cmlsrandolph/Documents/coding-projects/workout-app/frontend/node_modules/react/cjs/react.development.js:2667:24)
          at act (/home/cmlsrandolph/Documents/coding-projects/workout-app/frontend/node_modules/react/cjs/react.development.js:2582:11)
          at /home/cmlsrandolph/Documents/coding-projects/workout-app/frontend/node_modules/@testing-library/react/dist/act-compat.js:47:25
          at renderRoot (/home/cmlsrandolph/Documents/coding-projects/workout-app/frontend/node_modules/@testing-library/react/dist/pure.js:180:26)
          at render (/home/cmlsrandolph/Documents/coding-projects/workout-app/frontend/node_modules/@testing-library/react/dist/pure.js:271:10)
          at renderLoginPage (/home/cmlsrandolph/Documents/coding-projects/workout-app/frontend/src/tests/components/LoginForm.test.tsx:37:14)
          at Object.<anonymous> (/home/cmlsrandolph/Documents/coding-projects/workout-app/frontend/src/tests/components/LoginForm.test.tsx:130:23)
          at Promise.then.completed (/home/cmlsrandolph/Documents/coding-projects/workout-app/frontend/node_modules/jest-circus/build/utils.js:391:28)
          at new Promise (<anonymous>)
          at callAsyncCircusFn (/home/cmlsrandolph/Documents/coding-projects/workout-app/frontend/node_modules/jest-circus/build/utils.js:316:10)
          at _callCircusTest (/home/cmlsrandolph/Documents/coding-projects/workout-app/frontend/node_modules/jest-circus/build/run.js:218:40)
          at processTicksAndRejections (node:internal/process/task_queues:95:5)
          at _runTest (/home/cmlsrandolph/Documents/coding-projects/workout-app/frontend/node_modules/jest-circus/build/run.js:155:3)
          at _runTestsForDescribeBlock (/home/cmlsrandolph/Documents/coding-projects/workout-app/frontend/node_modules/jest-circus/build/run.js:66:9)
          at _runTestsForDescribeBlock (/home/cmlsrandolph/Documents/coding-projects/workout-app/frontend/node_modules/jest-circus/build/run.js:60:9)
          at run (/home/cmlsrandolph/Documents/coding-projects/workout-app/frontend/node_modules/jest-circus/build/run.js:25:3)
          at runAndTransformResultsToJestFormat (/home/cmlsrandolph/Documents/coding-projects/workout-app/frontend/node_modules/jest-circus/build/legacy-code-todo-rewrite/jestAdapterInit.js:170:21)
          at jestAdapter (/home/cmlsrandolph/Documents/coding-projects/workout-app/frontend/node_modules/jest-circus/build/legacy-code-todo-rewrite/jestAdapter.js:82:19)
          at runTestInternal (/home/cmlsrandolph/Documents/coding-projects/workout-app/frontend/node_modules/jest-runner/build/runTest.js:389:16)
          at runTest (/home/cmlsrandolph/Documents/coding-projects/workout-app/frontend/node_modules/jest-runner/build/runTest.js:475:34)
          at Object.worker (/home/cmlsrandolph/Documents/coding-projects/workout-app/frontend/node_modules/jest-runner/build/testWorker.js:133:12)

      35 |
      36 |   return {
    > 37 |     ...render(
         |              ^
      38 |       <Provider store={store}>
      39 |         <LoginPage />
      40 |       </Provider>

      at VirtualConsole.<anonymous> (node_modules/jsdom/lib/jsdom/virtual-console.js:29:45)
      at reportException (node_modules/jsdom/lib/jsdom/living/helpers/runtime-script-errors.js:70:28)
      at innerInvokeEventListeners (node_modules/jsdom/lib/jsdom/living/events/EventTarget-impl.js:341:9)
      at invokeEventListeners (node_modules/jsdom/lib/jsdom/living/events/EventTarget-impl.js:274:3)
      at HTMLUnknownElementImpl._dispatch (node_modules/jsdom/lib/jsdom/living/events/EventTarget-impl.js:221:9)
      at HTMLUnknownElementImpl.dispatchEvent (node_modules/jsdom/lib/jsdom/living/events/EventTarget-impl.js:94:17)
      at HTMLUnknownElement.dispatchEvent (node_modules/jsdom/lib/jsdom/living/generated/EventTarget.js:231:34)
      at Object.invokeGuardedCallbackDev (node_modules/react-dom/cjs/react-dom.development.js:4213:16)
      at invokeGuardedCallback (node_modules/react-dom/cjs/react-dom.development.js:4277:31)
      at beginWork$1 (node_modules/react-dom/cjs/react-dom.development.js:27490:7)
      at performUnitOfWork (node_modules/react-dom/cjs/react-dom.development.js:26599:12)
      at workLoopSync (node_modules/react-dom/cjs/react-dom.development.js:26505:5)
      at renderRootSync (node_modules/react-dom/cjs/react-dom.development.js:26473:7)
      at recoverFromConcurrentError (node_modules/react-dom/cjs/react-dom.development.js:25889:20)
      at performConcurrentWorkOnRoot (node_modules/react-dom/cjs/react-dom.development.js:25789:22)
      at flushActQueue (node_modules/react/cjs/react.development.js:2667:24)
      at act (node_modules/react/cjs/react.development.js:2582:11)
      at node_modules/@testing-library/react/dist/act-compat.js:47:25
      at renderRoot (node_modules/@testing-library/react/dist/pure.js:180:26)
      at render (node_modules/@testing-library/react/dist/pure.js:271:10)
      at renderLoginPage (src/tests/components/LoginForm.test.tsx:37:14)
      at Object.<anonymous> (src/tests/components/LoginForm.test.tsx:130:23)

    console.error
      The above error occurred in the <LoginPage> component:
      
          at LoginPage (/home/cmlsrandolph/Documents/coding-projects/workout-app/frontend/src/components/pages/LoginPage.tsx:26:37)
          at Provider (/home/cmlsrandolph/Documents/coding-projects/workout-app/frontend/node_modules/react-redux/lib/components/Provider.js:19:3)
      
      Consider adding an error boundary to your tree to customize error handling behavior.
      Visit https://reactjs.org/link/error-boundaries to learn more about error boundaries.

      35 |
      36 |   return {
    > 37 |     ...render(
         |              ^
      38 |       <Provider store={store}>
      39 |         <LoginPage />
      40 |       </Provider>

      at logCapturedError (node_modules/react-dom/cjs/react-dom.development.js:18704:23)
      at update.callback (node_modules/react-dom/cjs/react-dom.development.js:18737:5)
      at callCallback (node_modules/react-dom/cjs/react-dom.development.js:15036:12)
      at commitUpdateQueue (node_modules/react-dom/cjs/react-dom.development.js:15057:9)
      at commitLayoutEffectOnFiber (node_modules/react-dom/cjs/react-dom.development.js:23430:13)
      at commitLayoutMountEffects_complete (node_modules/react-dom/cjs/react-dom.development.js:24727:9)
      at commitLayoutEffects_begin (node_modules/react-dom/cjs/react-dom.development.js:24713:7)
      at commitLayoutEffects (node_modules/react-dom/cjs/react-dom.development.js:24651:3)
      at commitRootImpl (node_modules/react-dom/cjs/react-dom.development.js:26862:5)
      at commitRoot (node_modules/react-dom/cjs/react-dom.development.js:26721:5)
      at finishConcurrentRender (node_modules/react-dom/cjs/react-dom.development.js:25931:9)
      at performConcurrentWorkOnRoot (node_modules/react-dom/cjs/react-dom.development.js:25848:7)
      at flushActQueue (node_modules/react/cjs/react.development.js:2667:24)
      at act (node_modules/react/cjs/react.development.js:2582:11)
      at node_modules/@testing-library/react/dist/act-compat.js:47:25
      at renderRoot (node_modules/@testing-library/react/dist/pure.js:180:26)
      at render (node_modules/@testing-library/react/dist/pure.js:271:10)
      at renderLoginPage (src/tests/components/LoginForm.test.tsx:37:14)
      at Object.<anonymous> (src/tests/components/LoginForm.test.tsx:130:23)

    console.error
      Error: Uncaught [TypeError: Cannot read properties of undefined (reading 'state')]
          at reportException (/home/cmlsrandolph/Documents/coding-projects/workout-app/frontend/node_modules/jsdom/lib/jsdom/living/helpers/runtime-script-errors.js:66:24)
          at innerInvokeEventListeners (/home/cmlsrandolph/Documents/coding-projects/workout-app/frontend/node_modules/jsdom/lib/jsdom/living/events/EventTarget-impl.js:341:9)
          at invokeEventListeners (/home/cmlsrandolph/Documents/coding-projects/workout-app/frontend/node_modules/jsdom/lib/jsdom/living/events/EventTarget-impl.js:274:3)
          at HTMLUnknownElementImpl._dispatch (/home/cmlsrandolph/Documents/coding-projects/workout-app/frontend/node_modules/jsdom/lib/jsdom/living/events/EventTarget-impl.js:221:9)
          at HTMLUnknownElementImpl.dispatchEvent (/home/cmlsrandolph/Documents/coding-projects/workout-app/frontend/node_modules/jsdom/lib/jsdom/living/events/EventTarget-impl.js:94:17)
          at HTMLUnknownElement.dispatchEvent (/home/cmlsrandolph/Documents/coding-projects/workout-app/frontend/node_modules/jsdom/lib/jsdom/living/generated/EventTarget.js:231:34)
          at Object.invokeGuardedCallbackDev (/home/cmlsrandolph/Documents/coding-projects/workout-app/frontend/node_modules/react-dom/cjs/react-dom.development.js:4213:16)
          at invokeGuardedCallback (/home/cmlsrandolph/Documents/coding-projects/workout-app/frontend/node_modules/react-dom/cjs/react-dom.development.js:4277:31)
          at beginWork$1 (/home/cmlsrandolph/Documents/coding-projects/workout-app/frontend/node_modules/react-dom/cjs/react-dom.development.js:27490:7)
          at performUnitOfWork (/home/cmlsrandolph/Documents/coding-projects/workout-app/frontend/node_modules/react-dom/cjs/react-dom.development.js:26599:12)
          at workLoopSync (/home/cmlsrandolph/Documents/coding-projects/workout-app/frontend/node_modules/react-dom/cjs/react-dom.development.js:26505:5)
          at renderRootSync (/home/cmlsrandolph/Documents/coding-projects/workout-app/frontend/node_modules/react-dom/cjs/react-dom.development.js:26473:7)
          at performConcurrentWorkOnRoot (/home/cmlsrandolph/Documents/coding-projects/workout-app/frontend/node_modules/react-dom/cjs/react-dom.development.js:25777:74)
          at flushActQueue (/home/cmlsrandolph/Documents/coding-projects/workout-app/frontend/node_modules/react/cjs/react.development.js:2667:24)
          at act (/home/cmlsrandolph/Documents/coding-projects/workout-app/frontend/node_modules/react/cjs/react.development.js:2582:11)
          at /home/cmlsrandolph/Documents/coding-projects/workout-app/frontend/node_modules/@testing-library/react/dist/act-compat.js:47:25
          at renderRoot (/home/cmlsrandolph/Documents/coding-projects/workout-app/frontend/node_modules/@testing-library/react/dist/pure.js:180:26)
          at render (/home/cmlsrandolph/Documents/coding-projects/workout-app/frontend/node_modules/@testing-library/react/dist/pure.js:271:10)
          at renderLoginPage (/home/cmlsrandolph/Documents/coding-projects/workout-app/frontend/src/tests/components/LoginForm.test.tsx:37:14)
          at Object.<anonymous> (/home/cmlsrandolph/Documents/coding-projects/workout-app/frontend/src/tests/components/LoginForm.test.tsx:158:5)
          at Promise.then.completed (/home/cmlsrandolph/Documents/coding-projects/workout-app/frontend/node_modules/jest-circus/build/utils.js:391:28)
          at new Promise (<anonymous>)
          at callAsyncCircusFn (/home/cmlsrandolph/Documents/coding-projects/workout-app/frontend/node_modules/jest-circus/build/utils.js:316:10)
          at _callCircusTest (/home/cmlsrandolph/Documents/coding-projects/workout-app/frontend/node_modules/jest-circus/build/run.js:218:40)
          at processTicksAndRejections (node:internal/process/task_queues:95:5)
          at _runTest (/home/cmlsrandolph/Documents/coding-projects/workout-app/frontend/node_modules/jest-circus/build/run.js:155:3)
          at _runTestsForDescribeBlock (/home/cmlsrandolph/Documents/coding-projects/workout-app/frontend/node_modules/jest-circus/build/run.js:66:9)
          at _runTestsForDescribeBlock (/home/cmlsrandolph/Documents/coding-projects/workout-app/frontend/node_modules/jest-circus/build/run.js:60:9)
          at run (/home/cmlsrandolph/Documents/coding-projects/workout-app/frontend/node_modules/jest-circus/build/run.js:25:3)
          at runAndTransformResultsToJestFormat (/home/cmlsrandolph/Documents/coding-projects/workout-app/frontend/node_modules/jest-circus/build/legacy-code-todo-rewrite/jestAdapterInit.js:170:21)
          at jestAdapter (/home/cmlsrandolph/Documents/coding-projects/workout-app/frontend/node_modules/jest-circus/build/legacy-code-todo-rewrite/jestAdapter.js:82:19)
          at runTestInternal (/home/cmlsrandolph/Documents/coding-projects/workout-app/frontend/node_modules/jest-runner/build/runTest.js:389:16)
          at runTest (/home/cmlsrandolph/Documents/coding-projects/workout-app/frontend/node_modules/jest-runner/build/runTest.js:475:34)
          at Object.worker (/home/cmlsrandolph/Documents/coding-projects/workout-app/frontend/node_modules/jest-runner/build/testWorker.js:133:12) TypeError: Cannot read properties of undefined (reading 'state')
          at LoginPage (/home/cmlsrandolph/Documents/coding-projects/workout-app/frontend/src/components/pages/LoginPage.tsx:42:26)
          at renderWithHooks (/home/cmlsrandolph/Documents/coding-projects/workout-app/frontend/node_modules/react-dom/cjs/react-dom.development.js:15486:18)
          at mountIndeterminateComponent (/home/cmlsrandolph/Documents/coding-projects/workout-app/frontend/node_modules/react-dom/cjs/react-dom.development.js:20103:13)
          at beginWork (/home/cmlsrandolph/Documents/coding-projects/workout-app/frontend/node_modules/react-dom/cjs/react-dom.development.js:21626:16)
          at HTMLUnknownElement.callCallback (/home/cmlsrandolph/Documents/coding-projects/workout-app/frontend/node_modules/react-dom/cjs/react-dom.development.js:4164:14)
          at HTMLUnknownElement.callTheUserObjectsOperation (/home/cmlsrandolph/Documents/coding-projects/workout-app/frontend/node_modules/jsdom/lib/jsdom/living/generated/EventListener.js:26:30)
          at innerInvokeEventListeners (/home/cmlsrandolph/Documents/coding-projects/workout-app/frontend/node_modules/jsdom/lib/jsdom/living/events/EventTarget-impl.js:338:25)
          at invokeEventListeners (/home/cmlsrandolph/Documents/coding-projects/workout-app/frontend/node_modules/jsdom/lib/jsdom/living/events/EventTarget-impl.js:274:3)
          at HTMLUnknownElementImpl._dispatch (/home/cmlsrandolph/Documents/coding-projects/workout-app/frontend/node_modules/jsdom/lib/jsdom/living/events/EventTarget-impl.js:221:9)
          at HTMLUnknownElementImpl.dispatchEvent (/home/cmlsrandolph/Documents/coding-projects/workout-app/frontend/node_modules/jsdom/lib/jsdom/living/events/EventTarget-impl.js:94:17)
          at HTMLUnknownElement.dispatchEvent (/home/cmlsrandolph/Documents/coding-projects/workout-app/frontend/node_modules/jsdom/lib/jsdom/living/generated/EventTarget.js:231:34)
          at Object.invokeGuardedCallbackDev (/home/cmlsrandolph/Documents/coding-projects/workout-app/frontend/node_modules/react-dom/cjs/react-dom.development.js:4213:16)
          at invokeGuardedCallback (/home/cmlsrandolph/Documents/coding-projects/workout-app/frontend/node_modules/react-dom/cjs/react-dom.development.js:4277:31)
          at beginWork$1 (/home/cmlsrandolph/Documents/coding-projects/workout-app/frontend/node_modules/react-dom/cjs/react-dom.development.js:27490:7)
          at performUnitOfWork (/home/cmlsrandolph/Documents/coding-projects/workout-app/frontend/node_modules/react-dom/cjs/react-dom.development.js:26599:12)
          at workLoopSync (/home/cmlsrandolph/Documents/coding-projects/workout-app/frontend/node_modules/react-dom/cjs/react-dom.development.js:26505:5)
          at renderRootSync (/home/cmlsrandolph/Documents/coding-projects/workout-app/frontend/node_modules/react-dom/cjs/react-dom.development.js:26473:7)
          at performConcurrentWorkOnRoot (/home/cmlsrandolph/Documents/coding-projects/workout-app/frontend/node_modules/react-dom/cjs/react-dom.development.js:25777:74)
          at flushActQueue (/home/cmlsrandolph/Documents/coding-projects/workout-app/frontend/node_modules/react/cjs/react.development.js:2667:24)
          at act (/home/cmlsrandolph/Documents/coding-projects/workout-app/frontend/node_modules/react/cjs/react.development.js:2582:11)
          at /home/cmlsrandolph/Documents/coding-projects/workout-app/frontend/node_modules/@testing-library/react/dist/act-compat.js:47:25
          at renderRoot (/home/cmlsrandolph/Documents/coding-projects/workout-app/frontend/node_modules/@testing-library/react/dist/pure.js:180:26)
          at render (/home/cmlsrandolph/Documents/coding-projects/workout-app/frontend/node_modules/@testing-library/react/dist/pure.js:271:10)
          at renderLoginPage (/home/cmlsrandolph/Documents/coding-projects/workout-app/frontend/src/tests/components/LoginForm.test.tsx:37:14)
          at Object.<anonymous> (/home/cmlsrandolph/Documents/coding-projects/workout-app/frontend/src/tests/components/LoginForm.test.tsx:158:5)
          at Promise.then.completed (/home/cmlsrandolph/Documents/coding-projects/workout-app/frontend/node_modules/jest-circus/build/utils.js:391:28)
          at new Promise (<anonymous>)
          at callAsyncCircusFn (/home/cmlsrandolph/Documents/coding-projects/workout-app/frontend/node_modules/jest-circus/build/utils.js:316:10)
          at _callCircusTest (/home/cmlsrandolph/Documents/coding-projects/workout-app/frontend/node_modules/jest-circus/build/run.js:218:40)
          at processTicksAndRejections (node:internal/process/task_queues:95:5)
          at _runTest (/home/cmlsrandolph/Documents/coding-projects/workout-app/frontend/node_modules/jest-circus/build/run.js:155:3)
          at _runTestsForDescribeBlock (/home/cmlsrandolph/Documents/coding-projects/workout-app/frontend/node_modules/jest-circus/build/run.js:66:9)
          at _runTestsForDescribeBlock (/home/cmlsrandolph/Documents/coding-projects/workout-app/frontend/node_modules/jest-circus/build/run.js:60:9)
          at run (/home/cmlsrandolph/Documents/coding-projects/workout-app/frontend/node_modules/jest-circus/build/run.js:25:3)
          at runAndTransformResultsToJestFormat (/home/cmlsrandolph/Documents/coding-projects/workout-app/frontend/node_modules/jest-circus/build/legacy-code-todo-rewrite/jestAdapterInit.js:170:21)
          at jestAdapter (/home/cmlsrandolph/Documents/coding-projects/workout-app/frontend/node_modules/jest-circus/build/legacy-code-todo-rewrite/jestAdapter.js:82:19)
          at runTestInternal (/home/cmlsrandolph/Documents/coding-projects/workout-app/frontend/node_modules/jest-runner/build/runTest.js:389:16)
          at runTest (/home/cmlsrandolph/Documents/coding-projects/workout-app/frontend/node_modules/jest-runner/build/runTest.js:475:34)
          at Object.worker (/home/cmlsrandolph/Documents/coding-projects/workout-app/frontend/node_modules/jest-runner/build/testWorker.js:133:12)

      35 |
      36 |   return {
    > 37 |     ...render(
         |              ^
      38 |       <Provider store={store}>
      39 |         <LoginPage />
      40 |       </Provider>

      at VirtualConsole.<anonymous> (node_modules/jsdom/lib/jsdom/virtual-console.js:29:45)
      at reportException (node_modules/jsdom/lib/jsdom/living/helpers/runtime-script-errors.js:70:28)
      at innerInvokeEventListeners (node_modules/jsdom/lib/jsdom/living/events/EventTarget-impl.js:341:9)
      at invokeEventListeners (node_modules/jsdom/lib/jsdom/living/events/EventTarget-impl.js:274:3)
      at HTMLUnknownElementImpl._dispatch (node_modules/jsdom/lib/jsdom/living/events/EventTarget-impl.js:221:9)
      at HTMLUnknownElementImpl.dispatchEvent (node_modules/jsdom/lib/jsdom/living/events/EventTarget-impl.js:94:17)
      at HTMLUnknownElement.dispatchEvent (node_modules/jsdom/lib/jsdom/living/generated/EventTarget.js:231:34)
      at Object.invokeGuardedCallbackDev (node_modules/react-dom/cjs/react-dom.development.js:4213:16)
      at invokeGuardedCallback (node_modules/react-dom/cjs/react-dom.development.js:4277:31)
      at beginWork$1 (node_modules/react-dom/cjs/react-dom.development.js:27490:7)
      at performUnitOfWork (node_modules/react-dom/cjs/react-dom.development.js:26599:12)
      at workLoopSync (node_modules/react-dom/cjs/react-dom.development.js:26505:5)
      at renderRootSync (node_modules/react-dom/cjs/react-dom.development.js:26473:7)
      at performConcurrentWorkOnRoot (node_modules/react-dom/cjs/react-dom.development.js:25777:74)
      at flushActQueue (node_modules/react/cjs/react.development.js:2667:24)
      at act (node_modules/react/cjs/react.development.js:2582:11)
      at node_modules/@testing-library/react/dist/act-compat.js:47:25
      at renderRoot (node_modules/@testing-library/react/dist/pure.js:180:26)
      at render (node_modules/@testing-library/react/dist/pure.js:271:10)
      at renderLoginPage (src/tests/components/LoginForm.test.tsx:37:14)
      at Object.<anonymous> (src/tests/components/LoginForm.test.tsx:158:5)

    console.error
      Error: Uncaught [TypeError: Cannot read properties of undefined (reading 'state')]
          at reportException (/home/cmlsrandolph/Documents/coding-projects/workout-app/frontend/node_modules/jsdom/lib/jsdom/living/helpers/runtime-script-errors.js:66:24)
          at innerInvokeEventListeners (/home/cmlsrandolph/Documents/coding-projects/workout-app/frontend/node_modules/jsdom/lib/jsdom/living/events/EventTarget-impl.js:341:9)
          at invokeEventListeners (/home/cmlsrandolph/Documents/coding-projects/workout-app/frontend/node_modules/jsdom/lib/jsdom/living/events/EventTarget-impl.js:274:3)
          at HTMLUnknownElementImpl._dispatch (/home/cmlsrandolph/Documents/coding-projects/workout-app/frontend/node_modules/jsdom/lib/jsdom/living/events/EventTarget-impl.js:221:9)
          at HTMLUnknownElementImpl.dispatchEvent (/home/cmlsrandolph/Documents/coding-projects/workout-app/frontend/node_modules/jsdom/lib/jsdom/living/events/EventTarget-impl.js:94:17)
          at HTMLUnknownElement.dispatchEvent (/home/cmlsrandolph/Documents/coding-projects/workout-app/frontend/node_modules/jsdom/lib/jsdom/living/generated/EventTarget.js:231:34)
          at Object.invokeGuardedCallbackDev (/home/cmlsrandolph/Documents/coding-projects/workout-app/frontend/node_modules/react-dom/cjs/react-dom.development.js:4213:16)
          at invokeGuardedCallback (/home/cmlsrandolph/Documents/coding-projects/workout-app/frontend/node_modules/react-dom/cjs/react-dom.development.js:4277:31)
          at beginWork$1 (/home/cmlsrandolph/Documents/coding-projects/workout-app/frontend/node_modules/react-dom/cjs/react-dom.development.js:27490:7)
          at performUnitOfWork (/home/cmlsrandolph/Documents/coding-projects/workout-app/frontend/node_modules/react-dom/cjs/react-dom.development.js:26599:12)
          at workLoopSync (/home/cmlsrandolph/Documents/coding-projects/workout-app/frontend/node_modules/react-dom/cjs/react-dom.development.js:26505:5)
          at renderRootSync (/home/cmlsrandolph/Documents/coding-projects/workout-app/frontend/node_modules/react-dom/cjs/react-dom.development.js:26473:7)
          at recoverFromConcurrentError (/home/cmlsrandolph/Documents/coding-projects/workout-app/frontend/node_modules/react-dom/cjs/react-dom.development.js:25889:20)
          at performConcurrentWorkOnRoot (/home/cmlsrandolph/Documents/coding-projects/workout-app/frontend/node_modules/react-dom/cjs/react-dom.development.js:25789:22)
          at flushActQueue (/home/cmlsrandolph/Documents/coding-projects/workout-app/frontend/node_modules/react/cjs/react.development.js:2667:24)
          at act (/home/cmlsrandolph/Documents/coding-projects/workout-app/frontend/node_modules/react/cjs/react.development.js:2582:11)
          at /home/cmlsrandolph/Documents/coding-projects/workout-app/frontend/node_modules/@testing-library/react/dist/act-compat.js:47:25
          at renderRoot (/home/cmlsrandolph/Documents/coding-projects/workout-app/frontend/node_modules/@testing-library/react/dist/pure.js:180:26)
          at render (/home/cmlsrandolph/Documents/coding-projects/workout-app/frontend/node_modules/@testing-library/react/dist/pure.js:271:10)
          at renderLoginPage (/home/cmlsrandolph/Documents/coding-projects/workout-app/frontend/src/tests/components/LoginForm.test.tsx:37:14)
          at Object.<anonymous> (/home/cmlsrandolph/Documents/coding-projects/workout-app/frontend/src/tests/components/LoginForm.test.tsx:158:5)
          at Promise.then.completed (/home/cmlsrandolph/Documents/coding-projects/workout-app/frontend/node_modules/jest-circus/build/utils.js:391:28)
          at new Promise (<anonymous>)
          at callAsyncCircusFn (/home/cmlsrandolph/Documents/coding-projects/workout-app/frontend/node_modules/jest-circus/build/utils.js:316:10)
          at _callCircusTest (/home/cmlsrandolph/Documents/coding-projects/workout-app/frontend/node_modules/jest-circus/build/run.js:218:40)
          at processTicksAndRejections (node:internal/process/task_queues:95:5)
          at _runTest (/home/cmlsrandolph/Documents/coding-projects/workout-app/frontend/node_modules/jest-circus/build/run.js:155:3)
          at _runTestsForDescribeBlock (/home/cmlsrandolph/Documents/coding-projects/workout-app/frontend/node_modules/jest-circus/build/run.js:66:9)
          at _runTestsForDescribeBlock (/home/cmlsrandolph/Documents/coding-projects/workout-app/frontend/node_modules/jest-circus/build/run.js:60:9)
          at run (/home/cmlsrandolph/Documents/coding-projects/workout-app/frontend/node_modules/jest-circus/build/run.js:25:3)
          at runAndTransformResultsToJestFormat (/home/cmlsrandolph/Documents/coding-projects/workout-app/frontend/node_modules/jest-circus/build/legacy-code-todo-rewrite/jestAdapterInit.js:170:21)
          at jestAdapter (/home/cmlsrandolph/Documents/coding-projects/workout-app/frontend/node_modules/jest-circus/build/legacy-code-todo-rewrite/jestAdapter.js:82:19)
          at runTestInternal (/home/cmlsrandolph/Documents/coding-projects/workout-app/frontend/node_modules/jest-runner/build/runTest.js:389:16)
          at runTest (/home/cmlsrandolph/Documents/coding-projects/workout-app/frontend/node_modules/jest-runner/build/runTest.js:475:34)
          at Object.worker (/home/cmlsrandolph/Documents/coding-projects/workout-app/frontend/node_modules/jest-runner/build/testWorker.js:133:12) TypeError: Cannot read properties of undefined (reading 'state')
          at LoginPage (/home/cmlsrandolph/Documents/coding-projects/workout-app/frontend/src/components/pages/LoginPage.tsx:42:26)
          at renderWithHooks (/home/cmlsrandolph/Documents/coding-projects/workout-app/frontend/node_modules/react-dom/cjs/react-dom.development.js:15486:18)
          at mountIndeterminateComponent (/home/cmlsrandolph/Documents/coding-projects/workout-app/frontend/node_modules/react-dom/cjs/react-dom.development.js:20103:13)
          at beginWork (/home/cmlsrandolph/Documents/coding-projects/workout-app/frontend/node_modules/react-dom/cjs/react-dom.development.js:21626:16)
          at HTMLUnknownElement.callCallback (/home/cmlsrandolph/Documents/coding-projects/workout-app/frontend/node_modules/react-dom/cjs/react-dom.development.js:4164:14)
          at HTMLUnknownElement.callTheUserObjectsOperation (/home/cmlsrandolph/Documents/coding-projects/workout-app/frontend/node_modules/jsdom/lib/jsdom/living/generated/EventListener.js:26:30)
          at innerInvokeEventListeners (/home/cmlsrandolph/Documents/coding-projects/workout-app/frontend/node_modules/jsdom/lib/jsdom/living/events/EventTarget-impl.js:338:25)
          at invokeEventListeners (/home/cmlsrandolph/Documents/coding-projects/workout-app/frontend/node_modules/jsdom/lib/jsdom/living/events/EventTarget-impl.js:274:3)
          at HTMLUnknownElementImpl._dispatch (/home/cmlsrandolph/Documents/coding-projects/workout-app/frontend/node_modules/jsdom/lib/jsdom/living/events/EventTarget-impl.js:221:9)
          at HTMLUnknownElementImpl.dispatchEvent (/home/cmlsrandolph/Documents/coding-projects/workout-app/frontend/node_modules/jsdom/lib/jsdom/living/events/EventTarget-impl.js:94:17)
          at HTMLUnknownElement.dispatchEvent (/home/cmlsrandolph/Documents/coding-projects/workout-app/frontend/node_modules/jsdom/lib/jsdom/living/generated/EventTarget.js:231:34)
          at Object.invokeGuardedCallbackDev (/home/cmlsrandolph/Documents/coding-projects/workout-app/frontend/node_modules/react-dom/cjs/react-dom.development.js:4213:16)
          at invokeGuardedCallback (/home/cmlsrandolph/Documents/coding-projects/workout-app/frontend/node_modules/react-dom/cjs/react-dom.development.js:4277:31)
          at beginWork$1 (/home/cmlsrandolph/Documents/coding-projects/workout-app/frontend/node_modules/react-dom/cjs/react-dom.development.js:27490:7)
          at performUnitOfWork (/home/cmlsrandolph/Documents/coding-projects/workout-app/frontend/node_modules/react-dom/cjs/react-dom.development.js:26599:12)
          at workLoopSync (/home/cmlsrandolph/Documents/coding-projects/workout-app/frontend/node_modules/react-dom/cjs/react-dom.development.js:26505:5)
          at renderRootSync (/home/cmlsrandolph/Documents/coding-projects/workout-app/frontend/node_modules/react-dom/cjs/react-dom.development.js:26473:7)
          at recoverFromConcurrentError (/home/cmlsrandolph/Documents/coding-projects/workout-app/frontend/node_modules/react-dom/cjs/react-dom.development.js:25889:20)
          at performConcurrentWorkOnRoot (/home/cmlsrandolph/Documents/coding-projects/workout-app/frontend/node_modules/react-dom/cjs/react-dom.development.js:25789:22)
          at flushActQueue (/home/cmlsrandolph/Documents/coding-projects/workout-app/frontend/node_modules/react/cjs/react.development.js:2667:24)
          at act (/home/cmlsrandolph/Documents/coding-projects/workout-app/frontend/node_modules/react/cjs/react.development.js:2582:11)
          at /home/cmlsrandolph/Documents/coding-projects/workout-app/frontend/node_modules/@testing-library/react/dist/act-compat.js:47:25
          at renderRoot (/home/cmlsrandolph/Documents/coding-projects/workout-app/frontend/node_modules/@testing-library/react/dist/pure.js:180:26)
          at render (/home/cmlsrandolph/Documents/coding-projects/workout-app/frontend/node_modules/@testing-library/react/dist/pure.js:271:10)
          at renderLoginPage (/home/cmlsrandolph/Documents/coding-projects/workout-app/frontend/src/tests/components/LoginForm.test.tsx:37:14)
          at Object.<anonymous> (/home/cmlsrandolph/Documents/coding-projects/workout-app/frontend/src/tests/components/LoginForm.test.tsx:158:5)
          at Promise.then.completed (/home/cmlsrandolph/Documents/coding-projects/workout-app/frontend/node_modules/jest-circus/build/utils.js:391:28)
          at new Promise (<anonymous>)
          at callAsyncCircusFn (/home/cmlsrandolph/Documents/coding-projects/workout-app/frontend/node_modules/jest-circus/build/utils.js:316:10)
          at _callCircusTest (/home/cmlsrandolph/Documents/coding-projects/workout-app/frontend/node_modules/jest-circus/build/run.js:218:40)
          at processTicksAndRejections (node:internal/process/task_queues:95:5)
          at _runTest (/home/cmlsrandolph/Documents/coding-projects/workout-app/frontend/node_modules/jest-circus/build/run.js:155:3)
          at _runTestsForDescribeBlock (/home/cmlsrandolph/Documents/coding-projects/workout-app/frontend/node_modules/jest-circus/build/run.js:66:9)
          at _runTestsForDescribeBlock (/home/cmlsrandolph/Documents/coding-projects/workout-app/frontend/node_modules/jest-circus/build/run.js:60:9)
          at run (/home/cmlsrandolph/Documents/coding-projects/workout-app/frontend/node_modules/jest-circus/build/run.js:25:3)
          at runAndTransformResultsToJestFormat (/home/cmlsrandolph/Documents/coding-projects/workout-app/frontend/node_modules/jest-circus/build/legacy-code-todo-rewrite/jestAdapterInit.js:170:21)
          at jestAdapter (/home/cmlsrandolph/Documents/coding-projects/workout-app/frontend/node_modules/jest-circus/build/legacy-code-todo-rewrite/jestAdapter.js:82:19)
          at runTestInternal (/home/cmlsrandolph/Documents/coding-projects/workout-app/frontend/node_modules/jest-runner/build/runTest.js:389:16)
          at runTest (/home/cmlsrandolph/Documents/coding-projects/workout-app/frontend/node_modules/jest-runner/build/runTest.js:475:34)
          at Object.worker (/home/cmlsrandolph/Documents/coding-projects/workout-app/frontend/node_modules/jest-runner/build/testWorker.js:133:12)

      35 |
      36 |   return {
    > 37 |     ...render(
         |              ^
      38 |       <Provider store={store}>
      39 |         <LoginPage />
      40 |       </Provider>

      at VirtualConsole.<anonymous> (node_modules/jsdom/lib/jsdom/virtual-console.js:29:45)
      at reportException (node_modules/jsdom/lib/jsdom/living/helpers/runtime-script-errors.js:70:28)
      at innerInvokeEventListeners (node_modules/jsdom/lib/jsdom/living/events/EventTarget-impl.js:341:9)
      at invokeEventListeners (node_modules/jsdom/lib/jsdom/living/events/EventTarget-impl.js:274:3)
      at HTMLUnknownElementImpl._dispatch (node_modules/jsdom/lib/jsdom/living/events/EventTarget-impl.js:221:9)
      at HTMLUnknownElementImpl.dispatchEvent (node_modules/jsdom/lib/jsdom/living/events/EventTarget-impl.js:94:17)
      at HTMLUnknownElement.dispatchEvent (node_modules/jsdom/lib/jsdom/living/generated/EventTarget.js:231:34)
      at Object.invokeGuardedCallbackDev (node_modules/react-dom/cjs/react-dom.development.js:4213:16)
      at invokeGuardedCallback (node_modules/react-dom/cjs/react-dom.development.js:4277:31)
      at beginWork$1 (node_modules/react-dom/cjs/react-dom.development.js:27490:7)
      at performUnitOfWork (node_modules/react-dom/cjs/react-dom.development.js:26599:12)
      at workLoopSync (node_modules/react-dom/cjs/react-dom.development.js:26505:5)
      at renderRootSync (node_modules/react-dom/cjs/react-dom.development.js:26473:7)
      at recoverFromConcurrentError (node_modules/react-dom/cjs/react-dom.development.js:25889:20)
      at performConcurrentWorkOnRoot (node_modules/react-dom/cjs/react-dom.development.js:25789:22)
      at flushActQueue (node_modules/react/cjs/react.development.js:2667:24)
      at act (node_modules/react/cjs/react.development.js:2582:11)
      at node_modules/@testing-library/react/dist/act-compat.js:47:25
      at renderRoot (node_modules/@testing-library/react/dist/pure.js:180:26)
      at render (node_modules/@testing-library/react/dist/pure.js:271:10)
      at renderLoginPage (src/tests/components/LoginForm.test.tsx:37:14)
      at Object.<anonymous> (src/tests/components/LoginForm.test.tsx:158:5)

    console.error
      The above error occurred in the <LoginPage> component:
      
          at LoginPage (/home/cmlsrandolph/Documents/coding-projects/workout-app/frontend/src/components/pages/LoginPage.tsx:26:37)
          at Provider (/home/cmlsrandolph/Documents/coding-projects/workout-app/frontend/node_modules/react-redux/lib/components/Provider.js:19:3)
      
      Consider adding an error boundary to your tree to customize error handling behavior.
      Visit https://reactjs.org/link/error-boundaries to learn more about error boundaries.

      35 |
      36 |   return {
    > 37 |     ...render(
         |              ^
      38 |       <Provider store={store}>
      39 |         <LoginPage />
      40 |       </Provider>

      at logCapturedError (node_modules/react-dom/cjs/react-dom.development.js:18704:23)
      at update.callback (node_modules/react-dom/cjs/react-dom.development.js:18737:5)
      at callCallback (node_modules/react-dom/cjs/react-dom.development.js:15036:12)
      at commitUpdateQueue (node_modules/react-dom/cjs/react-dom.development.js:15057:9)
      at commitLayoutEffectOnFiber (node_modules/react-dom/cjs/react-dom.development.js:23430:13)
      at commitLayoutMountEffects_complete (node_modules/react-dom/cjs/react-dom.development.js:24727:9)
      at commitLayoutEffects_begin (node_modules/react-dom/cjs/react-dom.development.js:24713:7)
      at commitLayoutEffects (node_modules/react-dom/cjs/react-dom.development.js:24651:3)
      at commitRootImpl (node_modules/react-dom/cjs/react-dom.development.js:26862:5)
      at commitRoot (node_modules/react-dom/cjs/react-dom.development.js:26721:5)
      at finishConcurrentRender (node_modules/react-dom/cjs/react-dom.development.js:25931:9)
      at performConcurrentWorkOnRoot (node_modules/react-dom/cjs/react-dom.development.js:25848:7)
      at flushActQueue (node_modules/react/cjs/react.development.js:2667:24)
      at act (node_modules/react/cjs/react.development.js:2582:11)
      at node_modules/@testing-library/react/dist/act-compat.js:47:25
      at renderRoot (node_modules/@testing-library/react/dist/pure.js:180:26)
      at render (node_modules/@testing-library/react/dist/pure.js:271:10)
      at renderLoginPage (src/tests/components/LoginForm.test.tsx:37:14)
      at Object.<anonymous> (src/tests/components/LoginForm.test.tsx:158:5)

    console.error
      Error: Uncaught [TypeError: Cannot read properties of undefined (reading 'state')]
          at reportException (/home/cmlsrandolph/Documents/coding-projects/workout-app/frontend/node_modules/jsdom/lib/jsdom/living/helpers/runtime-script-errors.js:66:24)
          at innerInvokeEventListeners (/home/cmlsrandolph/Documents/coding-projects/workout-app/frontend/node_modules/jsdom/lib/jsdom/living/events/EventTarget-impl.js:341:9)
          at invokeEventListeners (/home/cmlsrandolph/Documents/coding-projects/workout-app/frontend/node_modules/jsdom/lib/jsdom/living/events/EventTarget-impl.js:274:3)
          at HTMLUnknownElementImpl._dispatch (/home/cmlsrandolph/Documents/coding-projects/workout-app/frontend/node_modules/jsdom/lib/jsdom/living/events/EventTarget-impl.js:221:9)
          at HTMLUnknownElementImpl.dispatchEvent (/home/cmlsrandolph/Documents/coding-projects/workout-app/frontend/node_modules/jsdom/lib/jsdom/living/events/EventTarget-impl.js:94:17)
          at HTMLUnknownElement.dispatchEvent (/home/cmlsrandolph/Documents/coding-projects/workout-app/frontend/node_modules/jsdom/lib/jsdom/living/generated/EventTarget.js:231:34)
          at Object.invokeGuardedCallbackDev (/home/cmlsrandolph/Documents/coding-projects/workout-app/frontend/node_modules/react-dom/cjs/react-dom.development.js:4213:16)
          at invokeGuardedCallback (/home/cmlsrandolph/Documents/coding-projects/workout-app/frontend/node_modules/react-dom/cjs/react-dom.development.js:4277:31)
          at beginWork$1 (/home/cmlsrandolph/Documents/coding-projects/workout-app/frontend/node_modules/react-dom/cjs/react-dom.development.js:27490:7)
          at performUnitOfWork (/home/cmlsrandolph/Documents/coding-projects/workout-app/frontend/node_modules/react-dom/cjs/react-dom.development.js:26599:12)
          at workLoopSync (/home/cmlsrandolph/Documents/coding-projects/workout-app/frontend/node_modules/react-dom/cjs/react-dom.development.js:26505:5)
          at renderRootSync (/home/cmlsrandolph/Documents/coding-projects/workout-app/frontend/node_modules/react-dom/cjs/react-dom.development.js:26473:7)
          at performConcurrentWorkOnRoot (/home/cmlsrandolph/Documents/coding-projects/workout-app/frontend/node_modules/react-dom/cjs/react-dom.development.js:25777:74)
          at flushActQueue (/home/cmlsrandolph/Documents/coding-projects/workout-app/frontend/node_modules/react/cjs/react.development.js:2667:24)
          at act (/home/cmlsrandolph/Documents/coding-projects/workout-app/frontend/node_modules/react/cjs/react.development.js:2582:11)
          at /home/cmlsrandolph/Documents/coding-projects/workout-app/frontend/node_modules/@testing-library/react/dist/act-compat.js:47:25
          at renderRoot (/home/cmlsrandolph/Documents/coding-projects/workout-app/frontend/node_modules/@testing-library/react/dist/pure.js:180:26)
          at render (/home/cmlsrandolph/Documents/coding-projects/workout-app/frontend/node_modules/@testing-library/react/dist/pure.js:271:10)
          at renderLoginPage (/home/cmlsrandolph/Documents/coding-projects/workout-app/frontend/src/tests/components/LoginForm.test.tsx:37:14)
          at Object.<anonymous> (/home/cmlsrandolph/Documents/coding-projects/workout-app/frontend/src/tests/components/LoginForm.test.tsx:203:5)
          at Promise.then.completed (/home/cmlsrandolph/Documents/coding-projects/workout-app/frontend/node_modules/jest-circus/build/utils.js:391:28)
          at new Promise (<anonymous>)
          at callAsyncCircusFn (/home/cmlsrandolph/Documents/coding-projects/workout-app/frontend/node_modules/jest-circus/build/utils.js:316:10)
          at _callCircusTest (/home/cmlsrandolph/Documents/coding-projects/workout-app/frontend/node_modules/jest-circus/build/run.js:218:40)
          at processTicksAndRejections (node:internal/process/task_queues:95:5)
          at _runTest (/home/cmlsrandolph/Documents/coding-projects/workout-app/frontend/node_modules/jest-circus/build/run.js:155:3)
          at _runTestsForDescribeBlock (/home/cmlsrandolph/Documents/coding-projects/workout-app/frontend/node_modules/jest-circus/build/run.js:66:9)
          at _runTestsForDescribeBlock (/home/cmlsrandolph/Documents/coding-projects/workout-app/frontend/node_modules/jest-circus/build/run.js:60:9)
          at run (/home/cmlsrandolph/Documents/coding-projects/workout-app/frontend/node_modules/jest-circus/build/run.js:25:3)
          at runAndTransformResultsToJestFormat (/home/cmlsrandolph/Documents/coding-projects/workout-app/frontend/node_modules/jest-circus/build/legacy-code-todo-rewrite/jestAdapterInit.js:170:21)
          at jestAdapter (/home/cmlsrandolph/Documents/coding-projects/workout-app/frontend/node_modules/jest-circus/build/legacy-code-todo-rewrite/jestAdapter.js:82:19)
          at runTestInternal (/home/cmlsrandolph/Documents/coding-projects/workout-app/frontend/node_modules/jest-runner/build/runTest.js:389:16)
          at runTest (/home/cmlsrandolph/Documents/coding-projects/workout-app/frontend/node_modules/jest-runner/build/runTest.js:475:34)
          at Object.worker (/home/cmlsrandolph/Documents/coding-projects/workout-app/frontend/node_modules/jest-runner/build/testWorker.js:133:12) TypeError: Cannot read properties of undefined (reading 'state')
          at LoginPage (/home/cmlsrandolph/Documents/coding-projects/workout-app/frontend/src/components/pages/LoginPage.tsx:42:26)
          at renderWithHooks (/home/cmlsrandolph/Documents/coding-projects/workout-app/frontend/node_modules/react-dom/cjs/react-dom.development.js:15486:18)
          at mountIndeterminateComponent (/home/cmlsrandolph/Documents/coding-projects/workout-app/frontend/node_modules/react-dom/cjs/react-dom.development.js:20103:13)
          at beginWork (/home/cmlsrandolph/Documents/coding-projects/workout-app/frontend/node_modules/react-dom/cjs/react-dom.development.js:21626:16)
          at HTMLUnknownElement.callCallback (/home/cmlsrandolph/Documents/coding-projects/workout-app/frontend/node_modules/react-dom/cjs/react-dom.development.js:4164:14)
          at HTMLUnknownElement.callTheUserObjectsOperation (/home/cmlsrandolph/Documents/coding-projects/workout-app/frontend/node_modules/jsdom/lib/jsdom/living/generated/EventListener.js:26:30)
          at innerInvokeEventListeners (/home/cmlsrandolph/Documents/coding-projects/workout-app/frontend/node_modules/jsdom/lib/jsdom/living/events/EventTarget-impl.js:338:25)
          at invokeEventListeners (/home/cmlsrandolph/Documents/coding-projects/workout-app/frontend/node_modules/jsdom/lib/jsdom/living/events/EventTarget-impl.js:274:3)
          at HTMLUnknownElementImpl._dispatch (/home/cmlsrandolph/Documents/coding-projects/workout-app/frontend/node_modules/jsdom/lib/jsdom/living/events/EventTarget-impl.js:221:9)
          at HTMLUnknownElementImpl.dispatchEvent (/home/cmlsrandolph/Documents/coding-projects/workout-app/frontend/node_modules/jsdom/lib/jsdom/living/events/EventTarget-impl.js:94:17)
          at HTMLUnknownElement.dispatchEvent (/home/cmlsrandolph/Documents/coding-projects/workout-app/frontend/node_modules/jsdom/lib/jsdom/living/generated/EventTarget.js:231:34)
          at Object.invokeGuardedCallbackDev (/home/cmlsrandolph/Documents/coding-projects/workout-app/frontend/node_modules/react-dom/cjs/react-dom.development.js:4213:16)
          at invokeGuardedCallback (/home/cmlsrandolph/Documents/coding-projects/workout-app/frontend/node_modules/react-dom/cjs/react-dom.development.js:4277:31)
          at beginWork$1 (/home/cmlsrandolph/Documents/coding-projects/workout-app/frontend/node_modules/react-dom/cjs/react-dom.development.js:27490:7)
          at performUnitOfWork (/home/cmlsrandolph/Documents/coding-projects/workout-app/frontend/node_modules/react-dom/cjs/react-dom.development.js:26599:12)
          at workLoopSync (/home/cmlsrandolph/Documents/coding-projects/workout-app/frontend/node_modules/react-dom/cjs/react-dom.development.js:26505:5)
          at renderRootSync (/home/cmlsrandolph/Documents/coding-projects/workout-app/frontend/node_modules/react-dom/cjs/react-dom.development.js:26473:7)
          at performConcurrentWorkOnRoot (/home/cmlsrandolph/Documents/coding-projects/workout-app/frontend/node_modules/react-dom/cjs/react-dom.development.js:25777:74)
          at flushActQueue (/home/cmlsrandolph/Documents/coding-projects/workout-app/frontend/node_modules/react/cjs/react.development.js:2667:24)
          at act (/home/cmlsrandolph/Documents/coding-projects/workout-app/frontend/node_modules/react/cjs/react.development.js:2582:11)
          at /home/cmlsrandolph/Documents/coding-projects/workout-app/frontend/node_modules/@testing-library/react/dist/act-compat.js:47:25
          at renderRoot (/home/cmlsrandolph/Documents/coding-projects/workout-app/frontend/node_modules/@testing-library/react/dist/pure.js:180:26)
          at render (/home/cmlsrandolph/Documents/coding-projects/workout-app/frontend/node_modules/@testing-library/react/dist/pure.js:271:10)
          at renderLoginPage (/home/cmlsrandolph/Documents/coding-projects/workout-app/frontend/src/tests/components/LoginForm.test.tsx:37:14)
          at Object.<anonymous> (/home/cmlsrandolph/Documents/coding-projects/workout-app/frontend/src/tests/components/LoginForm.test.tsx:203:5)
          at Promise.then.completed (/home/cmlsrandolph/Documents/coding-projects/workout-app/frontend/node_modules/jest-circus/build/utils.js:391:28)
          at new Promise (<anonymous>)
          at callAsyncCircusFn (/home/cmlsrandolph/Documents/coding-projects/workout-app/frontend/node_modules/jest-circus/build/utils.js:316:10)
          at _callCircusTest (/home/cmlsrandolph/Documents/coding-projects/workout-app/frontend/node_modules/jest-circus/build/run.js:218:40)
          at processTicksAndRejections (node:internal/process/task_queues:95:5)
          at _runTest (/home/cmlsrandolph/Documents/coding-projects/workout-app/frontend/node_modules/jest-circus/build/run.js:155:3)
          at _runTestsForDescribeBlock (/home/cmlsrandolph/Documents/coding-projects/workout-app/frontend/node_modules/jest-circus/build/run.js:66:9)
          at _runTestsForDescribeBlock (/home/cmlsrandolph/Documents/coding-projects/workout-app/frontend/node_modules/jest-circus/build/run.js:60:9)
          at run (/home/cmlsrandolph/Documents/coding-projects/workout-app/frontend/node_modules/jest-circus/build/run.js:25:3)
          at runAndTransformResultsToJestFormat (/home/cmlsrandolph/Documents/coding-projects/workout-app/frontend/node_modules/jest-circus/build/legacy-code-todo-rewrite/jestAdapterInit.js:170:21)
          at jestAdapter (/home/cmlsrandolph/Documents/coding-projects/workout-app/frontend/node_modules/jest-circus/build/legacy-code-todo-rewrite/jestAdapter.js:82:19)
          at runTestInternal (/home/cmlsrandolph/Documents/coding-projects/workout-app/frontend/node_modules/jest-runner/build/runTest.js:389:16)
          at runTest (/home/cmlsrandolph/Documents/coding-projects/workout-app/frontend/node_modules/jest-runner/build/runTest.js:475:34)
          at Object.worker (/home/cmlsrandolph/Documents/coding-projects/workout-app/frontend/node_modules/jest-runner/build/testWorker.js:133:12)

      35 |
      36 |   return {
    > 37 |     ...render(
         |              ^
      38 |       <Provider store={store}>
      39 |         <LoginPage />
      40 |       </Provider>

      at VirtualConsole.<anonymous> (node_modules/jsdom/lib/jsdom/virtual-console.js:29:45)
      at reportException (node_modules/jsdom/lib/jsdom/living/helpers/runtime-script-errors.js:70:28)
      at innerInvokeEventListeners (node_modules/jsdom/lib/jsdom/living/events/EventTarget-impl.js:341:9)
      at invokeEventListeners (node_modules/jsdom/lib/jsdom/living/events/EventTarget-impl.js:274:3)
      at HTMLUnknownElementImpl._dispatch (node_modules/jsdom/lib/jsdom/living/events/EventTarget-impl.js:221:9)
      at HTMLUnknownElementImpl.dispatchEvent (node_modules/jsdom/lib/jsdom/living/events/EventTarget-impl.js:94:17)
      at HTMLUnknownElement.dispatchEvent (node_modules/jsdom/lib/jsdom/living/generated/EventTarget.js:231:34)
      at Object.invokeGuardedCallbackDev (node_modules/react-dom/cjs/react-dom.development.js:4213:16)
      at invokeGuardedCallback (node_modules/react-dom/cjs/react-dom.development.js:4277:31)
      at beginWork$1 (node_modules/react-dom/cjs/react-dom.development.js:27490:7)
      at performUnitOfWork (node_modules/react-dom/cjs/react-dom.development.js:26599:12)
      at workLoopSync (node_modules/react-dom/cjs/react-dom.development.js:26505:5)
      at renderRootSync (node_modules/react-dom/cjs/react-dom.development.js:26473:7)
      at performConcurrentWorkOnRoot (node_modules/react-dom/cjs/react-dom.development.js:25777:74)
      at flushActQueue (node_modules/react/cjs/react.development.js:2667:24)
      at act (node_modules/react/cjs/react.development.js:2582:11)
      at node_modules/@testing-library/react/dist/act-compat.js:47:25
      at renderRoot (node_modules/@testing-library/react/dist/pure.js:180:26)
      at render (node_modules/@testing-library/react/dist/pure.js:271:10)
      at renderLoginPage (src/tests/components/LoginForm.test.tsx:37:14)
      at Object.<anonymous> (src/tests/components/LoginForm.test.tsx:203:5)

    console.error
      Error: Uncaught [TypeError: Cannot read properties of undefined (reading 'state')]
          at reportException (/home/cmlsrandolph/Documents/coding-projects/workout-app/frontend/node_modules/jsdom/lib/jsdom/living/helpers/runtime-script-errors.js:66:24)
          at innerInvokeEventListeners (/home/cmlsrandolph/Documents/coding-projects/workout-app/frontend/node_modules/jsdom/lib/jsdom/living/events/EventTarget-impl.js:341:9)
          at invokeEventListeners (/home/cmlsrandolph/Documents/coding-projects/workout-app/frontend/node_modules/jsdom/lib/jsdom/living/events/EventTarget-impl.js:274:3)
          at HTMLUnknownElementImpl._dispatch (/home/cmlsrandolph/Documents/coding-projects/workout-app/frontend/node_modules/jsdom/lib/jsdom/living/events/EventTarget-impl.js:221:9)
          at HTMLUnknownElementImpl.dispatchEvent (/home/cmlsrandolph/Documents/coding-projects/workout-app/frontend/node_modules/jsdom/lib/jsdom/living/events/EventTarget-impl.js:94:17)
          at HTMLUnknownElement.dispatchEvent (/home/cmlsrandolph/Documents/coding-projects/workout-app/frontend/node_modules/jsdom/lib/jsdom/living/generated/EventTarget.js:231:34)
          at Object.invokeGuardedCallbackDev (/home/cmlsrandolph/Documents/coding-projects/workout-app/frontend/node_modules/react-dom/cjs/react-dom.development.js:4213:16)
          at invokeGuardedCallback (/home/cmlsrandolph/Documents/coding-projects/workout-app/frontend/node_modules/react-dom/cjs/react-dom.development.js:4277:31)
          at beginWork$1 (/home/cmlsrandolph/Documents/coding-projects/workout-app/frontend/node_modules/react-dom/cjs/react-dom.development.js:27490:7)
          at performUnitOfWork (/home/cmlsrandolph/Documents/coding-projects/workout-app/frontend/node_modules/react-dom/cjs/react-dom.development.js:26599:12)
          at workLoopSync (/home/cmlsrandolph/Documents/coding-projects/workout-app/frontend/node_modules/react-dom/cjs/react-dom.development.js:26505:5)
          at renderRootSync (/home/cmlsrandolph/Documents/coding-projects/workout-app/frontend/node_modules/react-dom/cjs/react-dom.development.js:26473:7)
          at recoverFromConcurrentError (/home/cmlsrandolph/Documents/coding-projects/workout-app/frontend/node_modules/react-dom/cjs/react-dom.development.js:25889:20)
          at performConcurrentWorkOnRoot (/home/cmlsrandolph/Documents/coding-projects/workout-app/frontend/node_modules/react-dom/cjs/react-dom.development.js:25789:22)
          at flushActQueue (/home/cmlsrandolph/Documents/coding-projects/workout-app/frontend/node_modules/react/cjs/react.development.js:2667:24)
          at act (/home/cmlsrandolph/Documents/coding-projects/workout-app/frontend/node_modules/react/cjs/react.development.js:2582:11)
          at /home/cmlsrandolph/Documents/coding-projects/workout-app/frontend/node_modules/@testing-library/react/dist/act-compat.js:47:25
          at renderRoot (/home/cmlsrandolph/Documents/coding-projects/workout-app/frontend/node_modules/@testing-library/react/dist/pure.js:180:26)
          at render (/home/cmlsrandolph/Documents/coding-projects/workout-app/frontend/node_modules/@testing-library/react/dist/pure.js:271:10)
          at renderLoginPage (/home/cmlsrandolph/Documents/coding-projects/workout-app/frontend/src/tests/components/LoginForm.test.tsx:37:14)
          at Object.<anonymous> (/home/cmlsrandolph/Documents/coding-projects/workout-app/frontend/src/tests/components/LoginForm.test.tsx:203:5)
          at Promise.then.completed (/home/cmlsrandolph/Documents/coding-projects/workout-app/frontend/node_modules/jest-circus/build/utils.js:391:28)
          at new Promise (<anonymous>)
          at callAsyncCircusFn (/home/cmlsrandolph/Documents/coding-projects/workout-app/frontend/node_modules/jest-circus/build/utils.js:316:10)
          at _callCircusTest (/home/cmlsrandolph/Documents/coding-projects/workout-app/frontend/node_modules/jest-circus/build/run.js:218:40)
          at processTicksAndRejections (node:internal/process/task_queues:95:5)
          at _runTest (/home/cmlsrandolph/Documents/coding-projects/workout-app/frontend/node_modules/jest-circus/build/run.js:155:3)
          at _runTestsForDescribeBlock (/home/cmlsrandolph/Documents/coding-projects/workout-app/frontend/node_modules/jest-circus/build/run.js:66:9)
          at _runTestsForDescribeBlock (/home/cmlsrandolph/Documents/coding-projects/workout-app/frontend/node_modules/jest-circus/build/run.js:60:9)
          at run (/home/cmlsrandolph/Documents/coding-projects/workout-app/frontend/node_modules/jest-circus/build/run.js:25:3)
          at runAndTransformResultsToJestFormat (/home/cmlsrandolph/Documents/coding-projects/workout-app/frontend/node_modules/jest-circus/build/legacy-code-todo-rewrite/jestAdapterInit.js:170:21)
          at jestAdapter (/home/cmlsrandolph/Documents/coding-projects/workout-app/frontend/node_modules/jest-circus/build/legacy-code-todo-rewrite/jestAdapter.js:82:19)
          at runTestInternal (/home/cmlsrandolph/Documents/coding-projects/workout-app/frontend/node_modules/jest-runner/build/runTest.js:389:16)
          at runTest (/home/cmlsrandolph/Documents/coding-projects/workout-app/frontend/node_modules/jest-runner/build/runTest.js:475:34)
          at Object.worker (/home/cmlsrandolph/Documents/coding-projects/workout-app/frontend/node_modules/jest-runner/build/testWorker.js:133:12) TypeError: Cannot read properties of undefined (reading 'state')
          at LoginPage (/home/cmlsrandolph/Documents/coding-projects/workout-app/frontend/src/components/pages/LoginPage.tsx:42:26)
          at renderWithHooks (/home/cmlsrandolph/Documents/coding-projects/workout-app/frontend/node_modules/react-dom/cjs/react-dom.development.js:15486:18)
          at mountIndeterminateComponent (/home/cmlsrandolph/Documents/coding-projects/workout-app/frontend/node_modules/react-dom/cjs/react-dom.development.js:20103:13)
          at beginWork (/home/cmlsrandolph/Documents/coding-projects/workout-app/frontend/node_modules/react-dom/cjs/react-dom.development.js:21626:16)
          at HTMLUnknownElement.callCallback (/home/cmlsrandolph/Documents/coding-projects/workout-app/frontend/node_modules/react-dom/cjs/react-dom.development.js:4164:14)
          at HTMLUnknownElement.callTheUserObjectsOperation (/home/cmlsrandolph/Documents/coding-projects/workout-app/frontend/node_modules/jsdom/lib/jsdom/living/generated/EventListener.js:26:30)
          at innerInvokeEventListeners (/home/cmlsrandolph/Documents/coding-projects/workout-app/frontend/node_modules/jsdom/lib/jsdom/living/events/EventTarget-impl.js:338:25)
          at invokeEventListeners (/home/cmlsrandolph/Documents/coding-projects/workout-app/frontend/node_modules/jsdom/lib/jsdom/living/events/EventTarget-impl.js:274:3)
          at HTMLUnknownElementImpl._dispatch (/home/cmlsrandolph/Documents/coding-projects/workout-app/frontend/node_modules/jsdom/lib/jsdom/living/events/EventTarget-impl.js:221:9)
          at HTMLUnknownElementImpl.dispatchEvent (/home/cmlsrandolph/Documents/coding-projects/workout-app/frontend/node_modules/jsdom/lib/jsdom/living/events/EventTarget-impl.js:94:17)
          at HTMLUnknownElement.dispatchEvent (/home/cmlsrandolph/Documents/coding-projects/workout-app/frontend/node_modules/jsdom/lib/jsdom/living/generated/EventTarget.js:231:34)
          at Object.invokeGuardedCallbackDev (/home/cmlsrandolph/Documents/coding-projects/workout-app/frontend/node_modules/react-dom/cjs/react-dom.development.js:4213:16)
          at invokeGuardedCallback (/home/cmlsrandolph/Documents/coding-projects/workout-app/frontend/node_modules/react-dom/cjs/react-dom.development.js:4277:31)
          at beginWork$1 (/home/cmlsrandolph/Documents/coding-projects/workout-app/frontend/node_modules/react-dom/cjs/react-dom.development.js:27490:7)
          at performUnitOfWork (/home/cmlsrandolph/Documents/coding-projects/workout-app/frontend/node_modules/react-dom/cjs/react-dom.development.js:26599:12)
          at workLoopSync (/home/cmlsrandolph/Documents/coding-projects/workout-app/frontend/node_modules/react-dom/cjs/react-dom.development.js:26505:5)
          at renderRootSync (/home/cmlsrandolph/Documents/coding-projects/workout-app/frontend/node_modules/react-dom/cjs/react-dom.development.js:26473:7)
          at recoverFromConcurrentError (/home/cmlsrandolph/Documents/coding-projects/workout-app/frontend/node_modules/react-dom/cjs/react-dom.development.js:25889:20)
          at performConcurrentWorkOnRoot (/home/cmlsrandolph/Documents/coding-projects/workout-app/frontend/node_modules/react-dom/cjs/react-dom.development.js:25789:22)
          at flushActQueue (/home/cmlsrandolph/Documents/coding-projects/workout-app/frontend/node_modules/react/cjs/react.development.js:2667:24)
          at act (/home/cmlsrandolph/Documents/coding-projects/workout-app/frontend/node_modules/react/cjs/react.development.js:2582:11)
          at /home/cmlsrandolph/Documents/coding-projects/workout-app/frontend/node_modules/@testing-library/react/dist/act-compat.js:47:25
          at renderRoot (/home/cmlsrandolph/Documents/coding-projects/workout-app/frontend/node_modules/@testing-library/react/dist/pure.js:180:26)
          at render (/home/cmlsrandolph/Documents/coding-projects/workout-app/frontend/node_modules/@testing-library/react/dist/pure.js:271:10)
          at renderLoginPage (/home/cmlsrandolph/Documents/coding-projects/workout-app/frontend/src/tests/components/LoginForm.test.tsx:37:14)
          at Object.<anonymous> (/home/cmlsrandolph/Documents/coding-projects/workout-app/frontend/src/tests/components/LoginForm.test.tsx:203:5)
          at Promise.then.completed (/home/cmlsrandolph/Documents/coding-projects/workout-app/frontend/node_modules/jest-circus/build/utils.js:391:28)
          at new Promise (<anonymous>)
          at callAsyncCircusFn (/home/cmlsrandolph/Documents/coding-projects/workout-app/frontend/node_modules/jest-circus/build/utils.js:316:10)
          at _callCircusTest (/home/cmlsrandolph/Documents/coding-projects/workout-app/frontend/node_modules/jest-circus/build/run.js:218:40)
          at processTicksAndRejections (node:internal/process/task_queues:95:5)
          at _runTest (/home/cmlsrandolph/Documents/coding-projects/workout-app/frontend/node_modules/jest-circus/build/run.js:155:3)
          at _runTestsForDescribeBlock (/home/cmlsrandolph/Documents/coding-projects/workout-app/frontend/node_modules/jest-circus/build/run.js:66:9)
          at _runTestsForDescribeBlock (/home/cmlsrandolph/Documents/coding-projects/workout-app/frontend/node_modules/jest-circus/build/run.js:60:9)
          at run (/home/cmlsrandolph/Documents/coding-projects/workout-app/frontend/node_modules/jest-circus/build/run.js:25:3)
          at runAndTransformResultsToJestFormat (/home/cmlsrandolph/Documents/coding-projects/workout-app/frontend/node_modules/jest-circus/build/legacy-code-todo-rewrite/jestAdapterInit.js:170:21)
          at jestAdapter (/home/cmlsrandolph/Documents/coding-projects/workout-app/frontend/node_modules/jest-circus/build/legacy-code-todo-rewrite/jestAdapter.js:82:19)
          at runTestInternal (/home/cmlsrandolph/Documents/coding-projects/workout-app/frontend/node_modules/jest-runner/build/runTest.js:389:16)
          at runTest (/home/cmlsrandolph/Documents/coding-projects/workout-app/frontend/node_modules/jest-runner/build/runTest.js:475:34)
          at Object.worker (/home/cmlsrandolph/Documents/coding-projects/workout-app/frontend/node_modules/jest-runner/build/testWorker.js:133:12)

      35 |
      36 |   return {
    > 37 |     ...render(
         |              ^
      38 |       <Provider store={store}>
      39 |         <LoginPage />
      40 |       </Provider>

      at VirtualConsole.<anonymous> (node_modules/jsdom/lib/jsdom/virtual-console.js:29:45)
      at reportException (node_modules/jsdom/lib/jsdom/living/helpers/runtime-script-errors.js:70:28)
      at innerInvokeEventListeners (node_modules/jsdom/lib/jsdom/living/events/EventTarget-impl.js:341:9)
      at invokeEventListeners (node_modules/jsdom/lib/jsdom/living/events/EventTarget-impl.js:274:3)
      at HTMLUnknownElementImpl._dispatch (node_modules/jsdom/lib/jsdom/living/events/EventTarget-impl.js:221:9)
      at HTMLUnknownElementImpl.dispatchEvent (node_modules/jsdom/lib/jsdom/living/events/EventTarget-impl.js:94:17)
      at HTMLUnknownElement.dispatchEvent (node_modules/jsdom/lib/jsdom/living/generated/EventTarget.js:231:34)
      at Object.invokeGuardedCallbackDev (node_modules/react-dom/cjs/react-dom.development.js:4213:16)
      at invokeGuardedCallback (node_modules/react-dom/cjs/react-dom.development.js:4277:31)
      at beginWork$1 (node_modules/react-dom/cjs/react-dom.development.js:27490:7)
      at performUnitOfWork (node_modules/react-dom/cjs/react-dom.development.js:26599:12)
      at workLoopSync (node_modules/react-dom/cjs/react-dom.development.js:26505:5)
      at renderRootSync (node_modules/react-dom/cjs/react-dom.development.js:26473:7)
      at recoverFromConcurrentError (node_modules/react-dom/cjs/react-dom.development.js:25889:20)
      at performConcurrentWorkOnRoot (node_modules/react-dom/cjs/react-dom.development.js:25789:22)
      at flushActQueue (node_modules/react/cjs/react.development.js:2667:24)
      at act (node_modules/react/cjs/react.development.js:2582:11)
      at node_modules/@testing-library/react/dist/act-compat.js:47:25
      at renderRoot (node_modules/@testing-library/react/dist/pure.js:180:26)
      at render (node_modules/@testing-library/react/dist/pure.js:271:10)
      at renderLoginPage (src/tests/components/LoginForm.test.tsx:37:14)
      at Object.<anonymous> (src/tests/components/LoginForm.test.tsx:203:5)

    console.error
      The above error occurred in the <LoginPage> component:
      
          at LoginPage (/home/cmlsrandolph/Documents/coding-projects/workout-app/frontend/src/components/pages/LoginPage.tsx:26:37)
          at Provider (/home/cmlsrandolph/Documents/coding-projects/workout-app/frontend/node_modules/react-redux/lib/components/Provider.js:19:3)
      
      Consider adding an error boundary to your tree to customize error handling behavior.
      Visit https://reactjs.org/link/error-boundaries to learn more about error boundaries.

      35 |
      36 |   return {
    > 37 |     ...render(
         |              ^
      38 |       <Provider store={store}>
      39 |         <LoginPage />
      40 |       </Provider>

      at logCapturedError (node_modules/react-dom/cjs/react-dom.development.js:18704:23)
      at update.callback (node_modules/react-dom/cjs/react-dom.development.js:18737:5)
      at callCallback (node_modules/react-dom/cjs/react-dom.development.js:15036:12)
      at commitUpdateQueue (node_modules/react-dom/cjs/react-dom.development.js:15057:9)
      at commitLayoutEffectOnFiber (node_modules/react-dom/cjs/react-dom.development.js:23430:13)
      at commitLayoutMountEffects_complete (node_modules/react-dom/cjs/react-dom.development.js:24727:9)
      at commitLayoutEffects_begin (node_modules/react-dom/cjs/react-dom.development.js:24713:7)
      at commitLayoutEffects (node_modules/react-dom/cjs/react-dom.development.js:24651:3)
      at commitRootImpl (node_modules/react-dom/cjs/react-dom.development.js:26862:5)
      at commitRoot (node_modules/react-dom/cjs/react-dom.development.js:26721:5)
      at finishConcurrentRender (node_modules/react-dom/cjs/react-dom.development.js:25931:9)
      at performConcurrentWorkOnRoot (node_modules/react-dom/cjs/react-dom.development.js:25848:7)
      at flushActQueue (node_modules/react/cjs/react.development.js:2667:24)
      at act (node_modules/react/cjs/react.development.js:2582:11)
      at node_modules/@testing-library/react/dist/act-compat.js:47:25
      at renderRoot (node_modules/@testing-library/react/dist/pure.js:180:26)
      at render (node_modules/@testing-library/react/dist/pure.js:271:10)
      at renderLoginPage (src/tests/components/LoginForm.test.tsx:37:14)
      at Object.<anonymous> (src/tests/components/LoginForm.test.tsx:203:5)

  ● LoginPage Component › renders the login form correctly

    TypeError: Cannot read properties of undefined (reading 'state')

      40 |   
      41 |   // Get redirect path from location state or default to /app
    > 42 |   const from = (location.state as any)?.from?.pathname || '/app';
         |                          ^
      43 |   
      44 |   // Clear error when component unmounts
      45 |   useEffect(() => {

      at LoginPage (src/components/pages/LoginPage.tsx:42:26)
      at renderWithHooks (node_modules/react-dom/cjs/react-dom.development.js:15486:18)
      at mountIndeterminateComponent (node_modules/react-dom/cjs/react-dom.development.js:20103:13)
      at beginWork (node_modules/react-dom/cjs/react-dom.development.js:21626:16)
      at beginWork$1 (node_modules/react-dom/cjs/react-dom.development.js:27465:14)
      at performUnitOfWork (node_modules/react-dom/cjs/react-dom.development.js:26599:12)
      at workLoopSync (node_modules/react-dom/cjs/react-dom.development.js:26505:5)
      at renderRootSync (node_modules/react-dom/cjs/react-dom.development.js:26473:7)
      at recoverFromConcurrentError (node_modules/react-dom/cjs/react-dom.development.js:25889:20)
      at performConcurrentWorkOnRoot (node_modules/react-dom/cjs/react-dom.development.js:25789:22)
      at flushActQueue (node_modules/react/cjs/react.development.js:2667:24)
      at act (node_modules/react/cjs/react.development.js:2582:11)
      at node_modules/@testing-library/react/dist/act-compat.js:47:25
      at renderRoot (node_modules/@testing-library/react/dist/pure.js:180:26)
      at render (node_modules/@testing-library/react/dist/pure.js:271:10)
      at renderLoginPage (src/tests/components/LoginForm.test.tsx:37:14)
      at Object.<anonymous> (src/tests/components/LoginForm.test.tsx:75:5)

  ● LoginPage Component › validates the form and shows validation errors

    TypeError: Cannot read properties of undefined (reading 'state')

      40 |   
      41 |   // Get redirect path from location state or default to /app
    > 42 |   const from = (location.state as any)?.from?.pathname || '/app';
         |                          ^
      43 |   
      44 |   // Clear error when component unmounts
      45 |   useEffect(() => {

      at LoginPage (src/components/pages/LoginPage.tsx:42:26)
      at renderWithHooks (node_modules/react-dom/cjs/react-dom.development.js:15486:18)
      at mountIndeterminateComponent (node_modules/react-dom/cjs/react-dom.development.js:20103:13)
      at beginWork (node_modules/react-dom/cjs/react-dom.development.js:21626:16)
      at beginWork$1 (node_modules/react-dom/cjs/react-dom.development.js:27465:14)
      at performUnitOfWork (node_modules/react-dom/cjs/react-dom.development.js:26599:12)
      at workLoopSync (node_modules/react-dom/cjs/react-dom.development.js:26505:5)
      at renderRootSync (node_modules/react-dom/cjs/react-dom.development.js:26473:7)
      at recoverFromConcurrentError (node_modules/react-dom/cjs/react-dom.development.js:25889:20)
      at performConcurrentWorkOnRoot (node_modules/react-dom/cjs/react-dom.development.js:25789:22)
      at flushActQueue (node_modules/react/cjs/react.development.js:2667:24)
      at act (node_modules/react/cjs/react.development.js:2582:11)
      at node_modules/@testing-library/react/dist/act-compat.js:47:25
      at renderRoot (node_modules/@testing-library/react/dist/pure.js:180:26)
      at render (node_modules/@testing-library/react/dist/pure.js:271:10)
      at renderLoginPage (src/tests/components/LoginForm.test.tsx:37:14)
      at Object.<anonymous> (src/tests/components/LoginForm.test.tsx:89:5)

  ● LoginPage Component › validates email format

    TypeError: Cannot read properties of undefined (reading 'state')

      40 |   
      41 |   // Get redirect path from location state or default to /app
    > 42 |   const from = (location.state as any)?.from?.pathname || '/app';
         |                          ^
      43 |   
      44 |   // Clear error when component unmounts
      45 |   useEffect(() => {

      at LoginPage (src/components/pages/LoginPage.tsx:42:26)
      at renderWithHooks (node_modules/react-dom/cjs/react-dom.development.js:15486:18)
      at mountIndeterminateComponent (node_modules/react-dom/cjs/react-dom.development.js:20103:13)
      at beginWork (node_modules/react-dom/cjs/react-dom.development.js:21626:16)
      at beginWork$1 (node_modules/react-dom/cjs/react-dom.development.js:27465:14)
      at performUnitOfWork (node_modules/react-dom/cjs/react-dom.development.js:26599:12)
      at workLoopSync (node_modules/react-dom/cjs/react-dom.development.js:26505:5)
      at renderRootSync (node_modules/react-dom/cjs/react-dom.development.js:26473:7)
      at recoverFromConcurrentError (node_modules/react-dom/cjs/react-dom.development.js:25889:20)
      at performConcurrentWorkOnRoot (node_modules/react-dom/cjs/react-dom.development.js:25789:22)
      at flushActQueue (node_modules/react/cjs/react.development.js:2667:24)
      at act (node_modules/react/cjs/react.development.js:2582:11)
      at node_modules/@testing-library/react/dist/act-compat.js:47:25
      at renderRoot (node_modules/@testing-library/react/dist/pure.js:180:26)
      at render (node_modules/@testing-library/react/dist/pure.js:271:10)
      at renderLoginPage (src/tests/components/LoginForm.test.tsx:37:14)
      at Object.<anonymous> (src/tests/components/LoginForm.test.tsx:105:5)

  ● LoginPage Component › submits the form with valid data

    TypeError: Cannot read properties of undefined (reading 'state')

      40 |   
      41 |   // Get redirect path from location state or default to /app
    > 42 |   const from = (location.state as any)?.from?.pathname || '/app';
         |                          ^
      43 |   
      44 |   // Clear error when component unmounts
      45 |   useEffect(() => {

      at LoginPage (src/components/pages/LoginPage.tsx:42:26)
      at renderWithHooks (node_modules/react-dom/cjs/react-dom.development.js:15486:18)
      at mountIndeterminateComponent (node_modules/react-dom/cjs/react-dom.development.js:20103:13)
      at beginWork (node_modules/react-dom/cjs/react-dom.development.js:21626:16)
      at beginWork$1 (node_modules/react-dom/cjs/react-dom.development.js:27465:14)
      at performUnitOfWork (node_modules/react-dom/cjs/react-dom.development.js:26599:12)
      at workLoopSync (node_modules/react-dom/cjs/react-dom.development.js:26505:5)
      at renderRootSync (node_modules/react-dom/cjs/react-dom.development.js:26473:7)
      at recoverFromConcurrentError (node_modules/react-dom/cjs/react-dom.development.js:25889:20)
      at performConcurrentWorkOnRoot (node_modules/react-dom/cjs/react-dom.development.js:25789:22)
      at flushActQueue (node_modules/react/cjs/react.development.js:2667:24)
      at act (node_modules/react/cjs/react.development.js:2582:11)
      at node_modules/@testing-library/react/dist/act-compat.js:47:25
      at renderRoot (node_modules/@testing-library/react/dist/pure.js:180:26)
      at render (node_modules/@testing-library/react/dist/pure.js:271:10)
      at renderLoginPage (src/tests/components/LoginForm.test.tsx:37:14)
      at Object.<anonymous> (src/tests/components/LoginForm.test.tsx:130:23)

  ● LoginPage Component › remembers user credentials when "Remember me" is checked

    TypeError: Cannot read properties of undefined (reading 'state')

      40 |   
      41 |   // Get redirect path from location state or default to /app
    > 42 |   const from = (location.state as any)?.from?.pathname || '/app';
         |                          ^
      43 |   
      44 |   // Clear error when component unmounts
      45 |   useEffect(() => {

      at LoginPage (src/components/pages/LoginPage.tsx:42:26)
      at renderWithHooks (node_modules/react-dom/cjs/react-dom.development.js:15486:18)
      at mountIndeterminateComponent (node_modules/react-dom/cjs/react-dom.development.js:20103:13)
      at beginWork (node_modules/react-dom/cjs/react-dom.development.js:21626:16)
      at beginWork$1 (node_modules/react-dom/cjs/react-dom.development.js:27465:14)
      at performUnitOfWork (node_modules/react-dom/cjs/react-dom.development.js:26599:12)
      at workLoopSync (node_modules/react-dom/cjs/react-dom.development.js:26505:5)
      at renderRootSync (node_modules/react-dom/cjs/react-dom.development.js:26473:7)
      at recoverFromConcurrentError (node_modules/react-dom/cjs/react-dom.development.js:25889:20)
      at performConcurrentWorkOnRoot (node_modules/react-dom/cjs/react-dom.development.js:25789:22)
      at flushActQueue (node_modules/react/cjs/react.development.js:2667:24)
      at act (node_modules/react/cjs/react.development.js:2582:11)
      at node_modules/@testing-library/react/dist/act-compat.js:47:25
      at renderRoot (node_modules/@testing-library/react/dist/pure.js:180:26)
      at render (node_modules/@testing-library/react/dist/pure.js:271:10)
      at renderLoginPage (src/tests/components/LoginForm.test.tsx:37:14)
      at Object.<anonymous> (src/tests/components/LoginForm.test.tsx:158:5)

  ● LoginPage Component › loads remembered credentials on mount

    TypeError: Cannot read properties of undefined (reading 'state')

      40 |   
      41 |   // Get redirect path from location state or default to /app
    > 42 |   const from = (location.state as any)?.from?.pathname || '/app';
         |                          ^
      43 |   
      44 |   // Clear error when component unmounts
      45 |   useEffect(() => {

      at LoginPage (src/components/pages/LoginPage.tsx:42:26)
      at renderWithHooks (node_modules/react-dom/cjs/react-dom.development.js:15486:18)
      at mountIndeterminateComponent (node_modules/react-dom/cjs/react-dom.development.js:20103:13)
      at beginWork (node_modules/react-dom/cjs/react-dom.development.js:21626:16)
      at beginWork$1 (node_modules/react-dom/cjs/react-dom.development.js:27465:14)
      at performUnitOfWork (node_modules/react-dom/cjs/react-dom.development.js:26599:12)
      at workLoopSync (node_modules/react-dom/cjs/react-dom.development.js:26505:5)
      at renderRootSync (node_modules/react-dom/cjs/react-dom.development.js:26473:7)
      at recoverFromConcurrentError (node_modules/react-dom/cjs/react-dom.development.js:25889:20)
      at performConcurrentWorkOnRoot (node_modules/react-dom/cjs/react-dom.development.js:25789:22)
      at flushActQueue (node_modules/react/cjs/react.development.js:2667:24)
      at act (node_modules/react/cjs/react.development.js:2582:11)
      at node_modules/@testing-library/react/dist/act-compat.js:47:25
      at renderRoot (node_modules/@testing-library/react/dist/pure.js:180:26)
      at render (node_modules/@testing-library/react/dist/pure.js:271:10)
      at renderLoginPage (src/tests/components/LoginForm.test.tsx:37:14)
      at Object.<anonymous> (src/tests/components/LoginForm.test.tsx:203:5)

FAIL src/tests/api/api-service.test.js
  ● Auth API Service › logout should remove token from localStorage

    expect(received).toHaveBeenCalledWith(...expected)

    Matcher error: received value must be a mock or spy function

    Received has type:  function
    Received has value: [Function removeItem]

      76 |     
      77 |     // Check that token was removed
    > 78 |     expect(localStorage.removeItem).toHaveBeenCalledWith('token');
         |                                     ^
      79 |   });
      80 |
      81 |   test('getUserProfile should make GET request to profile endpoint', async () => {

      at Object.<anonymous> (src/tests/api/api-service.test.js:78:37)

FAIL src/tests/components/UserProfileForm.test.tsx
  ● Console

    console.error
      Error: Uncaught [ReferenceError: SimpleGrid is not defined]
          at reportException (/home/cmlsrandolph/Documents/coding-projects/workout-app/frontend/node_modules/jsdom/lib/jsdom/living/helpers/runtime-script-errors.js:66:24)
          at innerInvokeEventListeners (/home/cmlsrandolph/Documents/coding-projects/workout-app/frontend/node_modules/jsdom/lib/jsdom/living/events/EventTarget-impl.js:341:9)
          at invokeEventListeners (/home/cmlsrandolph/Documents/coding-projects/workout-app/frontend/node_modules/jsdom/lib/jsdom/living/events/EventTarget-impl.js:274:3)
          at HTMLUnknownElementImpl._dispatch (/home/cmlsrandolph/Documents/coding-projects/workout-app/frontend/node_modules/jsdom/lib/jsdom/living/events/EventTarget-impl.js:221:9)
          at HTMLUnknownElementImpl.dispatchEvent (/home/cmlsrandolph/Documents/coding-projects/workout-app/frontend/node_modules/jsdom/lib/jsdom/living/events/EventTarget-impl.js:94:17)
          at HTMLUnknownElement.dispatchEvent (/home/cmlsrandolph/Documents/coding-projects/workout-app/frontend/node_modules/jsdom/lib/jsdom/living/generated/EventTarget.js:231:34)
          at Object.invokeGuardedCallbackDev (/home/cmlsrandolph/Documents/coding-projects/workout-app/frontend/node_modules/react-dom/cjs/react-dom.development.js:4213:16)
          at invokeGuardedCallback (/home/cmlsrandolph/Documents/coding-projects/workout-app/frontend/node_modules/react-dom/cjs/react-dom.development.js:4277:31)
          at beginWork$1 (/home/cmlsrandolph/Documents/coding-projects/workout-app/frontend/node_modules/react-dom/cjs/react-dom.development.js:27490:7)
          at performUnitOfWork (/home/cmlsrandolph/Documents/coding-projects/workout-app/frontend/node_modules/react-dom/cjs/react-dom.development.js:26599:12)
          at workLoopSync (/home/cmlsrandolph/Documents/coding-projects/workout-app/frontend/node_modules/react-dom/cjs/react-dom.development.js:26505:5)
          at renderRootSync (/home/cmlsrandolph/Documents/coding-projects/workout-app/frontend/node_modules/react-dom/cjs/react-dom.development.js:26473:7)
          at performConcurrentWorkOnRoot (/home/cmlsrandolph/Documents/coding-projects/workout-app/frontend/node_modules/react-dom/cjs/react-dom.development.js:25777:74)
          at flushActQueue (/home/cmlsrandolph/Documents/coding-projects/workout-app/frontend/node_modules/react/cjs/react.development.js:2667:24)
          at act (/home/cmlsrandolph/Documents/coding-projects/workout-app/frontend/node_modules/react/cjs/react.development.js:2582:11)
          at /home/cmlsrandolph/Documents/coding-projects/workout-app/frontend/node_modules/@testing-library/react/dist/act-compat.js:47:25
          at renderRoot (/home/cmlsrandolph/Documents/coding-projects/workout-app/frontend/node_modules/@testing-library/react/dist/pure.js:180:26)
          at render (/home/cmlsrandolph/Documents/coding-projects/workout-app/frontend/node_modules/@testing-library/react/dist/pure.js:271:10)
          at renderComponent (/home/cmlsrandolph/Documents/coding-projects/workout-app/frontend/src/tests/components/UserProfileForm.test.tsx:56:18)
          at Object.<anonymous> (/home/cmlsrandolph/Documents/coding-projects/workout-app/frontend/src/tests/components/UserProfileForm.test.tsx:66:5)
          at Promise.then.completed (/home/cmlsrandolph/Documents/coding-projects/workout-app/frontend/node_modules/jest-circus/build/utils.js:391:28)
          at new Promise (<anonymous>)
          at callAsyncCircusFn (/home/cmlsrandolph/Documents/coding-projects/workout-app/frontend/node_modules/jest-circus/build/utils.js:316:10)
          at _callCircusTest (/home/cmlsrandolph/Documents/coding-projects/workout-app/frontend/node_modules/jest-circus/build/run.js:218:40)
          at processTicksAndRejections (node:internal/process/task_queues:95:5)
          at _runTest (/home/cmlsrandolph/Documents/coding-projects/workout-app/frontend/node_modules/jest-circus/build/run.js:155:3)
          at _runTestsForDescribeBlock (/home/cmlsrandolph/Documents/coding-projects/workout-app/frontend/node_modules/jest-circus/build/run.js:66:9)
          at _runTestsForDescribeBlock (/home/cmlsrandolph/Documents/coding-projects/workout-app/frontend/node_modules/jest-circus/build/run.js:60:9)
          at run (/home/cmlsrandolph/Documents/coding-projects/workout-app/frontend/node_modules/jest-circus/build/run.js:25:3)
          at runAndTransformResultsToJestFormat (/home/cmlsrandolph/Documents/coding-projects/workout-app/frontend/node_modules/jest-circus/build/legacy-code-todo-rewrite/jestAdapterInit.js:170:21)
          at jestAdapter (/home/cmlsrandolph/Documents/coding-projects/workout-app/frontend/node_modules/jest-circus/build/legacy-code-todo-rewrite/jestAdapter.js:82:19)
          at runTestInternal (/home/cmlsrandolph/Documents/coding-projects/workout-app/frontend/node_modules/jest-runner/build/runTest.js:389:16)
          at runTest (/home/cmlsrandolph/Documents/coding-projects/workout-app/frontend/node_modules/jest-runner/build/runTest.js:475:34)
          at Object.worker (/home/cmlsrandolph/Documents/coding-projects/workout-app/frontend/node_modules/jest-runner/build/testWorker.js:133:12) ReferenceError: SimpleGrid is not defined
          at UserProfileForm (/home/cmlsrandolph/Documents/coding-projects/workout-app/frontend/src/components/user/UserProfileForm.tsx:481:20)
          at renderWithHooks (/home/cmlsrandolph/Documents/coding-projects/workout-app/frontend/node_modules/react-dom/cjs/react-dom.development.js:15486:18)
          at mountIndeterminateComponent (/home/cmlsrandolph/Documents/coding-projects/workout-app/frontend/node_modules/react-dom/cjs/react-dom.development.js:20103:13)
          at beginWork (/home/cmlsrandolph/Documents/coding-projects/workout-app/frontend/node_modules/react-dom/cjs/react-dom.development.js:21626:16)
          at HTMLUnknownElement.callCallback (/home/cmlsrandolph/Documents/coding-projects/workout-app/frontend/node_modules/react-dom/cjs/react-dom.development.js:4164:14)
          at HTMLUnknownElement.callTheUserObjectsOperation (/home/cmlsrandolph/Documents/coding-projects/workout-app/frontend/node_modules/jsdom/lib/jsdom/living/generated/EventListener.js:26:30)
          at innerInvokeEventListeners (/home/cmlsrandolph/Documents/coding-projects/workout-app/frontend/node_modules/jsdom/lib/jsdom/living/events/EventTarget-impl.js:338:25)
          at invokeEventListeners (/home/cmlsrandolph/Documents/coding-projects/workout-app/frontend/node_modules/jsdom/lib/jsdom/living/events/EventTarget-impl.js:274:3)
          at HTMLUnknownElementImpl._dispatch (/home/cmlsrandolph/Documents/coding-projects/workout-app/frontend/node_modules/jsdom/lib/jsdom/living/events/EventTarget-impl.js:221:9)
          at HTMLUnknownElementImpl.dispatchEvent (/home/cmlsrandolph/Documents/coding-projects/workout-app/frontend/node_modules/jsdom/lib/jsdom/living/events/EventTarget-impl.js:94:17)
          at HTMLUnknownElement.dispatchEvent (/home/cmlsrandolph/Documents/coding-projects/workout-app/frontend/node_modules/jsdom/lib/jsdom/living/generated/EventTarget.js:231:34)
          at Object.invokeGuardedCallbackDev (/home/cmlsrandolph/Documents/coding-projects/workout-app/frontend/node_modules/react-dom/cjs/react-dom.development.js:4213:16)
          at invokeGuardedCallback (/home/cmlsrandolph/Documents/coding-projects/workout-app/frontend/node_modules/react-dom/cjs/react-dom.development.js:4277:31)
          at beginWork$1 (/home/cmlsrandolph/Documents/coding-projects/workout-app/frontend/node_modules/react-dom/cjs/react-dom.development.js:27490:7)
          at performUnitOfWork (/home/cmlsrandolph/Documents/coding-projects/workout-app/frontend/node_modules/react-dom/cjs/react-dom.development.js:26599:12)
          at workLoopSync (/home/cmlsrandolph/Documents/coding-projects/workout-app/frontend/node_modules/react-dom/cjs/react-dom.development.js:26505:5)
          at renderRootSync (/home/cmlsrandolph/Documents/coding-projects/workout-app/frontend/node_modules/react-dom/cjs/react-dom.development.js:26473:7)
          at performConcurrentWorkOnRoot (/home/cmlsrandolph/Documents/coding-projects/workout-app/frontend/node_modules/react-dom/cjs/react-dom.development.js:25777:74)
          at flushActQueue (/home/cmlsrandolph/Documents/coding-projects/workout-app/frontend/node_modules/react/cjs/react.development.js:2667:24)
          at act (/home/cmlsrandolph/Documents/coding-projects/workout-app/frontend/node_modules/react/cjs/react.development.js:2582:11)
          at /home/cmlsrandolph/Documents/coding-projects/workout-app/frontend/node_modules/@testing-library/react/dist/act-compat.js:47:25
          at renderRoot (/home/cmlsrandolph/Documents/coding-projects/workout-app/frontend/node_modules/@testing-library/react/dist/pure.js:180:26)
          at render (/home/cmlsrandolph/Documents/coding-projects/workout-app/frontend/node_modules/@testing-library/react/dist/pure.js:271:10)
          at renderComponent (/home/cmlsrandolph/Documents/coding-projects/workout-app/frontend/src/tests/components/UserProfileForm.test.tsx:56:18)
          at Object.<anonymous> (/home/cmlsrandolph/Documents/coding-projects/workout-app/frontend/src/tests/components/UserProfileForm.test.tsx:66:5)
          at Promise.then.completed (/home/cmlsrandolph/Documents/coding-projects/workout-app/frontend/node_modules/jest-circus/build/utils.js:391:28)
          at new Promise (<anonymous>)
          at callAsyncCircusFn (/home/cmlsrandolph/Documents/coding-projects/workout-app/frontend/node_modules/jest-circus/build/utils.js:316:10)
          at _callCircusTest (/home/cmlsrandolph/Documents/coding-projects/workout-app/frontend/node_modules/jest-circus/build/run.js:218:40)
          at processTicksAndRejections (node:internal/process/task_queues:95:5)
          at _runTest (/home/cmlsrandolph/Documents/coding-projects/workout-app/frontend/node_modules/jest-circus/build/run.js:155:3)
          at _runTestsForDescribeBlock (/home/cmlsrandolph/Documents/coding-projects/workout-app/frontend/node_modules/jest-circus/build/run.js:66:9)
          at _runTestsForDescribeBlock (/home/cmlsrandolph/Documents/coding-projects/workout-app/frontend/node_modules/jest-circus/build/run.js:60:9)
          at run (/home/cmlsrandolph/Documents/coding-projects/workout-app/frontend/node_modules/jest-circus/build/run.js:25:3)
          at runAndTransformResultsToJestFormat (/home/cmlsrandolph/Documents/coding-projects/workout-app/frontend/node_modules/jest-circus/build/legacy-code-todo-rewrite/jestAdapterInit.js:170:21)
          at jestAdapter (/home/cmlsrandolph/Documents/coding-projects/workout-app/frontend/node_modules/jest-circus/build/legacy-code-todo-rewrite/jestAdapter.js:82:19)
          at runTestInternal (/home/cmlsrandolph/Documents/coding-projects/workout-app/frontend/node_modules/jest-runner/build/runTest.js:389:16)
          at runTest (/home/cmlsrandolph/Documents/coding-projects/workout-app/frontend/node_modules/jest-runner/build/runTest.js:475:34)
          at Object.worker (/home/cmlsrandolph/Documents/coding-projects/workout-app/frontend/node_modules/jest-runner/build/testWorker.js:133:12)

      54 |
      55 |   const renderComponent = (props = {}) => {
    > 56 |     return render(
         |                  ^
      57 |       <Provider store={store}>
      58 |         <ChakraProvider>
      59 |           <UserProfileForm {...props} />

      at VirtualConsole.<anonymous> (node_modules/jsdom/lib/jsdom/virtual-console.js:29:45)
      at reportException (node_modules/jsdom/lib/jsdom/living/helpers/runtime-script-errors.js:70:28)
      at innerInvokeEventListeners (node_modules/jsdom/lib/jsdom/living/events/EventTarget-impl.js:341:9)
      at invokeEventListeners (node_modules/jsdom/lib/jsdom/living/events/EventTarget-impl.js:274:3)
      at HTMLUnknownElementImpl._dispatch (node_modules/jsdom/lib/jsdom/living/events/EventTarget-impl.js:221:9)
      at HTMLUnknownElementImpl.dispatchEvent (node_modules/jsdom/lib/jsdom/living/events/EventTarget-impl.js:94:17)
      at HTMLUnknownElement.dispatchEvent (node_modules/jsdom/lib/jsdom/living/generated/EventTarget.js:231:34)
      at Object.invokeGuardedCallbackDev (node_modules/react-dom/cjs/react-dom.development.js:4213:16)
      at invokeGuardedCallback (node_modules/react-dom/cjs/react-dom.development.js:4277:31)
      at beginWork$1 (node_modules/react-dom/cjs/react-dom.development.js:27490:7)
      at performUnitOfWork (node_modules/react-dom/cjs/react-dom.development.js:26599:12)
      at workLoopSync (node_modules/react-dom/cjs/react-dom.development.js:26505:5)
      at renderRootSync (node_modules/react-dom/cjs/react-dom.development.js:26473:7)
      at performConcurrentWorkOnRoot (node_modules/react-dom/cjs/react-dom.development.js:25777:74)
      at flushActQueue (node_modules/react/cjs/react.development.js:2667:24)
      at act (node_modules/react/cjs/react.development.js:2582:11)
      at node_modules/@testing-library/react/dist/act-compat.js:47:25
      at renderRoot (node_modules/@testing-library/react/dist/pure.js:180:26)
      at render (node_modules/@testing-library/react/dist/pure.js:271:10)
      at renderComponent (src/tests/components/UserProfileForm.test.tsx:56:18)
      at Object.<anonymous> (src/tests/components/UserProfileForm.test.tsx:66:5)

    console.error
      Error: Uncaught [ReferenceError: SimpleGrid is not defined]
          at reportException (/home/cmlsrandolph/Documents/coding-projects/workout-app/frontend/node_modules/jsdom/lib/jsdom/living/helpers/runtime-script-errors.js:66:24)
          at innerInvokeEventListeners (/home/cmlsrandolph/Documents/coding-projects/workout-app/frontend/node_modules/jsdom/lib/jsdom/living/events/EventTarget-impl.js:341:9)
          at invokeEventListeners (/home/cmlsrandolph/Documents/coding-projects/workout-app/frontend/node_modules/jsdom/lib/jsdom/living/events/EventTarget-impl.js:274:3)
          at HTMLUnknownElementImpl._dispatch (/home/cmlsrandolph/Documents/coding-projects/workout-app/frontend/node_modules/jsdom/lib/jsdom/living/events/EventTarget-impl.js:221:9)
          at HTMLUnknownElementImpl.dispatchEvent (/home/cmlsrandolph/Documents/coding-projects/workout-app/frontend/node_modules/jsdom/lib/jsdom/living/events/EventTarget-impl.js:94:17)
          at HTMLUnknownElement.dispatchEvent (/home/cmlsrandolph/Documents/coding-projects/workout-app/frontend/node_modules/jsdom/lib/jsdom/living/generated/EventTarget.js:231:34)
          at Object.invokeGuardedCallbackDev (/home/cmlsrandolph/Documents/coding-projects/workout-app/frontend/node_modules/react-dom/cjs/react-dom.development.js:4213:16)
          at invokeGuardedCallback (/home/cmlsrandolph/Documents/coding-projects/workout-app/frontend/node_modules/react-dom/cjs/react-dom.development.js:4277:31)
          at beginWork$1 (/home/cmlsrandolph/Documents/coding-projects/workout-app/frontend/node_modules/react-dom/cjs/react-dom.development.js:27490:7)
          at performUnitOfWork (/home/cmlsrandolph/Documents/coding-projects/workout-app/frontend/node_modules/react-dom/cjs/react-dom.development.js:26599:12)
          at workLoopSync (/home/cmlsrandolph/Documents/coding-projects/workout-app/frontend/node_modules/react-dom/cjs/react-dom.development.js:26505:5)
          at renderRootSync (/home/cmlsrandolph/Documents/coding-projects/workout-app/frontend/node_modules/react-dom/cjs/react-dom.development.js:26473:7)
          at recoverFromConcurrentError (/home/cmlsrandolph/Documents/coding-projects/workout-app/frontend/node_modules/react-dom/cjs/react-dom.development.js:25889:20)
          at performConcurrentWorkOnRoot (/home/cmlsrandolph/Documents/coding-projects/workout-app/frontend/node_modules/react-dom/cjs/react-dom.development.js:25789:22)
          at flushActQueue (/home/cmlsrandolph/Documents/coding-projects/workout-app/frontend/node_modules/react/cjs/react.development.js:2667:24)
          at act (/home/cmlsrandolph/Documents/coding-projects/workout-app/frontend/node_modules/react/cjs/react.development.js:2582:11)
          at /home/cmlsrandolph/Documents/coding-projects/workout-app/frontend/node_modules/@testing-library/react/dist/act-compat.js:47:25
          at renderRoot (/home/cmlsrandolph/Documents/coding-projects/workout-app/frontend/node_modules/@testing-library/react/dist/pure.js:180:26)
          at render (/home/cmlsrandolph/Documents/coding-projects/workout-app/frontend/node_modules/@testing-library/react/dist/pure.js:271:10)
          at renderComponent (/home/cmlsrandolph/Documents/coding-projects/workout-app/frontend/src/tests/components/UserProfileForm.test.tsx:56:18)
          at Object.<anonymous> (/home/cmlsrandolph/Documents/coding-projects/workout-app/frontend/src/tests/components/UserProfileForm.test.tsx:66:5)
          at Promise.then.completed (/home/cmlsrandolph/Documents/coding-projects/workout-app/frontend/node_modules/jest-circus/build/utils.js:391:28)
          at new Promise (<anonymous>)
          at callAsyncCircusFn (/home/cmlsrandolph/Documents/coding-projects/workout-app/frontend/node_modules/jest-circus/build/utils.js:316:10)
          at _callCircusTest (/home/cmlsrandolph/Documents/coding-projects/workout-app/frontend/node_modules/jest-circus/build/run.js:218:40)
          at processTicksAndRejections (node:internal/process/task_queues:95:5)
          at _runTest (/home/cmlsrandolph/Documents/coding-projects/workout-app/frontend/node_modules/jest-circus/build/run.js:155:3)
          at _runTestsForDescribeBlock (/home/cmlsrandolph/Documents/coding-projects/workout-app/frontend/node_modules/jest-circus/build/run.js:66:9)
          at _runTestsForDescribeBlock (/home/cmlsrandolph/Documents/coding-projects/workout-app/frontend/node_modules/jest-circus/build/run.js:60:9)
          at run (/home/cmlsrandolph/Documents/coding-projects/workout-app/frontend/node_modules/jest-circus/build/run.js:25:3)
          at runAndTransformResultsToJestFormat (/home/cmlsrandolph/Documents/coding-projects/workout-app/frontend/node_modules/jest-circus/build/legacy-code-todo-rewrite/jestAdapterInit.js:170:21)
          at jestAdapter (/home/cmlsrandolph/Documents/coding-projects/workout-app/frontend/node_modules/jest-circus/build/legacy-code-todo-rewrite/jestAdapter.js:82:19)
          at runTestInternal (/home/cmlsrandolph/Documents/coding-projects/workout-app/frontend/node_modules/jest-runner/build/runTest.js:389:16)
          at runTest (/home/cmlsrandolph/Documents/coding-projects/workout-app/frontend/node_modules/jest-runner/build/runTest.js:475:34)
          at Object.worker (/home/cmlsrandolph/Documents/coding-projects/workout-app/frontend/node_modules/jest-runner/build/testWorker.js:133:12) ReferenceError: SimpleGrid is not defined
          at UserProfileForm (/home/cmlsrandolph/Documents/coding-projects/workout-app/frontend/src/components/user/UserProfileForm.tsx:481:20)
          at renderWithHooks (/home/cmlsrandolph/Documents/coding-projects/workout-app/frontend/node_modules/react-dom/cjs/react-dom.development.js:15486:18)
          at mountIndeterminateComponent (/home/cmlsrandolph/Documents/coding-projects/workout-app/frontend/node_modules/react-dom/cjs/react-dom.development.js:20103:13)
          at beginWork (/home/cmlsrandolph/Documents/coding-projects/workout-app/frontend/node_modules/react-dom/cjs/react-dom.development.js:21626:16)
          at HTMLUnknownElement.callCallback (/home/cmlsrandolph/Documents/coding-projects/workout-app/frontend/node_modules/react-dom/cjs/react-dom.development.js:4164:14)
          at HTMLUnknownElement.callTheUserObjectsOperation (/home/cmlsrandolph/Documents/coding-projects/workout-app/frontend/node_modules/jsdom/lib/jsdom/living/generated/EventListener.js:26:30)
          at innerInvokeEventListeners (/home/cmlsrandolph/Documents/coding-projects/workout-app/frontend/node_modules/jsdom/lib/jsdom/living/events/EventTarget-impl.js:338:25)
          at invokeEventListeners (/home/cmlsrandolph/Documents/coding-projects/workout-app/frontend/node_modules/jsdom/lib/jsdom/living/events/EventTarget-impl.js:274:3)
          at HTMLUnknownElementImpl._dispatch (/home/cmlsrandolph/Documents/coding-projects/workout-app/frontend/node_modules/jsdom/lib/jsdom/living/events/EventTarget-impl.js:221:9)
          at HTMLUnknownElementImpl.dispatchEvent (/home/cmlsrandolph/Documents/coding-projects/workout-app/frontend/node_modules/jsdom/lib/jsdom/living/events/EventTarget-impl.js:94:17)
          at HTMLUnknownElement.dispatchEvent (/home/cmlsrandolph/Documents/coding-projects/workout-app/frontend/node_modules/jsdom/lib/jsdom/living/generated/EventTarget.js:231:34)
          at Object.invokeGuardedCallbackDev (/home/cmlsrandolph/Documents/coding-projects/workout-app/frontend/node_modules/react-dom/cjs/react-dom.development.js:4213:16)
          at invokeGuardedCallback (/home/cmlsrandolph/Documents/coding-projects/workout-app/frontend/node_modules/react-dom/cjs/react-dom.development.js:4277:31)
          at beginWork$1 (/home/cmlsrandolph/Documents/coding-projects/workout-app/frontend/node_modules/react-dom/cjs/react-dom.development.js:27490:7)
          at performUnitOfWork (/home/cmlsrandolph/Documents/coding-projects/workout-app/frontend/node_modules/react-dom/cjs/react-dom.development.js:26599:12)
          at workLoopSync (/home/cmlsrandolph/Documents/coding-projects/workout-app/frontend/node_modules/react-dom/cjs/react-dom.development.js:26505:5)
          at renderRootSync (/home/cmlsrandolph/Documents/coding-projects/workout-app/frontend/node_modules/react-dom/cjs/react-dom.development.js:26473:7)
          at recoverFromConcurrentError (/home/cmlsrandolph/Documents/coding-projects/workout-app/frontend/node_modules/react-dom/cjs/react-dom.development.js:25889:20)
          at performConcurrentWorkOnRoot (/home/cmlsrandolph/Documents/coding-projects/workout-app/frontend/node_modules/react-dom/cjs/react-dom.development.js:25789:22)
          at flushActQueue (/home/cmlsrandolph/Documents/coding-projects/workout-app/frontend/node_modules/react/cjs/react.development.js:2667:24)
          at act (/home/cmlsrandolph/Documents/coding-projects/workout-app/frontend/node_modules/react/cjs/react.development.js:2582:11)
          at /home/cmlsrandolph/Documents/coding-projects/workout-app/frontend/node_modules/@testing-library/react/dist/act-compat.js:47:25
          at renderRoot (/home/cmlsrandolph/Documents/coding-projects/workout-app/frontend/node_modules/@testing-library/react/dist/pure.js:180:26)
          at render (/home/cmlsrandolph/Documents/coding-projects/workout-app/frontend/node_modules/@testing-library/react/dist/pure.js:271:10)
          at renderComponent (/home/cmlsrandolph/Documents/coding-projects/workout-app/frontend/src/tests/components/UserProfileForm.test.tsx:56:18)
          at Object.<anonymous> (/home/cmlsrandolph/Documents/coding-projects/workout-app/frontend/src/tests/components/UserProfileForm.test.tsx:66:5)
          at Promise.then.completed (/home/cmlsrandolph/Documents/coding-projects/workout-app/frontend/node_modules/jest-circus/build/utils.js:391:28)
          at new Promise (<anonymous>)
          at callAsyncCircusFn (/home/cmlsrandolph/Documents/coding-projects/workout-app/frontend/node_modules/jest-circus/build/utils.js:316:10)
          at _callCircusTest (/home/cmlsrandolph/Documents/coding-projects/workout-app/frontend/node_modules/jest-circus/build/run.js:218:40)
          at processTicksAndRejections (node:internal/process/task_queues:95:5)
          at _runTest (/home/cmlsrandolph/Documents/coding-projects/workout-app/frontend/node_modules/jest-circus/build/run.js:155:3)
          at _runTestsForDescribeBlock (/home/cmlsrandolph/Documents/coding-projects/workout-app/frontend/node_modules/jest-circus/build/run.js:66:9)
          at _runTestsForDescribeBlock (/home/cmlsrandolph/Documents/coding-projects/workout-app/frontend/node_modules/jest-circus/build/run.js:60:9)
          at run (/home/cmlsrandolph/Documents/coding-projects/workout-app/frontend/node_modules/jest-circus/build/run.js:25:3)
          at runAndTransformResultsToJestFormat (/home/cmlsrandolph/Documents/coding-projects/workout-app/frontend/node_modules/jest-circus/build/legacy-code-todo-rewrite/jestAdapterInit.js:170:21)
          at jestAdapter (/home/cmlsrandolph/Documents/coding-projects/workout-app/frontend/node_modules/jest-circus/build/legacy-code-todo-rewrite/jestAdapter.js:82:19)
          at runTestInternal (/home/cmlsrandolph/Documents/coding-projects/workout-app/frontend/node_modules/jest-runner/build/runTest.js:389:16)
          at runTest (/home/cmlsrandolph/Documents/coding-projects/workout-app/frontend/node_modules/jest-runner/build/runTest.js:475:34)
          at Object.worker (/home/cmlsrandolph/Documents/coding-projects/workout-app/frontend/node_modules/jest-runner/build/testWorker.js:133:12)

      54 |
      55 |   const renderComponent = (props = {}) => {
    > 56 |     return render(
         |                  ^
      57 |       <Provider store={store}>
      58 |         <ChakraProvider>
      59 |           <UserProfileForm {...props} />

      at VirtualConsole.<anonymous> (node_modules/jsdom/lib/jsdom/virtual-console.js:29:45)
      at reportException (node_modules/jsdom/lib/jsdom/living/helpers/runtime-script-errors.js:70:28)
      at innerInvokeEventListeners (node_modules/jsdom/lib/jsdom/living/events/EventTarget-impl.js:341:9)
      at invokeEventListeners (node_modules/jsdom/lib/jsdom/living/events/EventTarget-impl.js:274:3)
      at HTMLUnknownElementImpl._dispatch (node_modules/jsdom/lib/jsdom/living/events/EventTarget-impl.js:221:9)
      at HTMLUnknownElementImpl.dispatchEvent (node_modules/jsdom/lib/jsdom/living/events/EventTarget-impl.js:94:17)
      at HTMLUnknownElement.dispatchEvent (node_modules/jsdom/lib/jsdom/living/generated/EventTarget.js:231:34)
      at Object.invokeGuardedCallbackDev (node_modules/react-dom/cjs/react-dom.development.js:4213:16)
      at invokeGuardedCallback (node_modules/react-dom/cjs/react-dom.development.js:4277:31)
      at beginWork$1 (node_modules/react-dom/cjs/react-dom.development.js:27490:7)
      at performUnitOfWork (node_modules/react-dom/cjs/react-dom.development.js:26599:12)
      at workLoopSync (node_modules/react-dom/cjs/react-dom.development.js:26505:5)
      at renderRootSync (node_modules/react-dom/cjs/react-dom.development.js:26473:7)
      at recoverFromConcurrentError (node_modules/react-dom/cjs/react-dom.development.js:25889:20)
      at performConcurrentWorkOnRoot (node_modules/react-dom/cjs/react-dom.development.js:25789:22)
      at flushActQueue (node_modules/react/cjs/react.development.js:2667:24)
      at act (node_modules/react/cjs/react.development.js:2582:11)
      at node_modules/@testing-library/react/dist/act-compat.js:47:25
      at renderRoot (node_modules/@testing-library/react/dist/pure.js:180:26)
      at render (node_modules/@testing-library/react/dist/pure.js:271:10)
      at renderComponent (src/tests/components/UserProfileForm.test.tsx:56:18)
      at Object.<anonymous> (src/tests/components/UserProfileForm.test.tsx:66:5)

    console.error
      The above error occurred in the <UserProfileForm> component:
      
          at UserProfileForm (/home/cmlsrandolph/Documents/coding-projects/workout-app/frontend/src/components/user/UserProfileForm.tsx:51:3)
          at ChakraProvider (/home/cmlsrandolph/Documents/coding-projects/workout-app/frontend/src/tests/__mocks__/@chakra-ui/react.js:116:27)
          at Provider (/home/cmlsrandolph/Documents/coding-projects/workout-app/frontend/node_modules/react-redux/lib/components/Provider.js:19:3)
      
      Consider adding an error boundary to your tree to customize error handling behavior.
      Visit https://reactjs.org/link/error-boundaries to learn more about error boundaries.

      54 |
      55 |   const renderComponent = (props = {}) => {
    > 56 |     return render(
         |                  ^
      57 |       <Provider store={store}>
      58 |         <ChakraProvider>
      59 |           <UserProfileForm {...props} />

      at logCapturedError (node_modules/react-dom/cjs/react-dom.development.js:18704:23)
      at update.callback (node_modules/react-dom/cjs/react-dom.development.js:18737:5)
      at callCallback (node_modules/react-dom/cjs/react-dom.development.js:15036:12)
      at commitUpdateQueue (node_modules/react-dom/cjs/react-dom.development.js:15057:9)
      at commitLayoutEffectOnFiber (node_modules/react-dom/cjs/react-dom.development.js:23430:13)
      at commitLayoutMountEffects_complete (node_modules/react-dom/cjs/react-dom.development.js:24727:9)
      at commitLayoutEffects_begin (node_modules/react-dom/cjs/react-dom.development.js:24713:7)
      at commitLayoutEffects (node_modules/react-dom/cjs/react-dom.development.js:24651:3)
      at commitRootImpl (node_modules/react-dom/cjs/react-dom.development.js:26862:5)
      at commitRoot (node_modules/react-dom/cjs/react-dom.development.js:26721:5)
      at finishConcurrentRender (node_modules/react-dom/cjs/react-dom.development.js:25931:9)
      at performConcurrentWorkOnRoot (node_modules/react-dom/cjs/react-dom.development.js:25848:7)
      at flushActQueue (node_modules/react/cjs/react.development.js:2667:24)
      at act (node_modules/react/cjs/react.development.js:2582:11)
      at node_modules/@testing-library/react/dist/act-compat.js:47:25
      at renderRoot (node_modules/@testing-library/react/dist/pure.js:180:26)
      at render (node_modules/@testing-library/react/dist/pure.js:271:10)
      at renderComponent (src/tests/components/UserProfileForm.test.tsx:56:18)
      at Object.<anonymous> (src/tests/components/UserProfileForm.test.tsx:66:5)

    console.error
      Error: Uncaught [ReferenceError: SimpleGrid is not defined]
          at reportException (/home/cmlsrandolph/Documents/coding-projects/workout-app/frontend/node_modules/jsdom/lib/jsdom/living/helpers/runtime-script-errors.js:66:24)
          at innerInvokeEventListeners (/home/cmlsrandolph/Documents/coding-projects/workout-app/frontend/node_modules/jsdom/lib/jsdom/living/events/EventTarget-impl.js:341:9)
          at invokeEventListeners (/home/cmlsrandolph/Documents/coding-projects/workout-app/frontend/node_modules/jsdom/lib/jsdom/living/events/EventTarget-impl.js:274:3)
          at HTMLUnknownElementImpl._dispatch (/home/cmlsrandolph/Documents/coding-projects/workout-app/frontend/node_modules/jsdom/lib/jsdom/living/events/EventTarget-impl.js:221:9)
          at HTMLUnknownElementImpl.dispatchEvent (/home/cmlsrandolph/Documents/coding-projects/workout-app/frontend/node_modules/jsdom/lib/jsdom/living/events/EventTarget-impl.js:94:17)
          at HTMLUnknownElement.dispatchEvent (/home/cmlsrandolph/Documents/coding-projects/workout-app/frontend/node_modules/jsdom/lib/jsdom/living/generated/EventTarget.js:231:34)
          at Object.invokeGuardedCallbackDev (/home/cmlsrandolph/Documents/coding-projects/workout-app/frontend/node_modules/react-dom/cjs/react-dom.development.js:4213:16)
          at invokeGuardedCallback (/home/cmlsrandolph/Documents/coding-projects/workout-app/frontend/node_modules/react-dom/cjs/react-dom.development.js:4277:31)
          at beginWork$1 (/home/cmlsrandolph/Documents/coding-projects/workout-app/frontend/node_modules/react-dom/cjs/react-dom.development.js:27490:7)
          at performUnitOfWork (/home/cmlsrandolph/Documents/coding-projects/workout-app/frontend/node_modules/react-dom/cjs/react-dom.development.js:26599:12)
          at workLoopSync (/home/cmlsrandolph/Documents/coding-projects/workout-app/frontend/node_modules/react-dom/cjs/react-dom.development.js:26505:5)
          at renderRootSync (/home/cmlsrandolph/Documents/coding-projects/workout-app/frontend/node_modules/react-dom/cjs/react-dom.development.js:26473:7)
          at performConcurrentWorkOnRoot (/home/cmlsrandolph/Documents/coding-projects/workout-app/frontend/node_modules/react-dom/cjs/react-dom.development.js:25777:74)
          at flushActQueue (/home/cmlsrandolph/Documents/coding-projects/workout-app/frontend/node_modules/react/cjs/react.development.js:2667:24)
          at act (/home/cmlsrandolph/Documents/coding-projects/workout-app/frontend/node_modules/react/cjs/react.development.js:2582:11)
          at /home/cmlsrandolph/Documents/coding-projects/workout-app/frontend/node_modules/@testing-library/react/dist/act-compat.js:47:25
          at renderRoot (/home/cmlsrandolph/Documents/coding-projects/workout-app/frontend/node_modules/@testing-library/react/dist/pure.js:180:26)
          at render (/home/cmlsrandolph/Documents/coding-projects/workout-app/frontend/node_modules/@testing-library/react/dist/pure.js:271:10)
          at renderComponent (/home/cmlsrandolph/Documents/coding-projects/workout-app/frontend/src/tests/components/UserProfileForm.test.tsx:56:18)
          at Object.<anonymous> (/home/cmlsrandolph/Documents/coding-projects/workout-app/frontend/src/tests/components/UserProfileForm.test.tsx:77:5)
          at Promise.then.completed (/home/cmlsrandolph/Documents/coding-projects/workout-app/frontend/node_modules/jest-circus/build/utils.js:391:28)
          at new Promise (<anonymous>)
          at callAsyncCircusFn (/home/cmlsrandolph/Documents/coding-projects/workout-app/frontend/node_modules/jest-circus/build/utils.js:316:10)
          at _callCircusTest (/home/cmlsrandolph/Documents/coding-projects/workout-app/frontend/node_modules/jest-circus/build/run.js:218:40)
          at processTicksAndRejections (node:internal/process/task_queues:95:5)
          at _runTest (/home/cmlsrandolph/Documents/coding-projects/workout-app/frontend/node_modules/jest-circus/build/run.js:155:3)
          at _runTestsForDescribeBlock (/home/cmlsrandolph/Documents/coding-projects/workout-app/frontend/node_modules/jest-circus/build/run.js:66:9)
          at _runTestsForDescribeBlock (/home/cmlsrandolph/Documents/coding-projects/workout-app/frontend/node_modules/jest-circus/build/run.js:60:9)
          at run (/home/cmlsrandolph/Documents/coding-projects/workout-app/frontend/node_modules/jest-circus/build/run.js:25:3)
          at runAndTransformResultsToJestFormat (/home/cmlsrandolph/Documents/coding-projects/workout-app/frontend/node_modules/jest-circus/build/legacy-code-todo-rewrite/jestAdapterInit.js:170:21)
          at jestAdapter (/home/cmlsrandolph/Documents/coding-projects/workout-app/frontend/node_modules/jest-circus/build/legacy-code-todo-rewrite/jestAdapter.js:82:19)
          at runTestInternal (/home/cmlsrandolph/Documents/coding-projects/workout-app/frontend/node_modules/jest-runner/build/runTest.js:389:16)
          at runTest (/home/cmlsrandolph/Documents/coding-projects/workout-app/frontend/node_modules/jest-runner/build/runTest.js:475:34)
          at Object.worker (/home/cmlsrandolph/Documents/coding-projects/workout-app/frontend/node_modules/jest-runner/build/testWorker.js:133:12) ReferenceError: SimpleGrid is not defined
          at UserProfileForm (/home/cmlsrandolph/Documents/coding-projects/workout-app/frontend/src/components/user/UserProfileForm.tsx:481:20)
          at renderWithHooks (/home/cmlsrandolph/Documents/coding-projects/workout-app/frontend/node_modules/react-dom/cjs/react-dom.development.js:15486:18)
          at mountIndeterminateComponent (/home/cmlsrandolph/Documents/coding-projects/workout-app/frontend/node_modules/react-dom/cjs/react-dom.development.js:20103:13)
          at beginWork (/home/cmlsrandolph/Documents/coding-projects/workout-app/frontend/node_modules/react-dom/cjs/react-dom.development.js:21626:16)
          at HTMLUnknownElement.callCallback (/home/cmlsrandolph/Documents/coding-projects/workout-app/frontend/node_modules/react-dom/cjs/react-dom.development.js:4164:14)
          at HTMLUnknownElement.callTheUserObjectsOperation (/home/cmlsrandolph/Documents/coding-projects/workout-app/frontend/node_modules/jsdom/lib/jsdom/living/generated/EventListener.js:26:30)
          at innerInvokeEventListeners (/home/cmlsrandolph/Documents/coding-projects/workout-app/frontend/node_modules/jsdom/lib/jsdom/living/events/EventTarget-impl.js:338:25)
          at invokeEventListeners (/home/cmlsrandolph/Documents/coding-projects/workout-app/frontend/node_modules/jsdom/lib/jsdom/living/events/EventTarget-impl.js:274:3)
          at HTMLUnknownElementImpl._dispatch (/home/cmlsrandolph/Documents/coding-projects/workout-app/frontend/node_modules/jsdom/lib/jsdom/living/events/EventTarget-impl.js:221:9)
          at HTMLUnknownElementImpl.dispatchEvent (/home/cmlsrandolph/Documents/coding-projects/workout-app/frontend/node_modules/jsdom/lib/jsdom/living/events/EventTarget-impl.js:94:17)
          at HTMLUnknownElement.dispatchEvent (/home/cmlsrandolph/Documents/coding-projects/workout-app/frontend/node_modules/jsdom/lib/jsdom/living/generated/EventTarget.js:231:34)
          at Object.invokeGuardedCallbackDev (/home/cmlsrandolph/Documents/coding-projects/workout-app/frontend/node_modules/react-dom/cjs/react-dom.development.js:4213:16)
          at invokeGuardedCallback (/home/cmlsrandolph/Documents/coding-projects/workout-app/frontend/node_modules/react-dom/cjs/react-dom.development.js:4277:31)
          at beginWork$1 (/home/cmlsrandolph/Documents/coding-projects/workout-app/frontend/node_modules/react-dom/cjs/react-dom.development.js:27490:7)
          at performUnitOfWork (/home/cmlsrandolph/Documents/coding-projects/workout-app/frontend/node_modules/react-dom/cjs/react-dom.development.js:26599:12)
          at workLoopSync (/home/cmlsrandolph/Documents/coding-projects/workout-app/frontend/node_modules/react-dom/cjs/react-dom.development.js:26505:5)
          at renderRootSync (/home/cmlsrandolph/Documents/coding-projects/workout-app/frontend/node_modules/react-dom/cjs/react-dom.development.js:26473:7)
          at performConcurrentWorkOnRoot (/home/cmlsrandolph/Documents/coding-projects/workout-app/frontend/node_modules/react-dom/cjs/react-dom.development.js:25777:74)
          at flushActQueue (/home/cmlsrandolph/Documents/coding-projects/workout-app/frontend/node_modules/react/cjs/react.development.js:2667:24)
          at act (/home/cmlsrandolph/Documents/coding-projects/workout-app/frontend/node_modules/react/cjs/react.development.js:2582:11)
          at /home/cmlsrandolph/Documents/coding-projects/workout-app/frontend/node_modules/@testing-library/react/dist/act-compat.js:47:25
          at renderRoot (/home/cmlsrandolph/Documents/coding-projects/workout-app/frontend/node_modules/@testing-library/react/dist/pure.js:180:26)
          at render (/home/cmlsrandolph/Documents/coding-projects/workout-app/frontend/node_modules/@testing-library/react/dist/pure.js:271:10)
          at renderComponent (/home/cmlsrandolph/Documents/coding-projects/workout-app/frontend/src/tests/components/UserProfileForm.test.tsx:56:18)
          at Object.<anonymous> (/home/cmlsrandolph/Documents/coding-projects/workout-app/frontend/src/tests/components/UserProfileForm.test.tsx:77:5)
          at Promise.then.completed (/home/cmlsrandolph/Documents/coding-projects/workout-app/frontend/node_modules/jest-circus/build/utils.js:391:28)
          at new Promise (<anonymous>)
          at callAsyncCircusFn (/home/cmlsrandolph/Documents/coding-projects/workout-app/frontend/node_modules/jest-circus/build/utils.js:316:10)
          at _callCircusTest (/home/cmlsrandolph/Documents/coding-projects/workout-app/frontend/node_modules/jest-circus/build/run.js:218:40)
          at processTicksAndRejections (node:internal/process/task_queues:95:5)
          at _runTest (/home/cmlsrandolph/Documents/coding-projects/workout-app/frontend/node_modules/jest-circus/build/run.js:155:3)
          at _runTestsForDescribeBlock (/home/cmlsrandolph/Documents/coding-projects/workout-app/frontend/node_modules/jest-circus/build/run.js:66:9)
          at _runTestsForDescribeBlock (/home/cmlsrandolph/Documents/coding-projects/workout-app/frontend/node_modules/jest-circus/build/run.js:60:9)
          at run (/home/cmlsrandolph/Documents/coding-projects/workout-app/frontend/node_modules/jest-circus/build/run.js:25:3)
          at runAndTransformResultsToJestFormat (/home/cmlsrandolph/Documents/coding-projects/workout-app/frontend/node_modules/jest-circus/build/legacy-code-todo-rewrite/jestAdapterInit.js:170:21)
          at jestAdapter (/home/cmlsrandolph/Documents/coding-projects/workout-app/frontend/node_modules/jest-circus/build/legacy-code-todo-rewrite/jestAdapter.js:82:19)
          at runTestInternal (/home/cmlsrandolph/Documents/coding-projects/workout-app/frontend/node_modules/jest-runner/build/runTest.js:389:16)
          at runTest (/home/cmlsrandolph/Documents/coding-projects/workout-app/frontend/node_modules/jest-runner/build/runTest.js:475:34)
          at Object.worker (/home/cmlsrandolph/Documents/coding-projects/workout-app/frontend/node_modules/jest-runner/build/testWorker.js:133:12)

      54 |
      55 |   const renderComponent = (props = {}) => {
    > 56 |     return render(
         |                  ^
      57 |       <Provider store={store}>
      58 |         <ChakraProvider>
      59 |           <UserProfileForm {...props} />

      at VirtualConsole.<anonymous> (node_modules/jsdom/lib/jsdom/virtual-console.js:29:45)
      at reportException (node_modules/jsdom/lib/jsdom/living/helpers/runtime-script-errors.js:70:28)
      at innerInvokeEventListeners (node_modules/jsdom/lib/jsdom/living/events/EventTarget-impl.js:341:9)
      at invokeEventListeners (node_modules/jsdom/lib/jsdom/living/events/EventTarget-impl.js:274:3)
      at HTMLUnknownElementImpl._dispatch (node_modules/jsdom/lib/jsdom/living/events/EventTarget-impl.js:221:9)
      at HTMLUnknownElementImpl.dispatchEvent (node_modules/jsdom/lib/jsdom/living/events/EventTarget-impl.js:94:17)
      at HTMLUnknownElement.dispatchEvent (node_modules/jsdom/lib/jsdom/living/generated/EventTarget.js:231:34)
      at Object.invokeGuardedCallbackDev (node_modules/react-dom/cjs/react-dom.development.js:4213:16)
      at invokeGuardedCallback (node_modules/react-dom/cjs/react-dom.development.js:4277:31)
      at beginWork$1 (node_modules/react-dom/cjs/react-dom.development.js:27490:7)
      at performUnitOfWork (node_modules/react-dom/cjs/react-dom.development.js:26599:12)
      at workLoopSync (node_modules/react-dom/cjs/react-dom.development.js:26505:5)
      at renderRootSync (node_modules/react-dom/cjs/react-dom.development.js:26473:7)
      at performConcurrentWorkOnRoot (node_modules/react-dom/cjs/react-dom.development.js:25777:74)
      at flushActQueue (node_modules/react/cjs/react.development.js:2667:24)
      at act (node_modules/react/cjs/react.development.js:2582:11)
      at node_modules/@testing-library/react/dist/act-compat.js:47:25
      at renderRoot (node_modules/@testing-library/react/dist/pure.js:180:26)
      at render (node_modules/@testing-library/react/dist/pure.js:271:10)
      at renderComponent (src/tests/components/UserProfileForm.test.tsx:56:18)
      at Object.<anonymous> (src/tests/components/UserProfileForm.test.tsx:77:5)

    console.error
      Error: Uncaught [ReferenceError: SimpleGrid is not defined]
          at reportException (/home/cmlsrandolph/Documents/coding-projects/workout-app/frontend/node_modules/jsdom/lib/jsdom/living/helpers/runtime-script-errors.js:66:24)
          at innerInvokeEventListeners (/home/cmlsrandolph/Documents/coding-projects/workout-app/frontend/node_modules/jsdom/lib/jsdom/living/events/EventTarget-impl.js:341:9)
          at invokeEventListeners (/home/cmlsrandolph/Documents/coding-projects/workout-app/frontend/node_modules/jsdom/lib/jsdom/living/events/EventTarget-impl.js:274:3)
          at HTMLUnknownElementImpl._dispatch (/home/cmlsrandolph/Documents/coding-projects/workout-app/frontend/node_modules/jsdom/lib/jsdom/living/events/EventTarget-impl.js:221:9)
          at HTMLUnknownElementImpl.dispatchEvent (/home/cmlsrandolph/Documents/coding-projects/workout-app/frontend/node_modules/jsdom/lib/jsdom/living/events/EventTarget-impl.js:94:17)
          at HTMLUnknownElement.dispatchEvent (/home/cmlsrandolph/Documents/coding-projects/workout-app/frontend/node_modules/jsdom/lib/jsdom/living/generated/EventTarget.js:231:34)
          at Object.invokeGuardedCallbackDev (/home/cmlsrandolph/Documents/coding-projects/workout-app/frontend/node_modules/react-dom/cjs/react-dom.development.js:4213:16)
          at invokeGuardedCallback (/home/cmlsrandolph/Documents/coding-projects/workout-app/frontend/node_modules/react-dom/cjs/react-dom.development.js:4277:31)
          at beginWork$1 (/home/cmlsrandolph/Documents/coding-projects/workout-app/frontend/node_modules/react-dom/cjs/react-dom.development.js:27490:7)
          at performUnitOfWork (/home/cmlsrandolph/Documents/coding-projects/workout-app/frontend/node_modules/react-dom/cjs/react-dom.development.js:26599:12)
          at workLoopSync (/home/cmlsrandolph/Documents/coding-projects/workout-app/frontend/node_modules/react-dom/cjs/react-dom.development.js:26505:5)
          at renderRootSync (/home/cmlsrandolph/Documents/coding-projects/workout-app/frontend/node_modules/react-dom/cjs/react-dom.development.js:26473:7)
          at recoverFromConcurrentError (/home/cmlsrandolph/Documents/coding-projects/workout-app/frontend/node_modules/react-dom/cjs/react-dom.development.js:25889:20)
          at performConcurrentWorkOnRoot (/home/cmlsrandolph/Documents/coding-projects/workout-app/frontend/node_modules/react-dom/cjs/react-dom.development.js:25789:22)
          at flushActQueue (/home/cmlsrandolph/Documents/coding-projects/workout-app/frontend/node_modules/react/cjs/react.development.js:2667:24)
          at act (/home/cmlsrandolph/Documents/coding-projects/workout-app/frontend/node_modules/react/cjs/react.development.js:2582:11)
          at /home/cmlsrandolph/Documents/coding-projects/workout-app/frontend/node_modules/@testing-library/react/dist/act-compat.js:47:25
          at renderRoot (/home/cmlsrandolph/Documents/coding-projects/workout-app/frontend/node_modules/@testing-library/react/dist/pure.js:180:26)
          at render (/home/cmlsrandolph/Documents/coding-projects/workout-app/frontend/node_modules/@testing-library/react/dist/pure.js:271:10)
          at renderComponent (/home/cmlsrandolph/Documents/coding-projects/workout-app/frontend/src/tests/components/UserProfileForm.test.tsx:56:18)
          at Object.<anonymous> (/home/cmlsrandolph/Documents/coding-projects/workout-app/frontend/src/tests/components/UserProfileForm.test.tsx:77:5)
          at Promise.then.completed (/home/cmlsrandolph/Documents/coding-projects/workout-app/frontend/node_modules/jest-circus/build/utils.js:391:28)
          at new Promise (<anonymous>)
          at callAsyncCircusFn (/home/cmlsrandolph/Documents/coding-projects/workout-app/frontend/node_modules/jest-circus/build/utils.js:316:10)
          at _callCircusTest (/home/cmlsrandolph/Documents/coding-projects/workout-app/frontend/node_modules/jest-circus/build/run.js:218:40)
          at processTicksAndRejections (node:internal/process/task_queues:95:5)
          at _runTest (/home/cmlsrandolph/Documents/coding-projects/workout-app/frontend/node_modules/jest-circus/build/run.js:155:3)
          at _runTestsForDescribeBlock (/home/cmlsrandolph/Documents/coding-projects/workout-app/frontend/node_modules/jest-circus/build/run.js:66:9)
          at _runTestsForDescribeBlock (/home/cmlsrandolph/Documents/coding-projects/workout-app/frontend/node_modules/jest-circus/build/run.js:60:9)
          at run (/home/cmlsrandolph/Documents/coding-projects/workout-app/frontend/node_modules/jest-circus/build/run.js:25:3)
          at runAndTransformResultsToJestFormat (/home/cmlsrandolph/Documents/coding-projects/workout-app/frontend/node_modules/jest-circus/build/legacy-code-todo-rewrite/jestAdapterInit.js:170:21)
          at jestAdapter (/home/cmlsrandolph/Documents/coding-projects/workout-app/frontend/node_modules/jest-circus/build/legacy-code-todo-rewrite/jestAdapter.js:82:19)
          at runTestInternal (/home/cmlsrandolph/Documents/coding-projects/workout-app/frontend/node_modules/jest-runner/build/runTest.js:389:16)
          at runTest (/home/cmlsrandolph/Documents/coding-projects/workout-app/frontend/node_modules/jest-runner/build/runTest.js:475:34)
          at Object.worker (/home/cmlsrandolph/Documents/coding-projects/workout-app/frontend/node_modules/jest-runner/build/testWorker.js:133:12) ReferenceError: SimpleGrid is not defined
          at UserProfileForm (/home/cmlsrandolph/Documents/coding-projects/workout-app/frontend/src/components/user/UserProfileForm.tsx:481:20)
          at renderWithHooks (/home/cmlsrandolph/Documents/coding-projects/workout-app/frontend/node_modules/react-dom/cjs/react-dom.development.js:15486:18)
          at mountIndeterminateComponent (/home/cmlsrandolph/Documents/coding-projects/workout-app/frontend/node_modules/react-dom/cjs/react-dom.development.js:20103:13)
          at beginWork (/home/cmlsrandolph/Documents/coding-projects/workout-app/frontend/node_modules/react-dom/cjs/react-dom.development.js:21626:16)
          at HTMLUnknownElement.callCallback (/home/cmlsrandolph/Documents/coding-projects/workout-app/frontend/node_modules/react-dom/cjs/react-dom.development.js:4164:14)
          at HTMLUnknownElement.callTheUserObjectsOperation (/home/cmlsrandolph/Documents/coding-projects/workout-app/frontend/node_modules/jsdom/lib/jsdom/living/generated/EventListener.js:26:30)
          at innerInvokeEventListeners (/home/cmlsrandolph/Documents/coding-projects/workout-app/frontend/node_modules/jsdom/lib/jsdom/living/events/EventTarget-impl.js:338:25)
          at invokeEventListeners (/home/cmlsrandolph/Documents/coding-projects/workout-app/frontend/node_modules/jsdom/lib/jsdom/living/events/EventTarget-impl.js:274:3)
          at HTMLUnknownElementImpl._dispatch (/home/cmlsrandolph/Documents/coding-projects/workout-app/frontend/node_modules/jsdom/lib/jsdom/living/events/EventTarget-impl.js:221:9)
          at HTMLUnknownElementImpl.dispatchEvent (/home/cmlsrandolph/Documents/coding-projects/workout-app/frontend/node_modules/jsdom/lib/jsdom/living/events/EventTarget-impl.js:94:17)
          at HTMLUnknownElement.dispatchEvent (/home/cmlsrandolph/Documents/coding-projects/workout-app/frontend/node_modules/jsdom/lib/jsdom/living/generated/EventTarget.js:231:34)
          at Object.invokeGuardedCallbackDev (/home/cmlsrandolph/Documents/coding-projects/workout-app/frontend/node_modules/react-dom/cjs/react-dom.development.js:4213:16)
          at invokeGuardedCallback (/home/cmlsrandolph/Documents/coding-projects/workout-app/frontend/node_modules/react-dom/cjs/react-dom.development.js:4277:31)
          at beginWork$1 (/home/cmlsrandolph/Documents/coding-projects/workout-app/frontend/node_modules/react-dom/cjs/react-dom.development.js:27490:7)
          at performUnitOfWork (/home/cmlsrandolph/Documents/coding-projects/workout-app/frontend/node_modules/react-dom/cjs/react-dom.development.js:26599:12)
          at workLoopSync (/home/cmlsrandolph/Documents/coding-projects/workout-app/frontend/node_modules/react-dom/cjs/react-dom.development.js:26505:5)
          at renderRootSync (/home/cmlsrandolph/Documents/coding-projects/workout-app/frontend/node_modules/react-dom/cjs/react-dom.development.js:26473:7)
          at recoverFromConcurrentError (/home/cmlsrandolph/Documents/coding-projects/workout-app/frontend/node_modules/react-dom/cjs/react-dom.development.js:25889:20)
          at performConcurrentWorkOnRoot (/home/cmlsrandolph/Documents/coding-projects/workout-app/frontend/node_modules/react-dom/cjs/react-dom.development.js:25789:22)
          at flushActQueue (/home/cmlsrandolph/Documents/coding-projects/workout-app/frontend/node_modules/react/cjs/react.development.js:2667:24)
          at act (/home/cmlsrandolph/Documents/coding-projects/workout-app/frontend/node_modules/react/cjs/react.development.js:2582:11)
          at /home/cmlsrandolph/Documents/coding-projects/workout-app/frontend/node_modules/@testing-library/react/dist/act-compat.js:47:25
          at renderRoot (/home/cmlsrandolph/Documents/coding-projects/workout-app/frontend/node_modules/@testing-library/react/dist/pure.js:180:26)
          at render (/home/cmlsrandolph/Documents/coding-projects/workout-app/frontend/node_modules/@testing-library/react/dist/pure.js:271:10)
          at renderComponent (/home/cmlsrandolph/Documents/coding-projects/workout-app/frontend/src/tests/components/UserProfileForm.test.tsx:56:18)
          at Object.<anonymous> (/home/cmlsrandolph/Documents/coding-projects/workout-app/frontend/src/tests/components/UserProfileForm.test.tsx:77:5)
          at Promise.then.completed (/home/cmlsrandolph/Documents/coding-projects/workout-app/frontend/node_modules/jest-circus/build/utils.js:391:28)
          at new Promise (<anonymous>)
          at callAsyncCircusFn (/home/cmlsrandolph/Documents/coding-projects/workout-app/frontend/node_modules/jest-circus/build/utils.js:316:10)
          at _callCircusTest (/home/cmlsrandolph/Documents/coding-projects/workout-app/frontend/node_modules/jest-circus/build/run.js:218:40)
          at processTicksAndRejections (node:internal/process/task_queues:95:5)
          at _runTest (/home/cmlsrandolph/Documents/coding-projects/workout-app/frontend/node_modules/jest-circus/build/run.js:155:3)
          at _runTestsForDescribeBlock (/home/cmlsrandolph/Documents/coding-projects/workout-app/frontend/node_modules/jest-circus/build/run.js:66:9)
          at _runTestsForDescribeBlock (/home/cmlsrandolph/Documents/coding-projects/workout-app/frontend/node_modules/jest-circus/build/run.js:60:9)
          at run (/home/cmlsrandolph/Documents/coding-projects/workout-app/frontend/node_modules/jest-circus/build/run.js:25:3)
          at runAndTransformResultsToJestFormat (/home/cmlsrandolph/Documents/coding-projects/workout-app/frontend/node_modules/jest-circus/build/legacy-code-todo-rewrite/jestAdapterInit.js:170:21)
          at jestAdapter (/home/cmlsrandolph/Documents/coding-projects/workout-app/frontend/node_modules/jest-circus/build/legacy-code-todo-rewrite/jestAdapter.js:82:19)
          at runTestInternal (/home/cmlsrandolph/Documents/coding-projects/workout-app/frontend/node_modules/jest-runner/build/runTest.js:389:16)
          at runTest (/home/cmlsrandolph/Documents/coding-projects/workout-app/frontend/node_modules/jest-runner/build/runTest.js:475:34)
          at Object.worker (/home/cmlsrandolph/Documents/coding-projects/workout-app/frontend/node_modules/jest-runner/build/testWorker.js:133:12)

      54 |
      55 |   const renderComponent = (props = {}) => {
    > 56 |     return render(
         |                  ^
      57 |       <Provider store={store}>
      58 |         <ChakraProvider>
      59 |           <UserProfileForm {...props} />

      at VirtualConsole.<anonymous> (node_modules/jsdom/lib/jsdom/virtual-console.js:29:45)
      at reportException (node_modules/jsdom/lib/jsdom/living/helpers/runtime-script-errors.js:70:28)
      at innerInvokeEventListeners (node_modules/jsdom/lib/jsdom/living/events/EventTarget-impl.js:341:9)
      at invokeEventListeners (node_modules/jsdom/lib/jsdom/living/events/EventTarget-impl.js:274:3)
      at HTMLUnknownElementImpl._dispatch (node_modules/jsdom/lib/jsdom/living/events/EventTarget-impl.js:221:9)
      at HTMLUnknownElementImpl.dispatchEvent (node_modules/jsdom/lib/jsdom/living/events/EventTarget-impl.js:94:17)
      at HTMLUnknownElement.dispatchEvent (node_modules/jsdom/lib/jsdom/living/generated/EventTarget.js:231:34)
      at Object.invokeGuardedCallbackDev (node_modules/react-dom/cjs/react-dom.development.js:4213:16)
      at invokeGuardedCallback (node_modules/react-dom/cjs/react-dom.development.js:4277:31)
      at beginWork$1 (node_modules/react-dom/cjs/react-dom.development.js:27490:7)
      at performUnitOfWork (node_modules/react-dom/cjs/react-dom.development.js:26599:12)
      at workLoopSync (node_modules/react-dom/cjs/react-dom.development.js:26505:5)
      at renderRootSync (node_modules/react-dom/cjs/react-dom.development.js:26473:7)
      at recoverFromConcurrentError (node_modules/react-dom/cjs/react-dom.development.js:25889:20)
      at performConcurrentWorkOnRoot (node_modules/react-dom/cjs/react-dom.development.js:25789:22)
      at flushActQueue (node_modules/react/cjs/react.development.js:2667:24)
      at act (node_modules/react/cjs/react.development.js:2582:11)
      at node_modules/@testing-library/react/dist/act-compat.js:47:25
      at renderRoot (node_modules/@testing-library/react/dist/pure.js:180:26)
      at render (node_modules/@testing-library/react/dist/pure.js:271:10)
      at renderComponent (src/tests/components/UserProfileForm.test.tsx:56:18)
      at Object.<anonymous> (src/tests/components/UserProfileForm.test.tsx:77:5)

    console.error
      The above error occurred in the <UserProfileForm> component:
      
          at UserProfileForm (/home/cmlsrandolph/Documents/coding-projects/workout-app/frontend/src/components/user/UserProfileForm.tsx:51:3)
          at ChakraProvider (/home/cmlsrandolph/Documents/coding-projects/workout-app/frontend/src/tests/__mocks__/@chakra-ui/react.js:116:27)
          at Provider (/home/cmlsrandolph/Documents/coding-projects/workout-app/frontend/node_modules/react-redux/lib/components/Provider.js:19:3)
      
      Consider adding an error boundary to your tree to customize error handling behavior.
      Visit https://reactjs.org/link/error-boundaries to learn more about error boundaries.

      54 |
      55 |   const renderComponent = (props = {}) => {
    > 56 |     return render(
         |                  ^
      57 |       <Provider store={store}>
      58 |         <ChakraProvider>
      59 |           <UserProfileForm {...props} />

      at logCapturedError (node_modules/react-dom/cjs/react-dom.development.js:18704:23)
      at update.callback (node_modules/react-dom/cjs/react-dom.development.js:18737:5)
      at callCallback (node_modules/react-dom/cjs/react-dom.development.js:15036:12)
      at commitUpdateQueue (node_modules/react-dom/cjs/react-dom.development.js:15057:9)
      at commitLayoutEffectOnFiber (node_modules/react-dom/cjs/react-dom.development.js:23430:13)
      at commitLayoutMountEffects_complete (node_modules/react-dom/cjs/react-dom.development.js:24727:9)
      at commitLayoutEffects_begin (node_modules/react-dom/cjs/react-dom.development.js:24713:7)
      at commitLayoutEffects (node_modules/react-dom/cjs/react-dom.development.js:24651:3)
      at commitRootImpl (node_modules/react-dom/cjs/react-dom.development.js:26862:5)
      at commitRoot (node_modules/react-dom/cjs/react-dom.development.js:26721:5)
      at finishConcurrentRender (node_modules/react-dom/cjs/react-dom.development.js:25931:9)
      at performConcurrentWorkOnRoot (node_modules/react-dom/cjs/react-dom.development.js:25848:7)
      at flushActQueue (node_modules/react/cjs/react.development.js:2667:24)
      at act (node_modules/react/cjs/react.development.js:2582:11)
      at node_modules/@testing-library/react/dist/act-compat.js:47:25
      at renderRoot (node_modules/@testing-library/react/dist/pure.js:180:26)
      at render (node_modules/@testing-library/react/dist/pure.js:271:10)
      at renderComponent (src/tests/components/UserProfileForm.test.tsx:56:18)
      at Object.<anonymous> (src/tests/components/UserProfileForm.test.tsx:77:5)

    console.error
      Error: Uncaught [ReferenceError: SimpleGrid is not defined]
          at reportException (/home/cmlsrandolph/Documents/coding-projects/workout-app/frontend/node_modules/jsdom/lib/jsdom/living/helpers/runtime-script-errors.js:66:24)
          at innerInvokeEventListeners (/home/cmlsrandolph/Documents/coding-projects/workout-app/frontend/node_modules/jsdom/lib/jsdom/living/events/EventTarget-impl.js:341:9)
          at invokeEventListeners (/home/cmlsrandolph/Documents/coding-projects/workout-app/frontend/node_modules/jsdom/lib/jsdom/living/events/EventTarget-impl.js:274:3)
          at HTMLUnknownElementImpl._dispatch (/home/cmlsrandolph/Documents/coding-projects/workout-app/frontend/node_modules/jsdom/lib/jsdom/living/events/EventTarget-impl.js:221:9)
          at HTMLUnknownElementImpl.dispatchEvent (/home/cmlsrandolph/Documents/coding-projects/workout-app/frontend/node_modules/jsdom/lib/jsdom/living/events/EventTarget-impl.js:94:17)
          at HTMLUnknownElement.dispatchEvent (/home/cmlsrandolph/Documents/coding-projects/workout-app/frontend/node_modules/jsdom/lib/jsdom/living/generated/EventTarget.js:231:34)
          at Object.invokeGuardedCallbackDev (/home/cmlsrandolph/Documents/coding-projects/workout-app/frontend/node_modules/react-dom/cjs/react-dom.development.js:4213:16)
          at invokeGuardedCallback (/home/cmlsrandolph/Documents/coding-projects/workout-app/frontend/node_modules/react-dom/cjs/react-dom.development.js:4277:31)
          at beginWork$1 (/home/cmlsrandolph/Documents/coding-projects/workout-app/frontend/node_modules/react-dom/cjs/react-dom.development.js:27490:7)
          at performUnitOfWork (/home/cmlsrandolph/Documents/coding-projects/workout-app/frontend/node_modules/react-dom/cjs/react-dom.development.js:26599:12)
          at workLoopSync (/home/cmlsrandolph/Documents/coding-projects/workout-app/frontend/node_modules/react-dom/cjs/react-dom.development.js:26505:5)
          at renderRootSync (/home/cmlsrandolph/Documents/coding-projects/workout-app/frontend/node_modules/react-dom/cjs/react-dom.development.js:26473:7)
          at performConcurrentWorkOnRoot (/home/cmlsrandolph/Documents/coding-projects/workout-app/frontend/node_modules/react-dom/cjs/react-dom.development.js:25777:74)
          at flushActQueue (/home/cmlsrandolph/Documents/coding-projects/workout-app/frontend/node_modules/react/cjs/react.development.js:2667:24)
          at act (/home/cmlsrandolph/Documents/coding-projects/workout-app/frontend/node_modules/react/cjs/react.development.js:2582:11)
          at /home/cmlsrandolph/Documents/coding-projects/workout-app/frontend/node_modules/@testing-library/react/dist/act-compat.js:47:25
          at renderRoot (/home/cmlsrandolph/Documents/coding-projects/workout-app/frontend/node_modules/@testing-library/react/dist/pure.js:180:26)
          at render (/home/cmlsrandolph/Documents/coding-projects/workout-app/frontend/node_modules/@testing-library/react/dist/pure.js:271:10)
          at renderComponent (/home/cmlsrandolph/Documents/coding-projects/workout-app/frontend/src/tests/components/UserProfileForm.test.tsx:56:18)
          at Object.<anonymous> (/home/cmlsrandolph/Documents/coding-projects/workout-app/frontend/src/tests/components/UserProfileForm.test.tsx:93:5)
          at Promise.then.completed (/home/cmlsrandolph/Documents/coding-projects/workout-app/frontend/node_modules/jest-circus/build/utils.js:391:28)
          at new Promise (<anonymous>)
          at callAsyncCircusFn (/home/cmlsrandolph/Documents/coding-projects/workout-app/frontend/node_modules/jest-circus/build/utils.js:316:10)
          at _callCircusTest (/home/cmlsrandolph/Documents/coding-projects/workout-app/frontend/node_modules/jest-circus/build/run.js:218:40)
          at processTicksAndRejections (node:internal/process/task_queues:95:5)
          at _runTest (/home/cmlsrandolph/Documents/coding-projects/workout-app/frontend/node_modules/jest-circus/build/run.js:155:3)
          at _runTestsForDescribeBlock (/home/cmlsrandolph/Documents/coding-projects/workout-app/frontend/node_modules/jest-circus/build/run.js:66:9)
          at _runTestsForDescribeBlock (/home/cmlsrandolph/Documents/coding-projects/workout-app/frontend/node_modules/jest-circus/build/run.js:60:9)
          at run (/home/cmlsrandolph/Documents/coding-projects/workout-app/frontend/node_modules/jest-circus/build/run.js:25:3)
          at runAndTransformResultsToJestFormat (/home/cmlsrandolph/Documents/coding-projects/workout-app/frontend/node_modules/jest-circus/build/legacy-code-todo-rewrite/jestAdapterInit.js:170:21)
          at jestAdapter (/home/cmlsrandolph/Documents/coding-projects/workout-app/frontend/node_modules/jest-circus/build/legacy-code-todo-rewrite/jestAdapter.js:82:19)
          at runTestInternal (/home/cmlsrandolph/Documents/coding-projects/workout-app/frontend/node_modules/jest-runner/build/runTest.js:389:16)
          at runTest (/home/cmlsrandolph/Documents/coding-projects/workout-app/frontend/node_modules/jest-runner/build/runTest.js:475:34)
          at Object.worker (/home/cmlsrandolph/Documents/coding-projects/workout-app/frontend/node_modules/jest-runner/build/testWorker.js:133:12) ReferenceError: SimpleGrid is not defined
          at UserProfileForm (/home/cmlsrandolph/Documents/coding-projects/workout-app/frontend/src/components/user/UserProfileForm.tsx:481:20)
          at renderWithHooks (/home/cmlsrandolph/Documents/coding-projects/workout-app/frontend/node_modules/react-dom/cjs/react-dom.development.js:15486:18)
          at mountIndeterminateComponent (/home/cmlsrandolph/Documents/coding-projects/workout-app/frontend/node_modules/react-dom/cjs/react-dom.development.js:20103:13)
          at beginWork (/home/cmlsrandolph/Documents/coding-projects/workout-app/frontend/node_modules/react-dom/cjs/react-dom.development.js:21626:16)
          at HTMLUnknownElement.callCallback (/home/cmlsrandolph/Documents/coding-projects/workout-app/frontend/node_modules/react-dom/cjs/react-dom.development.js:4164:14)
          at HTMLUnknownElement.callTheUserObjectsOperation (/home/cmlsrandolph/Documents/coding-projects/workout-app/frontend/node_modules/jsdom/lib/jsdom/living/generated/EventListener.js:26:30)
          at innerInvokeEventListeners (/home/cmlsrandolph/Documents/coding-projects/workout-app/frontend/node_modules/jsdom/lib/jsdom/living/events/EventTarget-impl.js:338:25)
          at invokeEventListeners (/home/cmlsrandolph/Documents/coding-projects/workout-app/frontend/node_modules/jsdom/lib/jsdom/living/events/EventTarget-impl.js:274:3)
          at HTMLUnknownElementImpl._dispatch (/home/cmlsrandolph/Documents/coding-projects/workout-app/frontend/node_modules/jsdom/lib/jsdom/living/events/EventTarget-impl.js:221:9)
          at HTMLUnknownElementImpl.dispatchEvent (/home/cmlsrandolph/Documents/coding-projects/workout-app/frontend/node_modules/jsdom/lib/jsdom/living/events/EventTarget-impl.js:94:17)
          at HTMLUnknownElement.dispatchEvent (/home/cmlsrandolph/Documents/coding-projects/workout-app/frontend/node_modules/jsdom/lib/jsdom/living/generated/EventTarget.js:231:34)
          at Object.invokeGuardedCallbackDev (/home/cmlsrandolph/Documents/coding-projects/workout-app/frontend/node_modules/react-dom/cjs/react-dom.development.js:4213:16)
          at invokeGuardedCallback (/home/cmlsrandolph/Documents/coding-projects/workout-app/frontend/node_modules/react-dom/cjs/react-dom.development.js:4277:31)
          at beginWork$1 (/home/cmlsrandolph/Documents/coding-projects/workout-app/frontend/node_modules/react-dom/cjs/react-dom.development.js:27490:7)
          at performUnitOfWork (/home/cmlsrandolph/Documents/coding-projects/workout-app/frontend/node_modules/react-dom/cjs/react-dom.development.js:26599:12)
          at workLoopSync (/home/cmlsrandolph/Documents/coding-projects/workout-app/frontend/node_modules/react-dom/cjs/react-dom.development.js:26505:5)
          at renderRootSync (/home/cmlsrandolph/Documents/coding-projects/workout-app/frontend/node_modules/react-dom/cjs/react-dom.development.js:26473:7)
          at performConcurrentWorkOnRoot (/home/cmlsrandolph/Documents/coding-projects/workout-app/frontend/node_modules/react-dom/cjs/react-dom.development.js:25777:74)
          at flushActQueue (/home/cmlsrandolph/Documents/coding-projects/workout-app/frontend/node_modules/react/cjs/react.development.js:2667:24)
          at act (/home/cmlsrandolph/Documents/coding-projects/workout-app/frontend/node_modules/react/cjs/react.development.js:2582:11)
          at /home/cmlsrandolph/Documents/coding-projects/workout-app/frontend/node_modules/@testing-library/react/dist/act-compat.js:47:25
          at renderRoot (/home/cmlsrandolph/Documents/coding-projects/workout-app/frontend/node_modules/@testing-library/react/dist/pure.js:180:26)
          at render (/home/cmlsrandolph/Documents/coding-projects/workout-app/frontend/node_modules/@testing-library/react/dist/pure.js:271:10)
          at renderComponent (/home/cmlsrandolph/Documents/coding-projects/workout-app/frontend/src/tests/components/UserProfileForm.test.tsx:56:18)
          at Object.<anonymous> (/home/cmlsrandolph/Documents/coding-projects/workout-app/frontend/src/tests/components/UserProfileForm.test.tsx:93:5)
          at Promise.then.completed (/home/cmlsrandolph/Documents/coding-projects/workout-app/frontend/node_modules/jest-circus/build/utils.js:391:28)
          at new Promise (<anonymous>)
          at callAsyncCircusFn (/home/cmlsrandolph/Documents/coding-projects/workout-app/frontend/node_modules/jest-circus/build/utils.js:316:10)
          at _callCircusTest (/home/cmlsrandolph/Documents/coding-projects/workout-app/frontend/node_modules/jest-circus/build/run.js:218:40)
          at processTicksAndRejections (node:internal/process/task_queues:95:5)
          at _runTest (/home/cmlsrandolph/Documents/coding-projects/workout-app/frontend/node_modules/jest-circus/build/run.js:155:3)
          at _runTestsForDescribeBlock (/home/cmlsrandolph/Documents/coding-projects/workout-app/frontend/node_modules/jest-circus/build/run.js:66:9)
          at _runTestsForDescribeBlock (/home/cmlsrandolph/Documents/coding-projects/workout-app/frontend/node_modules/jest-circus/build/run.js:60:9)
          at run (/home/cmlsrandolph/Documents/coding-projects/workout-app/frontend/node_modules/jest-circus/build/run.js:25:3)
          at runAndTransformResultsToJestFormat (/home/cmlsrandolph/Documents/coding-projects/workout-app/frontend/node_modules/jest-circus/build/legacy-code-todo-rewrite/jestAdapterInit.js:170:21)
          at jestAdapter (/home/cmlsrandolph/Documents/coding-projects/workout-app/frontend/node_modules/jest-circus/build/legacy-code-todo-rewrite/jestAdapter.js:82:19)
          at runTestInternal (/home/cmlsrandolph/Documents/coding-projects/workout-app/frontend/node_modules/jest-runner/build/runTest.js:389:16)
          at runTest (/home/cmlsrandolph/Documents/coding-projects/workout-app/frontend/node_modules/jest-runner/build/runTest.js:475:34)
          at Object.worker (/home/cmlsrandolph/Documents/coding-projects/workout-app/frontend/node_modules/jest-runner/build/testWorker.js:133:12)

      54 |
      55 |   const renderComponent = (props = {}) => {
    > 56 |     return render(
         |                  ^
      57 |       <Provider store={store}>
      58 |         <ChakraProvider>
      59 |           <UserProfileForm {...props} />

      at VirtualConsole.<anonymous> (node_modules/jsdom/lib/jsdom/virtual-console.js:29:45)
      at reportException (node_modules/jsdom/lib/jsdom/living/helpers/runtime-script-errors.js:70:28)
      at innerInvokeEventListeners (node_modules/jsdom/lib/jsdom/living/events/EventTarget-impl.js:341:9)
      at invokeEventListeners (node_modules/jsdom/lib/jsdom/living/events/EventTarget-impl.js:274:3)
      at HTMLUnknownElementImpl._dispatch (node_modules/jsdom/lib/jsdom/living/events/EventTarget-impl.js:221:9)
      at HTMLUnknownElementImpl.dispatchEvent (node_modules/jsdom/lib/jsdom/living/events/EventTarget-impl.js:94:17)
      at HTMLUnknownElement.dispatchEvent (node_modules/jsdom/lib/jsdom/living/generated/EventTarget.js:231:34)
      at Object.invokeGuardedCallbackDev (node_modules/react-dom/cjs/react-dom.development.js:4213:16)
      at invokeGuardedCallback (node_modules/react-dom/cjs/react-dom.development.js:4277:31)
      at beginWork$1 (node_modules/react-dom/cjs/react-dom.development.js:27490:7)
      at performUnitOfWork (node_modules/react-dom/cjs/react-dom.development.js:26599:12)
      at workLoopSync (node_modules/react-dom/cjs/react-dom.development.js:26505:5)
      at renderRootSync (node_modules/react-dom/cjs/react-dom.development.js:26473:7)
      at performConcurrentWorkOnRoot (node_modules/react-dom/cjs/react-dom.development.js:25777:74)
      at flushActQueue (node_modules/react/cjs/react.development.js:2667:24)
      at act (node_modules/react/cjs/react.development.js:2582:11)
      at node_modules/@testing-library/react/dist/act-compat.js:47:25
      at renderRoot (node_modules/@testing-library/react/dist/pure.js:180:26)
      at render (node_modules/@testing-library/react/dist/pure.js:271:10)
      at renderComponent (src/tests/components/UserProfileForm.test.tsx:56:18)
      at Object.<anonymous> (src/tests/components/UserProfileForm.test.tsx:93:5)

    console.error
      Error: Uncaught [ReferenceError: SimpleGrid is not defined]
          at reportException (/home/cmlsrandolph/Documents/coding-projects/workout-app/frontend/node_modules/jsdom/lib/jsdom/living/helpers/runtime-script-errors.js:66:24)
          at innerInvokeEventListeners (/home/cmlsrandolph/Documents/coding-projects/workout-app/frontend/node_modules/jsdom/lib/jsdom/living/events/EventTarget-impl.js:341:9)
          at invokeEventListeners (/home/cmlsrandolph/Documents/coding-projects/workout-app/frontend/node_modules/jsdom/lib/jsdom/living/events/EventTarget-impl.js:274:3)
          at HTMLUnknownElementImpl._dispatch (/home/cmlsrandolph/Documents/coding-projects/workout-app/frontend/node_modules/jsdom/lib/jsdom/living/events/EventTarget-impl.js:221:9)
          at HTMLUnknownElementImpl.dispatchEvent (/home/cmlsrandolph/Documents/coding-projects/workout-app/frontend/node_modules/jsdom/lib/jsdom/living/events/EventTarget-impl.js:94:17)
          at HTMLUnknownElement.dispatchEvent (/home/cmlsrandolph/Documents/coding-projects/workout-app/frontend/node_modules/jsdom/lib/jsdom/living/generated/EventTarget.js:231:34)
          at Object.invokeGuardedCallbackDev (/home/cmlsrandolph/Documents/coding-projects/workout-app/frontend/node_modules/react-dom/cjs/react-dom.development.js:4213:16)
          at invokeGuardedCallback (/home/cmlsrandolph/Documents/coding-projects/workout-app/frontend/node_modules/react-dom/cjs/react-dom.development.js:4277:31)
          at beginWork$1 (/home/cmlsrandolph/Documents/coding-projects/workout-app/frontend/node_modules/react-dom/cjs/react-dom.development.js:27490:7)
          at performUnitOfWork (/home/cmlsrandolph/Documents/coding-projects/workout-app/frontend/node_modules/react-dom/cjs/react-dom.development.js:26599:12)
          at workLoopSync (/home/cmlsrandolph/Documents/coding-projects/workout-app/frontend/node_modules/react-dom/cjs/react-dom.development.js:26505:5)
          at renderRootSync (/home/cmlsrandolph/Documents/coding-projects/workout-app/frontend/node_modules/react-dom/cjs/react-dom.development.js:26473:7)
          at recoverFromConcurrentError (/home/cmlsrandolph/Documents/coding-projects/workout-app/frontend/node_modules/react-dom/cjs/react-dom.development.js:25889:20)
          at performConcurrentWorkOnRoot (/home/cmlsrandolph/Documents/coding-projects/workout-app/frontend/node_modules/react-dom/cjs/react-dom.development.js:25789:22)
          at flushActQueue (/home/cmlsrandolph/Documents/coding-projects/workout-app/frontend/node_modules/react/cjs/react.development.js:2667:24)
          at act (/home/cmlsrandolph/Documents/coding-projects/workout-app/frontend/node_modules/react/cjs/react.development.js:2582:11)
          at /home/cmlsrandolph/Documents/coding-projects/workout-app/frontend/node_modules/@testing-library/react/dist/act-compat.js:47:25
          at renderRoot (/home/cmlsrandolph/Documents/coding-projects/workout-app/frontend/node_modules/@testing-library/react/dist/pure.js:180:26)
          at render (/home/cmlsrandolph/Documents/coding-projects/workout-app/frontend/node_modules/@testing-library/react/dist/pure.js:271:10)
          at renderComponent (/home/cmlsrandolph/Documents/coding-projects/workout-app/frontend/src/tests/components/UserProfileForm.test.tsx:56:18)
          at Object.<anonymous> (/home/cmlsrandolph/Documents/coding-projects/workout-app/frontend/src/tests/components/UserProfileForm.test.tsx:93:5)
          at Promise.then.completed (/home/cmlsrandolph/Documents/coding-projects/workout-app/frontend/node_modules/jest-circus/build/utils.js:391:28)
          at new Promise (<anonymous>)
          at callAsyncCircusFn (/home/cmlsrandolph/Documents/coding-projects/workout-app/frontend/node_modules/jest-circus/build/utils.js:316:10)
          at _callCircusTest (/home/cmlsrandolph/Documents/coding-projects/workout-app/frontend/node_modules/jest-circus/build/run.js:218:40)
          at processTicksAndRejections (node:internal/process/task_queues:95:5)
          at _runTest (/home/cmlsrandolph/Documents/coding-projects/workout-app/frontend/node_modules/jest-circus/build/run.js:155:3)
          at _runTestsForDescribeBlock (/home/cmlsrandolph/Documents/coding-projects/workout-app/frontend/node_modules/jest-circus/build/run.js:66:9)
          at _runTestsForDescribeBlock (/home/cmlsrandolph/Documents/coding-projects/workout-app/frontend/node_modules/jest-circus/build/run.js:60:9)
          at run (/home/cmlsrandolph/Documents/coding-projects/workout-app/frontend/node_modules/jest-circus/build/run.js:25:3)
          at runAndTransformResultsToJestFormat (/home/cmlsrandolph/Documents/coding-projects/workout-app/frontend/node_modules/jest-circus/build/legacy-code-todo-rewrite/jestAdapterInit.js:170:21)
          at jestAdapter (/home/cmlsrandolph/Documents/coding-projects/workout-app/frontend/node_modules/jest-circus/build/legacy-code-todo-rewrite/jestAdapter.js:82:19)
          at runTestInternal (/home/cmlsrandolph/Documents/coding-projects/workout-app/frontend/node_modules/jest-runner/build/runTest.js:389:16)
          at runTest (/home/cmlsrandolph/Documents/coding-projects/workout-app/frontend/node_modules/jest-runner/build/runTest.js:475:34)
          at Object.worker (/home/cmlsrandolph/Documents/coding-projects/workout-app/frontend/node_modules/jest-runner/build/testWorker.js:133:12) ReferenceError: SimpleGrid is not defined
          at UserProfileForm (/home/cmlsrandolph/Documents/coding-projects/workout-app/frontend/src/components/user/UserProfileForm.tsx:481:20)
          at renderWithHooks (/home/cmlsrandolph/Documents/coding-projects/workout-app/frontend/node_modules/react-dom/cjs/react-dom.development.js:15486:18)
          at mountIndeterminateComponent (/home/cmlsrandolph/Documents/coding-projects/workout-app/frontend/node_modules/react-dom/cjs/react-dom.development.js:20103:13)
          at beginWork (/home/cmlsrandolph/Documents/coding-projects/workout-app/frontend/node_modules/react-dom/cjs/react-dom.development.js:21626:16)
          at HTMLUnknownElement.callCallback (/home/cmlsrandolph/Documents/coding-projects/workout-app/frontend/node_modules/react-dom/cjs/react-dom.development.js:4164:14)
          at HTMLUnknownElement.callTheUserObjectsOperation (/home/cmlsrandolph/Documents/coding-projects/workout-app/frontend/node_modules/jsdom/lib/jsdom/living/generated/EventListener.js:26:30)
          at innerInvokeEventListeners (/home/cmlsrandolph/Documents/coding-projects/workout-app/frontend/node_modules/jsdom/lib/jsdom/living/events/EventTarget-impl.js:338:25)
          at invokeEventListeners (/home/cmlsrandolph/Documents/coding-projects/workout-app/frontend/node_modules/jsdom/lib/jsdom/living/events/EventTarget-impl.js:274:3)
          at HTMLUnknownElementImpl._dispatch (/home/cmlsrandolph/Documents/coding-projects/workout-app/frontend/node_modules/jsdom/lib/jsdom/living/events/EventTarget-impl.js:221:9)
          at HTMLUnknownElementImpl.dispatchEvent (/home/cmlsrandolph/Documents/coding-projects/workout-app/frontend/node_modules/jsdom/lib/jsdom/living/events/EventTarget-impl.js:94:17)
          at HTMLUnknownElement.dispatchEvent (/home/cmlsrandolph/Documents/coding-projects/workout-app/frontend/node_modules/jsdom/lib/jsdom/living/generated/EventTarget.js:231:34)
          at Object.invokeGuardedCallbackDev (/home/cmlsrandolph/Documents/coding-projects/workout-app/frontend/node_modules/react-dom/cjs/react-dom.development.js:4213:16)
          at invokeGuardedCallback (/home/cmlsrandolph/Documents/coding-projects/workout-app/frontend/node_modules/react-dom/cjs/react-dom.development.js:4277:31)
          at beginWork$1 (/home/cmlsrandolph/Documents/coding-projects/workout-app/frontend/node_modules/react-dom/cjs/react-dom.development.js:27490:7)
          at performUnitOfWork (/home/cmlsrandolph/Documents/coding-projects/workout-app/frontend/node_modules/react-dom/cjs/react-dom.development.js:26599:12)
          at workLoopSync (/home/cmlsrandolph/Documents/coding-projects/workout-app/frontend/node_modules/react-dom/cjs/react-dom.development.js:26505:5)
          at renderRootSync (/home/cmlsrandolph/Documents/coding-projects/workout-app/frontend/node_modules/react-dom/cjs/react-dom.development.js:26473:7)
          at recoverFromConcurrentError (/home/cmlsrandolph/Documents/coding-projects/workout-app/frontend/node_modules/react-dom/cjs/react-dom.development.js:25889:20)
          at performConcurrentWorkOnRoot (/home/cmlsrandolph/Documents/coding-projects/workout-app/frontend/node_modules/react-dom/cjs/react-dom.development.js:25789:22)
          at flushActQueue (/home/cmlsrandolph/Documents/coding-projects/workout-app/frontend/node_modules/react/cjs/react.development.js:2667:24)
          at act (/home/cmlsrandolph/Documents/coding-projects/workout-app/frontend/node_modules/react/cjs/react.development.js:2582:11)
          at /home/cmlsrandolph/Documents/coding-projects/workout-app/frontend/node_modules/@testing-library/react/dist/act-compat.js:47:25
          at renderRoot (/home/cmlsrandolph/Documents/coding-projects/workout-app/frontend/node_modules/@testing-library/react/dist/pure.js:180:26)
          at render (/home/cmlsrandolph/Documents/coding-projects/workout-app/frontend/node_modules/@testing-library/react/dist/pure.js:271:10)
          at renderComponent (/home/cmlsrandolph/Documents/coding-projects/workout-app/frontend/src/tests/components/UserProfileForm.test.tsx:56:18)
          at Object.<anonymous> (/home/cmlsrandolph/Documents/coding-projects/workout-app/frontend/src/tests/components/UserProfileForm.test.tsx:93:5)
          at Promise.then.completed (/home/cmlsrandolph/Documents/coding-projects/workout-app/frontend/node_modules/jest-circus/build/utils.js:391:28)
          at new Promise (<anonymous>)
          at callAsyncCircusFn (/home/cmlsrandolph/Documents/coding-projects/workout-app/frontend/node_modules/jest-circus/build/utils.js:316:10)
          at _callCircusTest (/home/cmlsrandolph/Documents/coding-projects/workout-app/frontend/node_modules/jest-circus/build/run.js:218:40)
          at processTicksAndRejections (node:internal/process/task_queues:95:5)
          at _runTest (/home/cmlsrandolph/Documents/coding-projects/workout-app/frontend/node_modules/jest-circus/build/run.js:155:3)
          at _runTestsForDescribeBlock (/home/cmlsrandolph/Documents/coding-projects/workout-app/frontend/node_modules/jest-circus/build/run.js:66:9)
          at _runTestsForDescribeBlock (/home/cmlsrandolph/Documents/coding-projects/workout-app/frontend/node_modules/jest-circus/build/run.js:60:9)
          at run (/home/cmlsrandolph/Documents/coding-projects/workout-app/frontend/node_modules/jest-circus/build/run.js:25:3)
          at runAndTransformResultsToJestFormat (/home/cmlsrandolph/Documents/coding-projects/workout-app/frontend/node_modules/jest-circus/build/legacy-code-todo-rewrite/jestAdapterInit.js:170:21)
          at jestAdapter (/home/cmlsrandolph/Documents/coding-projects/workout-app/frontend/node_modules/jest-circus/build/legacy-code-todo-rewrite/jestAdapter.js:82:19)
          at runTestInternal (/home/cmlsrandolph/Documents/coding-projects/workout-app/frontend/node_modules/jest-runner/build/runTest.js:389:16)
          at runTest (/home/cmlsrandolph/Documents/coding-projects/workout-app/frontend/node_modules/jest-runner/build/runTest.js:475:34)
          at Object.worker (/home/cmlsrandolph/Documents/coding-projects/workout-app/frontend/node_modules/jest-runner/build/testWorker.js:133:12)

      54 |
      55 |   const renderComponent = (props = {}) => {
    > 56 |     return render(
         |                  ^
      57 |       <Provider store={store}>
      58 |         <ChakraProvider>
      59 |           <UserProfileForm {...props} />

      at VirtualConsole.<anonymous> (node_modules/jsdom/lib/jsdom/virtual-console.js:29:45)
      at reportException (node_modules/jsdom/lib/jsdom/living/helpers/runtime-script-errors.js:70:28)
      at innerInvokeEventListeners (node_modules/jsdom/lib/jsdom/living/events/EventTarget-impl.js:341:9)
      at invokeEventListeners (node_modules/jsdom/lib/jsdom/living/events/EventTarget-impl.js:274:3)
      at HTMLUnknownElementImpl._dispatch (node_modules/jsdom/lib/jsdom/living/events/EventTarget-impl.js:221:9)
      at HTMLUnknownElementImpl.dispatchEvent (node_modules/jsdom/lib/jsdom/living/events/EventTarget-impl.js:94:17)
      at HTMLUnknownElement.dispatchEvent (node_modules/jsdom/lib/jsdom/living/generated/EventTarget.js:231:34)
      at Object.invokeGuardedCallbackDev (node_modules/react-dom/cjs/react-dom.development.js:4213:16)
      at invokeGuardedCallback (node_modules/react-dom/cjs/react-dom.development.js:4277:31)
      at beginWork$1 (node_modules/react-dom/cjs/react-dom.development.js:27490:7)
      at performUnitOfWork (node_modules/react-dom/cjs/react-dom.development.js:26599:12)
      at workLoopSync (node_modules/react-dom/cjs/react-dom.development.js:26505:5)
      at renderRootSync (node_modules/react-dom/cjs/react-dom.development.js:26473:7)
      at recoverFromConcurrentError (node_modules/react-dom/cjs/react-dom.development.js:25889:20)
      at performConcurrentWorkOnRoot (node_modules/react-dom/cjs/react-dom.development.js:25789:22)
      at flushActQueue (node_modules/react/cjs/react.development.js:2667:24)
      at act (node_modules/react/cjs/react.development.js:2582:11)
      at node_modules/@testing-library/react/dist/act-compat.js:47:25
      at renderRoot (node_modules/@testing-library/react/dist/pure.js:180:26)
      at render (node_modules/@testing-library/react/dist/pure.js:271:10)
      at renderComponent (src/tests/components/UserProfileForm.test.tsx:56:18)
      at Object.<anonymous> (src/tests/components/UserProfileForm.test.tsx:93:5)

    console.error
      The above error occurred in the <UserProfileForm> component:
      
          at UserProfileForm (/home/cmlsrandolph/Documents/coding-projects/workout-app/frontend/src/components/user/UserProfileForm.tsx:51:3)
          at ChakraProvider (/home/cmlsrandolph/Documents/coding-projects/workout-app/frontend/src/tests/__mocks__/@chakra-ui/react.js:116:27)
          at Provider (/home/cmlsrandolph/Documents/coding-projects/workout-app/frontend/node_modules/react-redux/lib/components/Provider.js:19:3)
      
      Consider adding an error boundary to your tree to customize error handling behavior.
      Visit https://reactjs.org/link/error-boundaries to learn more about error boundaries.

      54 |
      55 |   const renderComponent = (props = {}) => {
    > 56 |     return render(
         |                  ^
      57 |       <Provider store={store}>
      58 |         <ChakraProvider>
      59 |           <UserProfileForm {...props} />

      at logCapturedError (node_modules/react-dom/cjs/react-dom.development.js:18704:23)
      at update.callback (node_modules/react-dom/cjs/react-dom.development.js:18737:5)
      at callCallback (node_modules/react-dom/cjs/react-dom.development.js:15036:12)
      at commitUpdateQueue (node_modules/react-dom/cjs/react-dom.development.js:15057:9)
      at commitLayoutEffectOnFiber (node_modules/react-dom/cjs/react-dom.development.js:23430:13)
      at commitLayoutMountEffects_complete (node_modules/react-dom/cjs/react-dom.development.js:24727:9)
      at commitLayoutEffects_begin (node_modules/react-dom/cjs/react-dom.development.js:24713:7)
      at commitLayoutEffects (node_modules/react-dom/cjs/react-dom.development.js:24651:3)
      at commitRootImpl (node_modules/react-dom/cjs/react-dom.development.js:26862:5)
      at commitRoot (node_modules/react-dom/cjs/react-dom.development.js:26721:5)
      at finishConcurrentRender (node_modules/react-dom/cjs/react-dom.development.js:25931:9)
      at performConcurrentWorkOnRoot (node_modules/react-dom/cjs/react-dom.development.js:25848:7)
      at flushActQueue (node_modules/react/cjs/react.development.js:2667:24)
      at act (node_modules/react/cjs/react.development.js:2582:11)
      at node_modules/@testing-library/react/dist/act-compat.js:47:25
      at renderRoot (node_modules/@testing-library/react/dist/pure.js:180:26)
      at render (node_modules/@testing-library/react/dist/pure.js:271:10)
      at renderComponent (src/tests/components/UserProfileForm.test.tsx:56:18)
      at Object.<anonymous> (src/tests/components/UserProfileForm.test.tsx:93:5)

    console.error
      Error: Uncaught [ReferenceError: SimpleGrid is not defined]
          at reportException (/home/cmlsrandolph/Documents/coding-projects/workout-app/frontend/node_modules/jsdom/lib/jsdom/living/helpers/runtime-script-errors.js:66:24)
          at innerInvokeEventListeners (/home/cmlsrandolph/Documents/coding-projects/workout-app/frontend/node_modules/jsdom/lib/jsdom/living/events/EventTarget-impl.js:341:9)
          at invokeEventListeners (/home/cmlsrandolph/Documents/coding-projects/workout-app/frontend/node_modules/jsdom/lib/jsdom/living/events/EventTarget-impl.js:274:3)
          at HTMLUnknownElementImpl._dispatch (/home/cmlsrandolph/Documents/coding-projects/workout-app/frontend/node_modules/jsdom/lib/jsdom/living/events/EventTarget-impl.js:221:9)
          at HTMLUnknownElementImpl.dispatchEvent (/home/cmlsrandolph/Documents/coding-projects/workout-app/frontend/node_modules/jsdom/lib/jsdom/living/events/EventTarget-impl.js:94:17)
          at HTMLUnknownElement.dispatchEvent (/home/cmlsrandolph/Documents/coding-projects/workout-app/frontend/node_modules/jsdom/lib/jsdom/living/generated/EventTarget.js:231:34)
          at Object.invokeGuardedCallbackDev (/home/cmlsrandolph/Documents/coding-projects/workout-app/frontend/node_modules/react-dom/cjs/react-dom.development.js:4213:16)
          at invokeGuardedCallback (/home/cmlsrandolph/Documents/coding-projects/workout-app/frontend/node_modules/react-dom/cjs/react-dom.development.js:4277:31)
          at beginWork$1 (/home/cmlsrandolph/Documents/coding-projects/workout-app/frontend/node_modules/react-dom/cjs/react-dom.development.js:27490:7)
          at performUnitOfWork (/home/cmlsrandolph/Documents/coding-projects/workout-app/frontend/node_modules/react-dom/cjs/react-dom.development.js:26599:12)
          at workLoopSync (/home/cmlsrandolph/Documents/coding-projects/workout-app/frontend/node_modules/react-dom/cjs/react-dom.development.js:26505:5)
          at renderRootSync (/home/cmlsrandolph/Documents/coding-projects/workout-app/frontend/node_modules/react-dom/cjs/react-dom.development.js:26473:7)
          at performConcurrentWorkOnRoot (/home/cmlsrandolph/Documents/coding-projects/workout-app/frontend/node_modules/react-dom/cjs/react-dom.development.js:25777:74)
          at flushActQueue (/home/cmlsrandolph/Documents/coding-projects/workout-app/frontend/node_modules/react/cjs/react.development.js:2667:24)
          at act (/home/cmlsrandolph/Documents/coding-projects/workout-app/frontend/node_modules/react/cjs/react.development.js:2582:11)
          at /home/cmlsrandolph/Documents/coding-projects/workout-app/frontend/node_modules/@testing-library/react/dist/act-compat.js:47:25
          at renderRoot (/home/cmlsrandolph/Documents/coding-projects/workout-app/frontend/node_modules/@testing-library/react/dist/pure.js:180:26)
          at render (/home/cmlsrandolph/Documents/coding-projects/workout-app/frontend/node_modules/@testing-library/react/dist/pure.js:271:10)
          at renderComponent (/home/cmlsrandolph/Documents/coding-projects/workout-app/frontend/src/tests/components/UserProfileForm.test.tsx:56:18)
          at Object.<anonymous> (/home/cmlsrandolph/Documents/coding-projects/workout-app/frontend/src/tests/components/UserProfileForm.test.tsx:112:5)
          at Promise.then.completed (/home/cmlsrandolph/Documents/coding-projects/workout-app/frontend/node_modules/jest-circus/build/utils.js:391:28)
          at new Promise (<anonymous>)
          at callAsyncCircusFn (/home/cmlsrandolph/Documents/coding-projects/workout-app/frontend/node_modules/jest-circus/build/utils.js:316:10)
          at _callCircusTest (/home/cmlsrandolph/Documents/coding-projects/workout-app/frontend/node_modules/jest-circus/build/run.js:218:40)
          at processTicksAndRejections (node:internal/process/task_queues:95:5)
          at _runTest (/home/cmlsrandolph/Documents/coding-projects/workout-app/frontend/node_modules/jest-circus/build/run.js:155:3)
          at _runTestsForDescribeBlock (/home/cmlsrandolph/Documents/coding-projects/workout-app/frontend/node_modules/jest-circus/build/run.js:66:9)
          at _runTestsForDescribeBlock (/home/cmlsrandolph/Documents/coding-projects/workout-app/frontend/node_modules/jest-circus/build/run.js:60:9)
          at run (/home/cmlsrandolph/Documents/coding-projects/workout-app/frontend/node_modules/jest-circus/build/run.js:25:3)
          at runAndTransformResultsToJestFormat (/home/cmlsrandolph/Documents/coding-projects/workout-app/frontend/node_modules/jest-circus/build/legacy-code-todo-rewrite/jestAdapterInit.js:170:21)
          at jestAdapter (/home/cmlsrandolph/Documents/coding-projects/workout-app/frontend/node_modules/jest-circus/build/legacy-code-todo-rewrite/jestAdapter.js:82:19)
          at runTestInternal (/home/cmlsrandolph/Documents/coding-projects/workout-app/frontend/node_modules/jest-runner/build/runTest.js:389:16)
          at runTest (/home/cmlsrandolph/Documents/coding-projects/workout-app/frontend/node_modules/jest-runner/build/runTest.js:475:34)
          at Object.worker (/home/cmlsrandolph/Documents/coding-projects/workout-app/frontend/node_modules/jest-runner/build/testWorker.js:133:12) ReferenceError: SimpleGrid is not defined
          at UserProfileForm (/home/cmlsrandolph/Documents/coding-projects/workout-app/frontend/src/components/user/UserProfileForm.tsx:481:20)
          at renderWithHooks (/home/cmlsrandolph/Documents/coding-projects/workout-app/frontend/node_modules/react-dom/cjs/react-dom.development.js:15486:18)
          at mountIndeterminateComponent (/home/cmlsrandolph/Documents/coding-projects/workout-app/frontend/node_modules/react-dom/cjs/react-dom.development.js:20103:13)
          at beginWork (/home/cmlsrandolph/Documents/coding-projects/workout-app/frontend/node_modules/react-dom/cjs/react-dom.development.js:21626:16)
          at HTMLUnknownElement.callCallback (/home/cmlsrandolph/Documents/coding-projects/workout-app/frontend/node_modules/react-dom/cjs/react-dom.development.js:4164:14)
          at HTMLUnknownElement.callTheUserObjectsOperation (/home/cmlsrandolph/Documents/coding-projects/workout-app/frontend/node_modules/jsdom/lib/jsdom/living/generated/EventListener.js:26:30)
          at innerInvokeEventListeners (/home/cmlsrandolph/Documents/coding-projects/workout-app/frontend/node_modules/jsdom/lib/jsdom/living/events/EventTarget-impl.js:338:25)
          at invokeEventListeners (/home/cmlsrandolph/Documents/coding-projects/workout-app/frontend/node_modules/jsdom/lib/jsdom/living/events/EventTarget-impl.js:274:3)
          at HTMLUnknownElementImpl._dispatch (/home/cmlsrandolph/Documents/coding-projects/workout-app/frontend/node_modules/jsdom/lib/jsdom/living/events/EventTarget-impl.js:221:9)
          at HTMLUnknownElementImpl.dispatchEvent (/home/cmlsrandolph/Documents/coding-projects/workout-app/frontend/node_modules/jsdom/lib/jsdom/living/events/EventTarget-impl.js:94:17)
          at HTMLUnknownElement.dispatchEvent (/home/cmlsrandolph/Documents/coding-projects/workout-app/frontend/node_modules/jsdom/lib/jsdom/living/generated/EventTarget.js:231:34)
          at Object.invokeGuardedCallbackDev (/home/cmlsrandolph/Documents/coding-projects/workout-app/frontend/node_modules/react-dom/cjs/react-dom.development.js:4213:16)
          at invokeGuardedCallback (/home/cmlsrandolph/Documents/coding-projects/workout-app/frontend/node_modules/react-dom/cjs/react-dom.development.js:4277:31)
          at beginWork$1 (/home/cmlsrandolph/Documents/coding-projects/workout-app/frontend/node_modules/react-dom/cjs/react-dom.development.js:27490:7)
          at performUnitOfWork (/home/cmlsrandolph/Documents/coding-projects/workout-app/frontend/node_modules/react-dom/cjs/react-dom.development.js:26599:12)
          at workLoopSync (/home/cmlsrandolph/Documents/coding-projects/workout-app/frontend/node_modules/react-dom/cjs/react-dom.development.js:26505:5)
          at renderRootSync (/home/cmlsrandolph/Documents/coding-projects/workout-app/frontend/node_modules/react-dom/cjs/react-dom.development.js:26473:7)
          at performConcurrentWorkOnRoot (/home/cmlsrandolph/Documents/coding-projects/workout-app/frontend/node_modules/react-dom/cjs/react-dom.development.js:25777:74)
          at flushActQueue (/home/cmlsrandolph/Documents/coding-projects/workout-app/frontend/node_modules/react/cjs/react.development.js:2667:24)
          at act (/home/cmlsrandolph/Documents/coding-projects/workout-app/frontend/node_modules/react/cjs/react.development.js:2582:11)
          at /home/cmlsrandolph/Documents/coding-projects/workout-app/frontend/node_modules/@testing-library/react/dist/act-compat.js:47:25
          at renderRoot (/home/cmlsrandolph/Documents/coding-projects/workout-app/frontend/node_modules/@testing-library/react/dist/pure.js:180:26)
          at render (/home/cmlsrandolph/Documents/coding-projects/workout-app/frontend/node_modules/@testing-library/react/dist/pure.js:271:10)
          at renderComponent (/home/cmlsrandolph/Documents/coding-projects/workout-app/frontend/src/tests/components/UserProfileForm.test.tsx:56:18)
          at Object.<anonymous> (/home/cmlsrandolph/Documents/coding-projects/workout-app/frontend/src/tests/components/UserProfileForm.test.tsx:112:5)
          at Promise.then.completed (/home/cmlsrandolph/Documents/coding-projects/workout-app/frontend/node_modules/jest-circus/build/utils.js:391:28)
          at new Promise (<anonymous>)
          at callAsyncCircusFn (/home/cmlsrandolph/Documents/coding-projects/workout-app/frontend/node_modules/jest-circus/build/utils.js:316:10)
          at _callCircusTest (/home/cmlsrandolph/Documents/coding-projects/workout-app/frontend/node_modules/jest-circus/build/run.js:218:40)
          at processTicksAndRejections (node:internal/process/task_queues:95:5)
          at _runTest (/home/cmlsrandolph/Documents/coding-projects/workout-app/frontend/node_modules/jest-circus/build/run.js:155:3)
          at _runTestsForDescribeBlock (/home/cmlsrandolph/Documents/coding-projects/workout-app/frontend/node_modules/jest-circus/build/run.js:66:9)
          at _runTestsForDescribeBlock (/home/cmlsrandolph/Documents/coding-projects/workout-app/frontend/node_modules/jest-circus/build/run.js:60:9)
          at run (/home/cmlsrandolph/Documents/coding-projects/workout-app/frontend/node_modules/jest-circus/build/run.js:25:3)
          at runAndTransformResultsToJestFormat (/home/cmlsrandolph/Documents/coding-projects/workout-app/frontend/node_modules/jest-circus/build/legacy-code-todo-rewrite/jestAdapterInit.js:170:21)
          at jestAdapter (/home/cmlsrandolph/Documents/coding-projects/workout-app/frontend/node_modules/jest-circus/build/legacy-code-todo-rewrite/jestAdapter.js:82:19)
          at runTestInternal (/home/cmlsrandolph/Documents/coding-projects/workout-app/frontend/node_modules/jest-runner/build/runTest.js:389:16)
          at runTest (/home/cmlsrandolph/Documents/coding-projects/workout-app/frontend/node_modules/jest-runner/build/runTest.js:475:34)
          at Object.worker (/home/cmlsrandolph/Documents/coding-projects/workout-app/frontend/node_modules/jest-runner/build/testWorker.js:133:12)

      54 |
      55 |   const renderComponent = (props = {}) => {
    > 56 |     return render(
         |                  ^
      57 |       <Provider store={store}>
      58 |         <ChakraProvider>
      59 |           <UserProfileForm {...props} />

      at VirtualConsole.<anonymous> (node_modules/jsdom/lib/jsdom/virtual-console.js:29:45)
      at reportException (node_modules/jsdom/lib/jsdom/living/helpers/runtime-script-errors.js:70:28)
      at innerInvokeEventListeners (node_modules/jsdom/lib/jsdom/living/events/EventTarget-impl.js:341:9)
      at invokeEventListeners (node_modules/jsdom/lib/jsdom/living/events/EventTarget-impl.js:274:3)
      at HTMLUnknownElementImpl._dispatch (node_modules/jsdom/lib/jsdom/living/events/EventTarget-impl.js:221:9)
      at HTMLUnknownElementImpl.dispatchEvent (node_modules/jsdom/lib/jsdom/living/events/EventTarget-impl.js:94:17)
      at HTMLUnknownElement.dispatchEvent (node_modules/jsdom/lib/jsdom/living/generated/EventTarget.js:231:34)
      at Object.invokeGuardedCallbackDev (node_modules/react-dom/cjs/react-dom.development.js:4213:16)
      at invokeGuardedCallback (node_modules/react-dom/cjs/react-dom.development.js:4277:31)
      at beginWork$1 (node_modules/react-dom/cjs/react-dom.development.js:27490:7)
      at performUnitOfWork (node_modules/react-dom/cjs/react-dom.development.js:26599:12)
      at workLoopSync (node_modules/react-dom/cjs/react-dom.development.js:26505:5)
      at renderRootSync (node_modules/react-dom/cjs/react-dom.development.js:26473:7)
      at performConcurrentWorkOnRoot (node_modules/react-dom/cjs/react-dom.development.js:25777:74)
      at flushActQueue (node_modules/react/cjs/react.development.js:2667:24)
      at act (node_modules/react/cjs/react.development.js:2582:11)
      at node_modules/@testing-library/react/dist/act-compat.js:47:25
      at renderRoot (node_modules/@testing-library/react/dist/pure.js:180:26)
      at render (node_modules/@testing-library/react/dist/pure.js:271:10)
      at renderComponent (src/tests/components/UserProfileForm.test.tsx:56:18)
      at Object.<anonymous> (src/tests/components/UserProfileForm.test.tsx:112:5)

    console.error
      Error: Uncaught [ReferenceError: SimpleGrid is not defined]
          at reportException (/home/cmlsrandolph/Documents/coding-projects/workout-app/frontend/node_modules/jsdom/lib/jsdom/living/helpers/runtime-script-errors.js:66:24)
          at innerInvokeEventListeners (/home/cmlsrandolph/Documents/coding-projects/workout-app/frontend/node_modules/jsdom/lib/jsdom/living/events/EventTarget-impl.js:341:9)
          at invokeEventListeners (/home/cmlsrandolph/Documents/coding-projects/workout-app/frontend/node_modules/jsdom/lib/jsdom/living/events/EventTarget-impl.js:274:3)
          at HTMLUnknownElementImpl._dispatch (/home/cmlsrandolph/Documents/coding-projects/workout-app/frontend/node_modules/jsdom/lib/jsdom/living/events/EventTarget-impl.js:221:9)
          at HTMLUnknownElementImpl.dispatchEvent (/home/cmlsrandolph/Documents/coding-projects/workout-app/frontend/node_modules/jsdom/lib/jsdom/living/events/EventTarget-impl.js:94:17)
          at HTMLUnknownElement.dispatchEvent (/home/cmlsrandolph/Documents/coding-projects/workout-app/frontend/node_modules/jsdom/lib/jsdom/living/generated/EventTarget.js:231:34)
          at Object.invokeGuardedCallbackDev (/home/cmlsrandolph/Documents/coding-projects/workout-app/frontend/node_modules/react-dom/cjs/react-dom.development.js:4213:16)
          at invokeGuardedCallback (/home/cmlsrandolph/Documents/coding-projects/workout-app/frontend/node_modules/react-dom/cjs/react-dom.development.js:4277:31)
          at beginWork$1 (/home/cmlsrandolph/Documents/coding-projects/workout-app/frontend/node_modules/react-dom/cjs/react-dom.development.js:27490:7)
          at performUnitOfWork (/home/cmlsrandolph/Documents/coding-projects/workout-app/frontend/node_modules/react-dom/cjs/react-dom.development.js:26599:12)
          at workLoopSync (/home/cmlsrandolph/Documents/coding-projects/workout-app/frontend/node_modules/react-dom/cjs/react-dom.development.js:26505:5)
          at renderRootSync (/home/cmlsrandolph/Documents/coding-projects/workout-app/frontend/node_modules/react-dom/cjs/react-dom.development.js:26473:7)
          at recoverFromConcurrentError (/home/cmlsrandolph/Documents/coding-projects/workout-app/frontend/node_modules/react-dom/cjs/react-dom.development.js:25889:20)
          at performConcurrentWorkOnRoot (/home/cmlsrandolph/Documents/coding-projects/workout-app/frontend/node_modules/react-dom/cjs/react-dom.development.js:25789:22)
          at flushActQueue (/home/cmlsrandolph/Documents/coding-projects/workout-app/frontend/node_modules/react/cjs/react.development.js:2667:24)
          at act (/home/cmlsrandolph/Documents/coding-projects/workout-app/frontend/node_modules/react/cjs/react.development.js:2582:11)
          at /home/cmlsrandolph/Documents/coding-projects/workout-app/frontend/node_modules/@testing-library/react/dist/act-compat.js:47:25
          at renderRoot (/home/cmlsrandolph/Documents/coding-projects/workout-app/frontend/node_modules/@testing-library/react/dist/pure.js:180:26)
          at render (/home/cmlsrandolph/Documents/coding-projects/workout-app/frontend/node_modules/@testing-library/react/dist/pure.js:271:10)
          at renderComponent (/home/cmlsrandolph/Documents/coding-projects/workout-app/frontend/src/tests/components/UserProfileForm.test.tsx:56:18)
          at Object.<anonymous> (/home/cmlsrandolph/Documents/coding-projects/workout-app/frontend/src/tests/components/UserProfileForm.test.tsx:112:5)
          at Promise.then.completed (/home/cmlsrandolph/Documents/coding-projects/workout-app/frontend/node_modules/jest-circus/build/utils.js:391:28)
          at new Promise (<anonymous>)
          at callAsyncCircusFn (/home/cmlsrandolph/Documents/coding-projects/workout-app/frontend/node_modules/jest-circus/build/utils.js:316:10)
          at _callCircusTest (/home/cmlsrandolph/Documents/coding-projects/workout-app/frontend/node_modules/jest-circus/build/run.js:218:40)
          at processTicksAndRejections (node:internal/process/task_queues:95:5)
          at _runTest (/home/cmlsrandolph/Documents/coding-projects/workout-app/frontend/node_modules/jest-circus/build/run.js:155:3)
          at _runTestsForDescribeBlock (/home/cmlsrandolph/Documents/coding-projects/workout-app/frontend/node_modules/jest-circus/build/run.js:66:9)
          at _runTestsForDescribeBlock (/home/cmlsrandolph/Documents/coding-projects/workout-app/frontend/node_modules/jest-circus/build/run.js:60:9)
          at run (/home/cmlsrandolph/Documents/coding-projects/workout-app/frontend/node_modules/jest-circus/build/run.js:25:3)
          at runAndTransformResultsToJestFormat (/home/cmlsrandolph/Documents/coding-projects/workout-app/frontend/node_modules/jest-circus/build/legacy-code-todo-rewrite/jestAdapterInit.js:170:21)
          at jestAdapter (/home/cmlsrandolph/Documents/coding-projects/workout-app/frontend/node_modules/jest-circus/build/legacy-code-todo-rewrite/jestAdapter.js:82:19)
          at runTestInternal (/home/cmlsrandolph/Documents/coding-projects/workout-app/frontend/node_modules/jest-runner/build/runTest.js:389:16)
          at runTest (/home/cmlsrandolph/Documents/coding-projects/workout-app/frontend/node_modules/jest-runner/build/runTest.js:475:34)
          at Object.worker (/home/cmlsrandolph/Documents/coding-projects/workout-app/frontend/node_modules/jest-runner/build/testWorker.js:133:12) ReferenceError: SimpleGrid is not defined
          at UserProfileForm (/home/cmlsrandolph/Documents/coding-projects/workout-app/frontend/src/components/user/UserProfileForm.tsx:481:20)
          at renderWithHooks (/home/cmlsrandolph/Documents/coding-projects/workout-app/frontend/node_modules/react-dom/cjs/react-dom.development.js:15486:18)
          at mountIndeterminateComponent (/home/cmlsrandolph/Documents/coding-projects/workout-app/frontend/node_modules/react-dom/cjs/react-dom.development.js:20103:13)
          at beginWork (/home/cmlsrandolph/Documents/coding-projects/workout-app/frontend/node_modules/react-dom/cjs/react-dom.development.js:21626:16)
          at HTMLUnknownElement.callCallback (/home/cmlsrandolph/Documents/coding-projects/workout-app/frontend/node_modules/react-dom/cjs/react-dom.development.js:4164:14)
          at HTMLUnknownElement.callTheUserObjectsOperation (/home/cmlsrandolph/Documents/coding-projects/workout-app/frontend/node_modules/jsdom/lib/jsdom/living/generated/EventListener.js:26:30)
          at innerInvokeEventListeners (/home/cmlsrandolph/Documents/coding-projects/workout-app/frontend/node_modules/jsdom/lib/jsdom/living/events/EventTarget-impl.js:338:25)
          at invokeEventListeners (/home/cmlsrandolph/Documents/coding-projects/workout-app/frontend/node_modules/jsdom/lib/jsdom/living/events/EventTarget-impl.js:274:3)
          at HTMLUnknownElementImpl._dispatch (/home/cmlsrandolph/Documents/coding-projects/workout-app/frontend/node_modules/jsdom/lib/jsdom/living/events/EventTarget-impl.js:221:9)
          at HTMLUnknownElementImpl.dispatchEvent (/home/cmlsrandolph/Documents/coding-projects/workout-app/frontend/node_modules/jsdom/lib/jsdom/living/events/EventTarget-impl.js:94:17)
          at HTMLUnknownElement.dispatchEvent (/home/cmlsrandolph/Documents/coding-projects/workout-app/frontend/node_modules/jsdom/lib/jsdom/living/generated/EventTarget.js:231:34)
          at Object.invokeGuardedCallbackDev (/home/cmlsrandolph/Documents/coding-projects/workout-app/frontend/node_modules/react-dom/cjs/react-dom.development.js:4213:16)
          at invokeGuardedCallback (/home/cmlsrandolph/Documents/coding-projects/workout-app/frontend/node_modules/react-dom/cjs/react-dom.development.js:4277:31)
          at beginWork$1 (/home/cmlsrandolph/Documents/coding-projects/workout-app/frontend/node_modules/react-dom/cjs/react-dom.development.js:27490:7)
          at performUnitOfWork (/home/cmlsrandolph/Documents/coding-projects/workout-app/frontend/node_modules/react-dom/cjs/react-dom.development.js:26599:12)
          at workLoopSync (/home/cmlsrandolph/Documents/coding-projects/workout-app/frontend/node_modules/react-dom/cjs/react-dom.development.js:26505:5)
          at renderRootSync (/home/cmlsrandolph/Documents/coding-projects/workout-app/frontend/node_modules/react-dom/cjs/react-dom.development.js:26473:7)
          at recoverFromConcurrentError (/home/cmlsrandolph/Documents/coding-projects/workout-app/frontend/node_modules/react-dom/cjs/react-dom.development.js:25889:20)
          at performConcurrentWorkOnRoot (/home/cmlsrandolph/Documents/coding-projects/workout-app/frontend/node_modules/react-dom/cjs/react-dom.development.js:25789:22)
          at flushActQueue (/home/cmlsrandolph/Documents/coding-projects/workout-app/frontend/node_modules/react/cjs/react.development.js:2667:24)
          at act (/home/cmlsrandolph/Documents/coding-projects/workout-app/frontend/node_modules/react/cjs/react.development.js:2582:11)
          at /home/cmlsrandolph/Documents/coding-projects/workout-app/frontend/node_modules/@testing-library/react/dist/act-compat.js:47:25
          at renderRoot (/home/cmlsrandolph/Documents/coding-projects/workout-app/frontend/node_modules/@testing-library/react/dist/pure.js:180:26)
          at render (/home/cmlsrandolph/Documents/coding-projects/workout-app/frontend/node_modules/@testing-library/react/dist/pure.js:271:10)
          at renderComponent (/home/cmlsrandolph/Documents/coding-projects/workout-app/frontend/src/tests/components/UserProfileForm.test.tsx:56:18)
          at Object.<anonymous> (/home/cmlsrandolph/Documents/coding-projects/workout-app/frontend/src/tests/components/UserProfileForm.test.tsx:112:5)
          at Promise.then.completed (/home/cmlsrandolph/Documents/coding-projects/workout-app/frontend/node_modules/jest-circus/build/utils.js:391:28)
          at new Promise (<anonymous>)
          at callAsyncCircusFn (/home/cmlsrandolph/Documents/coding-projects/workout-app/frontend/node_modules/jest-circus/build/utils.js:316:10)
          at _callCircusTest (/home/cmlsrandolph/Documents/coding-projects/workout-app/frontend/node_modules/jest-circus/build/run.js:218:40)
          at processTicksAndRejections (node:internal/process/task_queues:95:5)
          at _runTest (/home/cmlsrandolph/Documents/coding-projects/workout-app/frontend/node_modules/jest-circus/build/run.js:155:3)
          at _runTestsForDescribeBlock (/home/cmlsrandolph/Documents/coding-projects/workout-app/frontend/node_modules/jest-circus/build/run.js:66:9)
          at _runTestsForDescribeBlock (/home/cmlsrandolph/Documents/coding-projects/workout-app/frontend/node_modules/jest-circus/build/run.js:60:9)
          at run (/home/cmlsrandolph/Documents/coding-projects/workout-app/frontend/node_modules/jest-circus/build/run.js:25:3)
          at runAndTransformResultsToJestFormat (/home/cmlsrandolph/Documents/coding-projects/workout-app/frontend/node_modules/jest-circus/build/legacy-code-todo-rewrite/jestAdapterInit.js:170:21)
          at jestAdapter (/home/cmlsrandolph/Documents/coding-projects/workout-app/frontend/node_modules/jest-circus/build/legacy-code-todo-rewrite/jestAdapter.js:82:19)
          at runTestInternal (/home/cmlsrandolph/Documents/coding-projects/workout-app/frontend/node_modules/jest-runner/build/runTest.js:389:16)
          at runTest (/home/cmlsrandolph/Documents/coding-projects/workout-app/frontend/node_modules/jest-runner/build/runTest.js:475:34)
          at Object.worker (/home/cmlsrandolph/Documents/coding-projects/workout-app/frontend/node_modules/jest-runner/build/testWorker.js:133:12)

      54 |
      55 |   const renderComponent = (props = {}) => {
    > 56 |     return render(
         |                  ^
      57 |       <Provider store={store}>
      58 |         <ChakraProvider>
      59 |           <UserProfileForm {...props} />

      at VirtualConsole.<anonymous> (node_modules/jsdom/lib/jsdom/virtual-console.js:29:45)
      at reportException (node_modules/jsdom/lib/jsdom/living/helpers/runtime-script-errors.js:70:28)
      at innerInvokeEventListeners (node_modules/jsdom/lib/jsdom/living/events/EventTarget-impl.js:341:9)
      at invokeEventListeners (node_modules/jsdom/lib/jsdom/living/events/EventTarget-impl.js:274:3)
      at HTMLUnknownElementImpl._dispatch (node_modules/jsdom/lib/jsdom/living/events/EventTarget-impl.js:221:9)
      at HTMLUnknownElementImpl.dispatchEvent (node_modules/jsdom/lib/jsdom/living/events/EventTarget-impl.js:94:17)
      at HTMLUnknownElement.dispatchEvent (node_modules/jsdom/lib/jsdom/living/generated/EventTarget.js:231:34)
      at Object.invokeGuardedCallbackDev (node_modules/react-dom/cjs/react-dom.development.js:4213:16)
      at invokeGuardedCallback (node_modules/react-dom/cjs/react-dom.development.js:4277:31)
      at beginWork$1 (node_modules/react-dom/cjs/react-dom.development.js:27490:7)
      at performUnitOfWork (node_modules/react-dom/cjs/react-dom.development.js:26599:12)
      at workLoopSync (node_modules/react-dom/cjs/react-dom.development.js:26505:5)
      at renderRootSync (node_modules/react-dom/cjs/react-dom.development.js:26473:7)
      at recoverFromConcurrentError (node_modules/react-dom/cjs/react-dom.development.js:25889:20)
      at performConcurrentWorkOnRoot (node_modules/react-dom/cjs/react-dom.development.js:25789:22)
      at flushActQueue (node_modules/react/cjs/react.development.js:2667:24)
      at act (node_modules/react/cjs/react.development.js:2582:11)
      at node_modules/@testing-library/react/dist/act-compat.js:47:25
      at renderRoot (node_modules/@testing-library/react/dist/pure.js:180:26)
      at render (node_modules/@testing-library/react/dist/pure.js:271:10)
      at renderComponent (src/tests/components/UserProfileForm.test.tsx:56:18)
      at Object.<anonymous> (src/tests/components/UserProfileForm.test.tsx:112:5)

    console.error
      The above error occurred in the <UserProfileForm> component:
      
          at UserProfileForm (/home/cmlsrandolph/Documents/coding-projects/workout-app/frontend/src/components/user/UserProfileForm.tsx:51:3)
          at ChakraProvider (/home/cmlsrandolph/Documents/coding-projects/workout-app/frontend/src/tests/__mocks__/@chakra-ui/react.js:116:27)
          at Provider (/home/cmlsrandolph/Documents/coding-projects/workout-app/frontend/node_modules/react-redux/lib/components/Provider.js:19:3)
      
      Consider adding an error boundary to your tree to customize error handling behavior.
      Visit https://reactjs.org/link/error-boundaries to learn more about error boundaries.

      54 |
      55 |   const renderComponent = (props = {}) => {
    > 56 |     return render(
         |                  ^
      57 |       <Provider store={store}>
      58 |         <ChakraProvider>
      59 |           <UserProfileForm {...props} />

      at logCapturedError (node_modules/react-dom/cjs/react-dom.development.js:18704:23)
      at update.callback (node_modules/react-dom/cjs/react-dom.development.js:18737:5)
      at callCallback (node_modules/react-dom/cjs/react-dom.development.js:15036:12)
      at commitUpdateQueue (node_modules/react-dom/cjs/react-dom.development.js:15057:9)
      at commitLayoutEffectOnFiber (node_modules/react-dom/cjs/react-dom.development.js:23430:13)
      at commitLayoutMountEffects_complete (node_modules/react-dom/cjs/react-dom.development.js:24727:9)
      at commitLayoutEffects_begin (node_modules/react-dom/cjs/react-dom.development.js:24713:7)
      at commitLayoutEffects (node_modules/react-dom/cjs/react-dom.development.js:24651:3)
      at commitRootImpl (node_modules/react-dom/cjs/react-dom.development.js:26862:5)
      at commitRoot (node_modules/react-dom/cjs/react-dom.development.js:26721:5)
      at finishConcurrentRender (node_modules/react-dom/cjs/react-dom.development.js:25931:9)
      at performConcurrentWorkOnRoot (node_modules/react-dom/cjs/react-dom.development.js:25848:7)
      at flushActQueue (node_modules/react/cjs/react.development.js:2667:24)
      at act (node_modules/react/cjs/react.development.js:2582:11)
      at node_modules/@testing-library/react/dist/act-compat.js:47:25
      at renderRoot (node_modules/@testing-library/react/dist/pure.js:180:26)
      at render (node_modules/@testing-library/react/dist/pure.js:271:10)
      at renderComponent (src/tests/components/UserProfileForm.test.tsx:56:18)
      at Object.<anonymous> (src/tests/components/UserProfileForm.test.tsx:112:5)

    console.error
      Error: Uncaught [ReferenceError: SimpleGrid is not defined]
          at reportException (/home/cmlsrandolph/Documents/coding-projects/workout-app/frontend/node_modules/jsdom/lib/jsdom/living/helpers/runtime-script-errors.js:66:24)
          at innerInvokeEventListeners (/home/cmlsrandolph/Documents/coding-projects/workout-app/frontend/node_modules/jsdom/lib/jsdom/living/events/EventTarget-impl.js:341:9)
          at invokeEventListeners (/home/cmlsrandolph/Documents/coding-projects/workout-app/frontend/node_modules/jsdom/lib/jsdom/living/events/EventTarget-impl.js:274:3)
          at HTMLUnknownElementImpl._dispatch (/home/cmlsrandolph/Documents/coding-projects/workout-app/frontend/node_modules/jsdom/lib/jsdom/living/events/EventTarget-impl.js:221:9)
          at HTMLUnknownElementImpl.dispatchEvent (/home/cmlsrandolph/Documents/coding-projects/workout-app/frontend/node_modules/jsdom/lib/jsdom/living/events/EventTarget-impl.js:94:17)
          at HTMLUnknownElement.dispatchEvent (/home/cmlsrandolph/Documents/coding-projects/workout-app/frontend/node_modules/jsdom/lib/jsdom/living/generated/EventTarget.js:231:34)
          at Object.invokeGuardedCallbackDev (/home/cmlsrandolph/Documents/coding-projects/workout-app/frontend/node_modules/react-dom/cjs/react-dom.development.js:4213:16)
          at invokeGuardedCallback (/home/cmlsrandolph/Documents/coding-projects/workout-app/frontend/node_modules/react-dom/cjs/react-dom.development.js:4277:31)
          at beginWork$1 (/home/cmlsrandolph/Documents/coding-projects/workout-app/frontend/node_modules/react-dom/cjs/react-dom.development.js:27490:7)
          at performUnitOfWork (/home/cmlsrandolph/Documents/coding-projects/workout-app/frontend/node_modules/react-dom/cjs/react-dom.development.js:26599:12)
          at workLoopSync (/home/cmlsrandolph/Documents/coding-projects/workout-app/frontend/node_modules/react-dom/cjs/react-dom.development.js:26505:5)
          at renderRootSync (/home/cmlsrandolph/Documents/coding-projects/workout-app/frontend/node_modules/react-dom/cjs/react-dom.development.js:26473:7)
          at performConcurrentWorkOnRoot (/home/cmlsrandolph/Documents/coding-projects/workout-app/frontend/node_modules/react-dom/cjs/react-dom.development.js:25777:74)
          at flushActQueue (/home/cmlsrandolph/Documents/coding-projects/workout-app/frontend/node_modules/react/cjs/react.development.js:2667:24)
          at act (/home/cmlsrandolph/Documents/coding-projects/workout-app/frontend/node_modules/react/cjs/react.development.js:2582:11)
          at /home/cmlsrandolph/Documents/coding-projects/workout-app/frontend/node_modules/@testing-library/react/dist/act-compat.js:47:25
          at renderRoot (/home/cmlsrandolph/Documents/coding-projects/workout-app/frontend/node_modules/@testing-library/react/dist/pure.js:180:26)
          at render (/home/cmlsrandolph/Documents/coding-projects/workout-app/frontend/node_modules/@testing-library/react/dist/pure.js:271:10)
          at renderComponent (/home/cmlsrandolph/Documents/coding-projects/workout-app/frontend/src/tests/components/UserProfileForm.test.tsx:56:18)
          at Object.<anonymous> (/home/cmlsrandolph/Documents/coding-projects/workout-app/frontend/src/tests/components/UserProfileForm.test.tsx:131:5)
          at Promise.then.completed (/home/cmlsrandolph/Documents/coding-projects/workout-app/frontend/node_modules/jest-circus/build/utils.js:391:28)
          at new Promise (<anonymous>)
          at callAsyncCircusFn (/home/cmlsrandolph/Documents/coding-projects/workout-app/frontend/node_modules/jest-circus/build/utils.js:316:10)
          at _callCircusTest (/home/cmlsrandolph/Documents/coding-projects/workout-app/frontend/node_modules/jest-circus/build/run.js:218:40)
          at processTicksAndRejections (node:internal/process/task_queues:95:5)
          at _runTest (/home/cmlsrandolph/Documents/coding-projects/workout-app/frontend/node_modules/jest-circus/build/run.js:155:3)
          at _runTestsForDescribeBlock (/home/cmlsrandolph/Documents/coding-projects/workout-app/frontend/node_modules/jest-circus/build/run.js:66:9)
          at _runTestsForDescribeBlock (/home/cmlsrandolph/Documents/coding-projects/workout-app/frontend/node_modules/jest-circus/build/run.js:60:9)
          at run (/home/cmlsrandolph/Documents/coding-projects/workout-app/frontend/node_modules/jest-circus/build/run.js:25:3)
          at runAndTransformResultsToJestFormat (/home/cmlsrandolph/Documents/coding-projects/workout-app/frontend/node_modules/jest-circus/build/legacy-code-todo-rewrite/jestAdapterInit.js:170:21)
          at jestAdapter (/home/cmlsrandolph/Documents/coding-projects/workout-app/frontend/node_modules/jest-circus/build/legacy-code-todo-rewrite/jestAdapter.js:82:19)
          at runTestInternal (/home/cmlsrandolph/Documents/coding-projects/workout-app/frontend/node_modules/jest-runner/build/runTest.js:389:16)
          at runTest (/home/cmlsrandolph/Documents/coding-projects/workout-app/frontend/node_modules/jest-runner/build/runTest.js:475:34)
          at Object.worker (/home/cmlsrandolph/Documents/coding-projects/workout-app/frontend/node_modules/jest-runner/build/testWorker.js:133:12) ReferenceError: SimpleGrid is not defined
          at UserProfileForm (/home/cmlsrandolph/Documents/coding-projects/workout-app/frontend/src/components/user/UserProfileForm.tsx:481:20)
          at renderWithHooks (/home/cmlsrandolph/Documents/coding-projects/workout-app/frontend/node_modules/react-dom/cjs/react-dom.development.js:15486:18)
          at mountIndeterminateComponent (/home/cmlsrandolph/Documents/coding-projects/workout-app/frontend/node_modules/react-dom/cjs/react-dom.development.js:20103:13)
          at beginWork (/home/cmlsrandolph/Documents/coding-projects/workout-app/frontend/node_modules/react-dom/cjs/react-dom.development.js:21626:16)
          at HTMLUnknownElement.callCallback (/home/cmlsrandolph/Documents/coding-projects/workout-app/frontend/node_modules/react-dom/cjs/react-dom.development.js:4164:14)
          at HTMLUnknownElement.callTheUserObjectsOperation (/home/cmlsrandolph/Documents/coding-projects/workout-app/frontend/node_modules/jsdom/lib/jsdom/living/generated/EventListener.js:26:30)
          at innerInvokeEventListeners (/home/cmlsrandolph/Documents/coding-projects/workout-app/frontend/node_modules/jsdom/lib/jsdom/living/events/EventTarget-impl.js:338:25)
          at invokeEventListeners (/home/cmlsrandolph/Documents/coding-projects/workout-app/frontend/node_modules/jsdom/lib/jsdom/living/events/EventTarget-impl.js:274:3)
          at HTMLUnknownElementImpl._dispatch (/home/cmlsrandolph/Documents/coding-projects/workout-app/frontend/node_modules/jsdom/lib/jsdom/living/events/EventTarget-impl.js:221:9)
          at HTMLUnknownElementImpl.dispatchEvent (/home/cmlsrandolph/Documents/coding-projects/workout-app/frontend/node_modules/jsdom/lib/jsdom/living/events/EventTarget-impl.js:94:17)
          at HTMLUnknownElement.dispatchEvent (/home/cmlsrandolph/Documents/coding-projects/workout-app/frontend/node_modules/jsdom/lib/jsdom/living/generated/EventTarget.js:231:34)
          at Object.invokeGuardedCallbackDev (/home/cmlsrandolph/Documents/coding-projects/workout-app/frontend/node_modules/react-dom/cjs/react-dom.development.js:4213:16)
          at invokeGuardedCallback (/home/cmlsrandolph/Documents/coding-projects/workout-app/frontend/node_modules/react-dom/cjs/react-dom.development.js:4277:31)
          at beginWork$1 (/home/cmlsrandolph/Documents/coding-projects/workout-app/frontend/node_modules/react-dom/cjs/react-dom.development.js:27490:7)
          at performUnitOfWork (/home/cmlsrandolph/Documents/coding-projects/workout-app/frontend/node_modules/react-dom/cjs/react-dom.development.js:26599:12)
          at workLoopSync (/home/cmlsrandolph/Documents/coding-projects/workout-app/frontend/node_modules/react-dom/cjs/react-dom.development.js:26505:5)
          at renderRootSync (/home/cmlsrandolph/Documents/coding-projects/workout-app/frontend/node_modules/react-dom/cjs/react-dom.development.js:26473:7)
          at performConcurrentWorkOnRoot (/home/cmlsrandolph/Documents/coding-projects/workout-app/frontend/node_modules/react-dom/cjs/react-dom.development.js:25777:74)
          at flushActQueue (/home/cmlsrandolph/Documents/coding-projects/workout-app/frontend/node_modules/react/cjs/react.development.js:2667:24)
          at act (/home/cmlsrandolph/Documents/coding-projects/workout-app/frontend/node_modules/react/cjs/react.development.js:2582:11)
          at /home/cmlsrandolph/Documents/coding-projects/workout-app/frontend/node_modules/@testing-library/react/dist/act-compat.js:47:25
          at renderRoot (/home/cmlsrandolph/Documents/coding-projects/workout-app/frontend/node_modules/@testing-library/react/dist/pure.js:180:26)
          at render (/home/cmlsrandolph/Documents/coding-projects/workout-app/frontend/node_modules/@testing-library/react/dist/pure.js:271:10)
          at renderComponent (/home/cmlsrandolph/Documents/coding-projects/workout-app/frontend/src/tests/components/UserProfileForm.test.tsx:56:18)
          at Object.<anonymous> (/home/cmlsrandolph/Documents/coding-projects/workout-app/frontend/src/tests/components/UserProfileForm.test.tsx:131:5)
          at Promise.then.completed (/home/cmlsrandolph/Documents/coding-projects/workout-app/frontend/node_modules/jest-circus/build/utils.js:391:28)
          at new Promise (<anonymous>)
          at callAsyncCircusFn (/home/cmlsrandolph/Documents/coding-projects/workout-app/frontend/node_modules/jest-circus/build/utils.js:316:10)
          at _callCircusTest (/home/cmlsrandolph/Documents/coding-projects/workout-app/frontend/node_modules/jest-circus/build/run.js:218:40)
          at processTicksAndRejections (node:internal/process/task_queues:95:5)
          at _runTest (/home/cmlsrandolph/Documents/coding-projects/workout-app/frontend/node_modules/jest-circus/build/run.js:155:3)
          at _runTestsForDescribeBlock (/home/cmlsrandolph/Documents/coding-projects/workout-app/frontend/node_modules/jest-circus/build/run.js:66:9)
          at _runTestsForDescribeBlock (/home/cmlsrandolph/Documents/coding-projects/workout-app/frontend/node_modules/jest-circus/build/run.js:60:9)
          at run (/home/cmlsrandolph/Documents/coding-projects/workout-app/frontend/node_modules/jest-circus/build/run.js:25:3)
          at runAndTransformResultsToJestFormat (/home/cmlsrandolph/Documents/coding-projects/workout-app/frontend/node_modules/jest-circus/build/legacy-code-todo-rewrite/jestAdapterInit.js:170:21)
          at jestAdapter (/home/cmlsrandolph/Documents/coding-projects/workout-app/frontend/node_modules/jest-circus/build/legacy-code-todo-rewrite/jestAdapter.js:82:19)
          at runTestInternal (/home/cmlsrandolph/Documents/coding-projects/workout-app/frontend/node_modules/jest-runner/build/runTest.js:389:16)
          at runTest (/home/cmlsrandolph/Documents/coding-projects/workout-app/frontend/node_modules/jest-runner/build/runTest.js:475:34)
          at Object.worker (/home/cmlsrandolph/Documents/coding-projects/workout-app/frontend/node_modules/jest-runner/build/testWorker.js:133:12)

      54 |
      55 |   const renderComponent = (props = {}) => {
    > 56 |     return render(
         |                  ^
      57 |       <Provider store={store}>
      58 |         <ChakraProvider>
      59 |           <UserProfileForm {...props} />

      at VirtualConsole.<anonymous> (node_modules/jsdom/lib/jsdom/virtual-console.js:29:45)
      at reportException (node_modules/jsdom/lib/jsdom/living/helpers/runtime-script-errors.js:70:28)
      at innerInvokeEventListeners (node_modules/jsdom/lib/jsdom/living/events/EventTarget-impl.js:341:9)
      at invokeEventListeners (node_modules/jsdom/lib/jsdom/living/events/EventTarget-impl.js:274:3)
      at HTMLUnknownElementImpl._dispatch (node_modules/jsdom/lib/jsdom/living/events/EventTarget-impl.js:221:9)
      at HTMLUnknownElementImpl.dispatchEvent (node_modules/jsdom/lib/jsdom/living/events/EventTarget-impl.js:94:17)
      at HTMLUnknownElement.dispatchEvent (node_modules/jsdom/lib/jsdom/living/generated/EventTarget.js:231:34)
      at Object.invokeGuardedCallbackDev (node_modules/react-dom/cjs/react-dom.development.js:4213:16)
      at invokeGuardedCallback (node_modules/react-dom/cjs/react-dom.development.js:4277:31)
      at beginWork$1 (node_modules/react-dom/cjs/react-dom.development.js:27490:7)
      at performUnitOfWork (node_modules/react-dom/cjs/react-dom.development.js:26599:12)
      at workLoopSync (node_modules/react-dom/cjs/react-dom.development.js:26505:5)
      at renderRootSync (node_modules/react-dom/cjs/react-dom.development.js:26473:7)
      at performConcurrentWorkOnRoot (node_modules/react-dom/cjs/react-dom.development.js:25777:74)
      at flushActQueue (node_modules/react/cjs/react.development.js:2667:24)
      at act (node_modules/react/cjs/react.development.js:2582:11)
      at node_modules/@testing-library/react/dist/act-compat.js:47:25
      at renderRoot (node_modules/@testing-library/react/dist/pure.js:180:26)
      at render (node_modules/@testing-library/react/dist/pure.js:271:10)
      at renderComponent (src/tests/components/UserProfileForm.test.tsx:56:18)
      at Object.<anonymous> (src/tests/components/UserProfileForm.test.tsx:131:5)

    console.error
      Error: Uncaught [ReferenceError: SimpleGrid is not defined]
          at reportException (/home/cmlsrandolph/Documents/coding-projects/workout-app/frontend/node_modules/jsdom/lib/jsdom/living/helpers/runtime-script-errors.js:66:24)
          at innerInvokeEventListeners (/home/cmlsrandolph/Documents/coding-projects/workout-app/frontend/node_modules/jsdom/lib/jsdom/living/events/EventTarget-impl.js:341:9)
          at invokeEventListeners (/home/cmlsrandolph/Documents/coding-projects/workout-app/frontend/node_modules/jsdom/lib/jsdom/living/events/EventTarget-impl.js:274:3)
          at HTMLUnknownElementImpl._dispatch (/home/cmlsrandolph/Documents/coding-projects/workout-app/frontend/node_modules/jsdom/lib/jsdom/living/events/EventTarget-impl.js:221:9)
          at HTMLUnknownElementImpl.dispatchEvent (/home/cmlsrandolph/Documents/coding-projects/workout-app/frontend/node_modules/jsdom/lib/jsdom/living/events/EventTarget-impl.js:94:17)
          at HTMLUnknownElement.dispatchEvent (/home/cmlsrandolph/Documents/coding-projects/workout-app/frontend/node_modules/jsdom/lib/jsdom/living/generated/EventTarget.js:231:34)
          at Object.invokeGuardedCallbackDev (/home/cmlsrandolph/Documents/coding-projects/workout-app/frontend/node_modules/react-dom/cjs/react-dom.development.js:4213:16)
          at invokeGuardedCallback (/home/cmlsrandolph/Documents/coding-projects/workout-app/frontend/node_modules/react-dom/cjs/react-dom.development.js:4277:31)
          at beginWork$1 (/home/cmlsrandolph/Documents/coding-projects/workout-app/frontend/node_modules/react-dom/cjs/react-dom.development.js:27490:7)
          at performUnitOfWork (/home/cmlsrandolph/Documents/coding-projects/workout-app/frontend/node_modules/react-dom/cjs/react-dom.development.js:26599:12)
          at workLoopSync (/home/cmlsrandolph/Documents/coding-projects/workout-app/frontend/node_modules/react-dom/cjs/react-dom.development.js:26505:5)
          at renderRootSync (/home/cmlsrandolph/Documents/coding-projects/workout-app/frontend/node_modules/react-dom/cjs/react-dom.development.js:26473:7)
          at recoverFromConcurrentError (/home/cmlsrandolph/Documents/coding-projects/workout-app/frontend/node_modules/react-dom/cjs/react-dom.development.js:25889:20)
          at performConcurrentWorkOnRoot (/home/cmlsrandolph/Documents/coding-projects/workout-app/frontend/node_modules/react-dom/cjs/react-dom.development.js:25789:22)
          at flushActQueue (/home/cmlsrandolph/Documents/coding-projects/workout-app/frontend/node_modules/react/cjs/react.development.js:2667:24)
          at act (/home/cmlsrandolph/Documents/coding-projects/workout-app/frontend/node_modules/react/cjs/react.development.js:2582:11)
          at /home/cmlsrandolph/Documents/coding-projects/workout-app/frontend/node_modules/@testing-library/react/dist/act-compat.js:47:25
          at renderRoot (/home/cmlsrandolph/Documents/coding-projects/workout-app/frontend/node_modules/@testing-library/react/dist/pure.js:180:26)
          at render (/home/cmlsrandolph/Documents/coding-projects/workout-app/frontend/node_modules/@testing-library/react/dist/pure.js:271:10)
          at renderComponent (/home/cmlsrandolph/Documents/coding-projects/workout-app/frontend/src/tests/components/UserProfileForm.test.tsx:56:18)
          at Object.<anonymous> (/home/cmlsrandolph/Documents/coding-projects/workout-app/frontend/src/tests/components/UserProfileForm.test.tsx:131:5)
          at Promise.then.completed (/home/cmlsrandolph/Documents/coding-projects/workout-app/frontend/node_modules/jest-circus/build/utils.js:391:28)
          at new Promise (<anonymous>)
          at callAsyncCircusFn (/home/cmlsrandolph/Documents/coding-projects/workout-app/frontend/node_modules/jest-circus/build/utils.js:316:10)
          at _callCircusTest (/home/cmlsrandolph/Documents/coding-projects/workout-app/frontend/node_modules/jest-circus/build/run.js:218:40)
          at processTicksAndRejections (node:internal/process/task_queues:95:5)
          at _runTest (/home/cmlsrandolph/Documents/coding-projects/workout-app/frontend/node_modules/jest-circus/build/run.js:155:3)
          at _runTestsForDescribeBlock (/home/cmlsrandolph/Documents/coding-projects/workout-app/frontend/node_modules/jest-circus/build/run.js:66:9)
          at _runTestsForDescribeBlock (/home/cmlsrandolph/Documents/coding-projects/workout-app/frontend/node_modules/jest-circus/build/run.js:60:9)
          at run (/home/cmlsrandolph/Documents/coding-projects/workout-app/frontend/node_modules/jest-circus/build/run.js:25:3)
          at runAndTransformResultsToJestFormat (/home/cmlsrandolph/Documents/coding-projects/workout-app/frontend/node_modules/jest-circus/build/legacy-code-todo-rewrite/jestAdapterInit.js:170:21)
          at jestAdapter (/home/cmlsrandolph/Documents/coding-projects/workout-app/frontend/node_modules/jest-circus/build/legacy-code-todo-rewrite/jestAdapter.js:82:19)
          at runTestInternal (/home/cmlsrandolph/Documents/coding-projects/workout-app/frontend/node_modules/jest-runner/build/runTest.js:389:16)
          at runTest (/home/cmlsrandolph/Documents/coding-projects/workout-app/frontend/node_modules/jest-runner/build/runTest.js:475:34)
          at Object.worker (/home/cmlsrandolph/Documents/coding-projects/workout-app/frontend/node_modules/jest-runner/build/testWorker.js:133:12) ReferenceError: SimpleGrid is not defined
          at UserProfileForm (/home/cmlsrandolph/Documents/coding-projects/workout-app/frontend/src/components/user/UserProfileForm.tsx:481:20)
          at renderWithHooks (/home/cmlsrandolph/Documents/coding-projects/workout-app/frontend/node_modules/react-dom/cjs/react-dom.development.js:15486:18)
          at mountIndeterminateComponent (/home/cmlsrandolph/Documents/coding-projects/workout-app/frontend/node_modules/react-dom/cjs/react-dom.development.js:20103:13)
          at beginWork (/home/cmlsrandolph/Documents/coding-projects/workout-app/frontend/node_modules/react-dom/cjs/react-dom.development.js:21626:16)
          at HTMLUnknownElement.callCallback (/home/cmlsrandolph/Documents/coding-projects/workout-app/frontend/node_modules/react-dom/cjs/react-dom.development.js:4164:14)
          at HTMLUnknownElement.callTheUserObjectsOperation (/home/cmlsrandolph/Documents/coding-projects/workout-app/frontend/node_modules/jsdom/lib/jsdom/living/generated/EventListener.js:26:30)
          at innerInvokeEventListeners (/home/cmlsrandolph/Documents/coding-projects/workout-app/frontend/node_modules/jsdom/lib/jsdom/living/events/EventTarget-impl.js:338:25)
          at invokeEventListeners (/home/cmlsrandolph/Documents/coding-projects/workout-app/frontend/node_modules/jsdom/lib/jsdom/living/events/EventTarget-impl.js:274:3)
          at HTMLUnknownElementImpl._dispatch (/home/cmlsrandolph/Documents/coding-projects/workout-app/frontend/node_modules/jsdom/lib/jsdom/living/events/EventTarget-impl.js:221:9)
          at HTMLUnknownElementImpl.dispatchEvent (/home/cmlsrandolph/Documents/coding-projects/workout-app/frontend/node_modules/jsdom/lib/jsdom/living/events/EventTarget-impl.js:94:17)
          at HTMLUnknownElement.dispatchEvent (/home/cmlsrandolph/Documents/coding-projects/workout-app/frontend/node_modules/jsdom/lib/jsdom/living/generated/EventTarget.js:231:34)
          at Object.invokeGuardedCallbackDev (/home/cmlsrandolph/Documents/coding-projects/workout-app/frontend/node_modules/react-dom/cjs/react-dom.development.js:4213:16)
          at invokeGuardedCallback (/home/cmlsrandolph/Documents/coding-projects/workout-app/frontend/node_modules/react-dom/cjs/react-dom.development.js:4277:31)
          at beginWork$1 (/home/cmlsrandolph/Documents/coding-projects/workout-app/frontend/node_modules/react-dom/cjs/react-dom.development.js:27490:7)
          at performUnitOfWork (/home/cmlsrandolph/Documents/coding-projects/workout-app/frontend/node_modules/react-dom/cjs/react-dom.development.js:26599:12)
          at workLoopSync (/home/cmlsrandolph/Documents/coding-projects/workout-app/frontend/node_modules/react-dom/cjs/react-dom.development.js:26505:5)
          at renderRootSync (/home/cmlsrandolph/Documents/coding-projects/workout-app/frontend/node_modules/react-dom/cjs/react-dom.development.js:26473:7)
          at recoverFromConcurrentError (/home/cmlsrandolph/Documents/coding-projects/workout-app/frontend/node_modules/react-dom/cjs/react-dom.development.js:25889:20)
          at performConcurrentWorkOnRoot (/home/cmlsrandolph/Documents/coding-projects/workout-app/frontend/node_modules/react-dom/cjs/react-dom.development.js:25789:22)
          at flushActQueue (/home/cmlsrandolph/Documents/coding-projects/workout-app/frontend/node_modules/react/cjs/react.development.js:2667:24)
          at act (/home/cmlsrandolph/Documents/coding-projects/workout-app/frontend/node_modules/react/cjs/react.development.js:2582:11)
          at /home/cmlsrandolph/Documents/coding-projects/workout-app/frontend/node_modules/@testing-library/react/dist/act-compat.js:47:25
          at renderRoot (/home/cmlsrandolph/Documents/coding-projects/workout-app/frontend/node_modules/@testing-library/react/dist/pure.js:180:26)
          at render (/home/cmlsrandolph/Documents/coding-projects/workout-app/frontend/node_modules/@testing-library/react/dist/pure.js:271:10)
          at renderComponent (/home/cmlsrandolph/Documents/coding-projects/workout-app/frontend/src/tests/components/UserProfileForm.test.tsx:56:18)
          at Object.<anonymous> (/home/cmlsrandolph/Documents/coding-projects/workout-app/frontend/src/tests/components/UserProfileForm.test.tsx:131:5)
          at Promise.then.completed (/home/cmlsrandolph/Documents/coding-projects/workout-app/frontend/node_modules/jest-circus/build/utils.js:391:28)
          at new Promise (<anonymous>)
          at callAsyncCircusFn (/home/cmlsrandolph/Documents/coding-projects/workout-app/frontend/node_modules/jest-circus/build/utils.js:316:10)
          at _callCircusTest (/home/cmlsrandolph/Documents/coding-projects/workout-app/frontend/node_modules/jest-circus/build/run.js:218:40)
          at processTicksAndRejections (node:internal/process/task_queues:95:5)
          at _runTest (/home/cmlsrandolph/Documents/coding-projects/workout-app/frontend/node_modules/jest-circus/build/run.js:155:3)
          at _runTestsForDescribeBlock (/home/cmlsrandolph/Documents/coding-projects/workout-app/frontend/node_modules/jest-circus/build/run.js:66:9)
          at _runTestsForDescribeBlock (/home/cmlsrandolph/Documents/coding-projects/workout-app/frontend/node_modules/jest-circus/build/run.js:60:9)
          at run (/home/cmlsrandolph/Documents/coding-projects/workout-app/frontend/node_modules/jest-circus/build/run.js:25:3)
          at runAndTransformResultsToJestFormat (/home/cmlsrandolph/Documents/coding-projects/workout-app/frontend/node_modules/jest-circus/build/legacy-code-todo-rewrite/jestAdapterInit.js:170:21)
          at jestAdapter (/home/cmlsrandolph/Documents/coding-projects/workout-app/frontend/node_modules/jest-circus/build/legacy-code-todo-rewrite/jestAdapter.js:82:19)
          at runTestInternal (/home/cmlsrandolph/Documents/coding-projects/workout-app/frontend/node_modules/jest-runner/build/runTest.js:389:16)
          at runTest (/home/cmlsrandolph/Documents/coding-projects/workout-app/frontend/node_modules/jest-runner/build/runTest.js:475:34)
          at Object.worker (/home/cmlsrandolph/Documents/coding-projects/workout-app/frontend/node_modules/jest-runner/build/testWorker.js:133:12)

      54 |
      55 |   const renderComponent = (props = {}) => {
    > 56 |     return render(
         |                  ^
      57 |       <Provider store={store}>
      58 |         <ChakraProvider>
      59 |           <UserProfileForm {...props} />

      at VirtualConsole.<anonymous> (node_modules/jsdom/lib/jsdom/virtual-console.js:29:45)
      at reportException (node_modules/jsdom/lib/jsdom/living/helpers/runtime-script-errors.js:70:28)
      at innerInvokeEventListeners (node_modules/jsdom/lib/jsdom/living/events/EventTarget-impl.js:341:9)
      at invokeEventListeners (node_modules/jsdom/lib/jsdom/living/events/EventTarget-impl.js:274:3)
      at HTMLUnknownElementImpl._dispatch (node_modules/jsdom/lib/jsdom/living/events/EventTarget-impl.js:221:9)
      at HTMLUnknownElementImpl.dispatchEvent (node_modules/jsdom/lib/jsdom/living/events/EventTarget-impl.js:94:17)
      at HTMLUnknownElement.dispatchEvent (node_modules/jsdom/lib/jsdom/living/generated/EventTarget.js:231:34)
      at Object.invokeGuardedCallbackDev (node_modules/react-dom/cjs/react-dom.development.js:4213:16)
      at invokeGuardedCallback (node_modules/react-dom/cjs/react-dom.development.js:4277:31)
      at beginWork$1 (node_modules/react-dom/cjs/react-dom.development.js:27490:7)
      at performUnitOfWork (node_modules/react-dom/cjs/react-dom.development.js:26599:12)
      at workLoopSync (node_modules/react-dom/cjs/react-dom.development.js:26505:5)
      at renderRootSync (node_modules/react-dom/cjs/react-dom.development.js:26473:7)
      at recoverFromConcurrentError (node_modules/react-dom/cjs/react-dom.development.js:25889:20)
      at performConcurrentWorkOnRoot (node_modules/react-dom/cjs/react-dom.development.js:25789:22)
      at flushActQueue (node_modules/react/cjs/react.development.js:2667:24)
      at act (node_modules/react/cjs/react.development.js:2582:11)
      at node_modules/@testing-library/react/dist/act-compat.js:47:25
      at renderRoot (node_modules/@testing-library/react/dist/pure.js:180:26)
      at render (node_modules/@testing-library/react/dist/pure.js:271:10)
      at renderComponent (src/tests/components/UserProfileForm.test.tsx:56:18)
      at Object.<anonymous> (src/tests/components/UserProfileForm.test.tsx:131:5)

    console.error
      The above error occurred in the <UserProfileForm> component:
      
          at UserProfileForm (/home/cmlsrandolph/Documents/coding-projects/workout-app/frontend/src/components/user/UserProfileForm.tsx:51:3)
          at ChakraProvider (/home/cmlsrandolph/Documents/coding-projects/workout-app/frontend/src/tests/__mocks__/@chakra-ui/react.js:116:27)
          at Provider (/home/cmlsrandolph/Documents/coding-projects/workout-app/frontend/node_modules/react-redux/lib/components/Provider.js:19:3)
      
      Consider adding an error boundary to your tree to customize error handling behavior.
      Visit https://reactjs.org/link/error-boundaries to learn more about error boundaries.

      54 |
      55 |   const renderComponent = (props = {}) => {
    > 56 |     return render(
         |                  ^
      57 |       <Provider store={store}>
      58 |         <ChakraProvider>
      59 |           <UserProfileForm {...props} />

      at logCapturedError (node_modules/react-dom/cjs/react-dom.development.js:18704:23)
      at update.callback (node_modules/react-dom/cjs/react-dom.development.js:18737:5)
      at callCallback (node_modules/react-dom/cjs/react-dom.development.js:15036:12)
      at commitUpdateQueue (node_modules/react-dom/cjs/react-dom.development.js:15057:9)
      at commitLayoutEffectOnFiber (node_modules/react-dom/cjs/react-dom.development.js:23430:13)
      at commitLayoutMountEffects_complete (node_modules/react-dom/cjs/react-dom.development.js:24727:9)
      at commitLayoutEffects_begin (node_modules/react-dom/cjs/react-dom.development.js:24713:7)
      at commitLayoutEffects (node_modules/react-dom/cjs/react-dom.development.js:24651:3)
      at commitRootImpl (node_modules/react-dom/cjs/react-dom.development.js:26862:5)
      at commitRoot (node_modules/react-dom/cjs/react-dom.development.js:26721:5)
      at finishConcurrentRender (node_modules/react-dom/cjs/react-dom.development.js:25931:9)
      at performConcurrentWorkOnRoot (node_modules/react-dom/cjs/react-dom.development.js:25848:7)
      at flushActQueue (node_modules/react/cjs/react.development.js:2667:24)
      at act (node_modules/react/cjs/react.development.js:2582:11)
      at node_modules/@testing-library/react/dist/act-compat.js:47:25
      at renderRoot (node_modules/@testing-library/react/dist/pure.js:180:26)
      at render (node_modules/@testing-library/react/dist/pure.js:271:10)
      at renderComponent (src/tests/components/UserProfileForm.test.tsx:56:18)
      at Object.<anonymous> (src/tests/components/UserProfileForm.test.tsx:131:5)

    console.error
      Error: Uncaught [ReferenceError: SimpleGrid is not defined]
          at reportException (/home/cmlsrandolph/Documents/coding-projects/workout-app/frontend/node_modules/jsdom/lib/jsdom/living/helpers/runtime-script-errors.js:66:24)
          at innerInvokeEventListeners (/home/cmlsrandolph/Documents/coding-projects/workout-app/frontend/node_modules/jsdom/lib/jsdom/living/events/EventTarget-impl.js:341:9)
          at invokeEventListeners (/home/cmlsrandolph/Documents/coding-projects/workout-app/frontend/node_modules/jsdom/lib/jsdom/living/events/EventTarget-impl.js:274:3)
          at HTMLUnknownElementImpl._dispatch (/home/cmlsrandolph/Documents/coding-projects/workout-app/frontend/node_modules/jsdom/lib/jsdom/living/events/EventTarget-impl.js:221:9)
          at HTMLUnknownElementImpl.dispatchEvent (/home/cmlsrandolph/Documents/coding-projects/workout-app/frontend/node_modules/jsdom/lib/jsdom/living/events/EventTarget-impl.js:94:17)
          at HTMLUnknownElement.dispatchEvent (/home/cmlsrandolph/Documents/coding-projects/workout-app/frontend/node_modules/jsdom/lib/jsdom/living/generated/EventTarget.js:231:34)
          at Object.invokeGuardedCallbackDev (/home/cmlsrandolph/Documents/coding-projects/workout-app/frontend/node_modules/react-dom/cjs/react-dom.development.js:4213:16)
          at invokeGuardedCallback (/home/cmlsrandolph/Documents/coding-projects/workout-app/frontend/node_modules/react-dom/cjs/react-dom.development.js:4277:31)
          at beginWork$1 (/home/cmlsrandolph/Documents/coding-projects/workout-app/frontend/node_modules/react-dom/cjs/react-dom.development.js:27490:7)
          at performUnitOfWork (/home/cmlsrandolph/Documents/coding-projects/workout-app/frontend/node_modules/react-dom/cjs/react-dom.development.js:26599:12)
          at workLoopSync (/home/cmlsrandolph/Documents/coding-projects/workout-app/frontend/node_modules/react-dom/cjs/react-dom.development.js:26505:5)
          at renderRootSync (/home/cmlsrandolph/Documents/coding-projects/workout-app/frontend/node_modules/react-dom/cjs/react-dom.development.js:26473:7)
          at performConcurrentWorkOnRoot (/home/cmlsrandolph/Documents/coding-projects/workout-app/frontend/node_modules/react-dom/cjs/react-dom.development.js:25777:74)
          at flushActQueue (/home/cmlsrandolph/Documents/coding-projects/workout-app/frontend/node_modules/react/cjs/react.development.js:2667:24)
          at act (/home/cmlsrandolph/Documents/coding-projects/workout-app/frontend/node_modules/react/cjs/react.development.js:2582:11)
          at /home/cmlsrandolph/Documents/coding-projects/workout-app/frontend/node_modules/@testing-library/react/dist/act-compat.js:47:25
          at renderRoot (/home/cmlsrandolph/Documents/coding-projects/workout-app/frontend/node_modules/@testing-library/react/dist/pure.js:180:26)
          at render (/home/cmlsrandolph/Documents/coding-projects/workout-app/frontend/node_modules/@testing-library/react/dist/pure.js:271:10)
          at renderComponent (/home/cmlsrandolph/Documents/coding-projects/workout-app/frontend/src/tests/components/UserProfileForm.test.tsx:56:18)
          at Object.<anonymous> (/home/cmlsrandolph/Documents/coding-projects/workout-app/frontend/src/tests/components/UserProfileForm.test.tsx:156:5)
          at Promise.then.completed (/home/cmlsrandolph/Documents/coding-projects/workout-app/frontend/node_modules/jest-circus/build/utils.js:391:28)
          at new Promise (<anonymous>)
          at callAsyncCircusFn (/home/cmlsrandolph/Documents/coding-projects/workout-app/frontend/node_modules/jest-circus/build/utils.js:316:10)
          at _callCircusTest (/home/cmlsrandolph/Documents/coding-projects/workout-app/frontend/node_modules/jest-circus/build/run.js:218:40)
          at processTicksAndRejections (node:internal/process/task_queues:95:5)
          at _runTest (/home/cmlsrandolph/Documents/coding-projects/workout-app/frontend/node_modules/jest-circus/build/run.js:155:3)
          at _runTestsForDescribeBlock (/home/cmlsrandolph/Documents/coding-projects/workout-app/frontend/node_modules/jest-circus/build/run.js:66:9)
          at _runTestsForDescribeBlock (/home/cmlsrandolph/Documents/coding-projects/workout-app/frontend/node_modules/jest-circus/build/run.js:60:9)
          at run (/home/cmlsrandolph/Documents/coding-projects/workout-app/frontend/node_modules/jest-circus/build/run.js:25:3)
          at runAndTransformResultsToJestFormat (/home/cmlsrandolph/Documents/coding-projects/workout-app/frontend/node_modules/jest-circus/build/legacy-code-todo-rewrite/jestAdapterInit.js:170:21)
          at jestAdapter (/home/cmlsrandolph/Documents/coding-projects/workout-app/frontend/node_modules/jest-circus/build/legacy-code-todo-rewrite/jestAdapter.js:82:19)
          at runTestInternal (/home/cmlsrandolph/Documents/coding-projects/workout-app/frontend/node_modules/jest-runner/build/runTest.js:389:16)
          at runTest (/home/cmlsrandolph/Documents/coding-projects/workout-app/frontend/node_modules/jest-runner/build/runTest.js:475:34)
          at Object.worker (/home/cmlsrandolph/Documents/coding-projects/workout-app/frontend/node_modules/jest-runner/build/testWorker.js:133:12) ReferenceError: SimpleGrid is not defined
          at UserProfileForm (/home/cmlsrandolph/Documents/coding-projects/workout-app/frontend/src/components/user/UserProfileForm.tsx:481:20)
          at renderWithHooks (/home/cmlsrandolph/Documents/coding-projects/workout-app/frontend/node_modules/react-dom/cjs/react-dom.development.js:15486:18)
          at mountIndeterminateComponent (/home/cmlsrandolph/Documents/coding-projects/workout-app/frontend/node_modules/react-dom/cjs/react-dom.development.js:20103:13)
          at beginWork (/home/cmlsrandolph/Documents/coding-projects/workout-app/frontend/node_modules/react-dom/cjs/react-dom.development.js:21626:16)
          at HTMLUnknownElement.callCallback (/home/cmlsrandolph/Documents/coding-projects/workout-app/frontend/node_modules/react-dom/cjs/react-dom.development.js:4164:14)
          at HTMLUnknownElement.callTheUserObjectsOperation (/home/cmlsrandolph/Documents/coding-projects/workout-app/frontend/node_modules/jsdom/lib/jsdom/living/generated/EventListener.js:26:30)
          at innerInvokeEventListeners (/home/cmlsrandolph/Documents/coding-projects/workout-app/frontend/node_modules/jsdom/lib/jsdom/living/events/EventTarget-impl.js:338:25)
          at invokeEventListeners (/home/cmlsrandolph/Documents/coding-projects/workout-app/frontend/node_modules/jsdom/lib/jsdom/living/events/EventTarget-impl.js:274:3)
          at HTMLUnknownElementImpl._dispatch (/home/cmlsrandolph/Documents/coding-projects/workout-app/frontend/node_modules/jsdom/lib/jsdom/living/events/EventTarget-impl.js:221:9)
          at HTMLUnknownElementImpl.dispatchEvent (/home/cmlsrandolph/Documents/coding-projects/workout-app/frontend/node_modules/jsdom/lib/jsdom/living/events/EventTarget-impl.js:94:17)
          at HTMLUnknownElement.dispatchEvent (/home/cmlsrandolph/Documents/coding-projects/workout-app/frontend/node_modules/jsdom/lib/jsdom/living/generated/EventTarget.js:231:34)
          at Object.invokeGuardedCallbackDev (/home/cmlsrandolph/Documents/coding-projects/workout-app/frontend/node_modules/react-dom/cjs/react-dom.development.js:4213:16)
          at invokeGuardedCallback (/home/cmlsrandolph/Documents/coding-projects/workout-app/frontend/node_modules/react-dom/cjs/react-dom.development.js:4277:31)
          at beginWork$1 (/home/cmlsrandolph/Documents/coding-projects/workout-app/frontend/node_modules/react-dom/cjs/react-dom.development.js:27490:7)
          at performUnitOfWork (/home/cmlsrandolph/Documents/coding-projects/workout-app/frontend/node_modules/react-dom/cjs/react-dom.development.js:26599:12)
          at workLoopSync (/home/cmlsrandolph/Documents/coding-projects/workout-app/frontend/node_modules/react-dom/cjs/react-dom.development.js:26505:5)
          at renderRootSync (/home/cmlsrandolph/Documents/coding-projects/workout-app/frontend/node_modules/react-dom/cjs/react-dom.development.js:26473:7)
          at performConcurrentWorkOnRoot (/home/cmlsrandolph/Documents/coding-projects/workout-app/frontend/node_modules/react-dom/cjs/react-dom.development.js:25777:74)
          at flushActQueue (/home/cmlsrandolph/Documents/coding-projects/workout-app/frontend/node_modules/react/cjs/react.development.js:2667:24)
          at act (/home/cmlsrandolph/Documents/coding-projects/workout-app/frontend/node_modules/react/cjs/react.development.js:2582:11)
          at /home/cmlsrandolph/Documents/coding-projects/workout-app/frontend/node_modules/@testing-library/react/dist/act-compat.js:47:25
          at renderRoot (/home/cmlsrandolph/Documents/coding-projects/workout-app/frontend/node_modules/@testing-library/react/dist/pure.js:180:26)
          at render (/home/cmlsrandolph/Documents/coding-projects/workout-app/frontend/node_modules/@testing-library/react/dist/pure.js:271:10)
          at renderComponent (/home/cmlsrandolph/Documents/coding-projects/workout-app/frontend/src/tests/components/UserProfileForm.test.tsx:56:18)
          at Object.<anonymous> (/home/cmlsrandolph/Documents/coding-projects/workout-app/frontend/src/tests/components/UserProfileForm.test.tsx:156:5)
          at Promise.then.completed (/home/cmlsrandolph/Documents/coding-projects/workout-app/frontend/node_modules/jest-circus/build/utils.js:391:28)
          at new Promise (<anonymous>)
          at callAsyncCircusFn (/home/cmlsrandolph/Documents/coding-projects/workout-app/frontend/node_modules/jest-circus/build/utils.js:316:10)
          at _callCircusTest (/home/cmlsrandolph/Documents/coding-projects/workout-app/frontend/node_modules/jest-circus/build/run.js:218:40)
          at processTicksAndRejections (node:internal/process/task_queues:95:5)
          at _runTest (/home/cmlsrandolph/Documents/coding-projects/workout-app/frontend/node_modules/jest-circus/build/run.js:155:3)
          at _runTestsForDescribeBlock (/home/cmlsrandolph/Documents/coding-projects/workout-app/frontend/node_modules/jest-circus/build/run.js:66:9)
          at _runTestsForDescribeBlock (/home/cmlsrandolph/Documents/coding-projects/workout-app/frontend/node_modules/jest-circus/build/run.js:60:9)
          at run (/home/cmlsrandolph/Documents/coding-projects/workout-app/frontend/node_modules/jest-circus/build/run.js:25:3)
          at runAndTransformResultsToJestFormat (/home/cmlsrandolph/Documents/coding-projects/workout-app/frontend/node_modules/jest-circus/build/legacy-code-todo-rewrite/jestAdapterInit.js:170:21)
          at jestAdapter (/home/cmlsrandolph/Documents/coding-projects/workout-app/frontend/node_modules/jest-circus/build/legacy-code-todo-rewrite/jestAdapter.js:82:19)
          at runTestInternal (/home/cmlsrandolph/Documents/coding-projects/workout-app/frontend/node_modules/jest-runner/build/runTest.js:389:16)
          at runTest (/home/cmlsrandolph/Documents/coding-projects/workout-app/frontend/node_modules/jest-runner/build/runTest.js:475:34)
          at Object.worker (/home/cmlsrandolph/Documents/coding-projects/workout-app/frontend/node_modules/jest-runner/build/testWorker.js:133:12)

      54 |
      55 |   const renderComponent = (props = {}) => {
    > 56 |     return render(
         |                  ^
      57 |       <Provider store={store}>
      58 |         <ChakraProvider>
      59 |           <UserProfileForm {...props} />

      at VirtualConsole.<anonymous> (node_modules/jsdom/lib/jsdom/virtual-console.js:29:45)
      at reportException (node_modules/jsdom/lib/jsdom/living/helpers/runtime-script-errors.js:70:28)
      at innerInvokeEventListeners (node_modules/jsdom/lib/jsdom/living/events/EventTarget-impl.js:341:9)
      at invokeEventListeners (node_modules/jsdom/lib/jsdom/living/events/EventTarget-impl.js:274:3)
      at HTMLUnknownElementImpl._dispatch (node_modules/jsdom/lib/jsdom/living/events/EventTarget-impl.js:221:9)
      at HTMLUnknownElementImpl.dispatchEvent (node_modules/jsdom/lib/jsdom/living/events/EventTarget-impl.js:94:17)
      at HTMLUnknownElement.dispatchEvent (node_modules/jsdom/lib/jsdom/living/generated/EventTarget.js:231:34)
      at Object.invokeGuardedCallbackDev (node_modules/react-dom/cjs/react-dom.development.js:4213:16)
      at invokeGuardedCallback (node_modules/react-dom/cjs/react-dom.development.js:4277:31)
      at beginWork$1 (node_modules/react-dom/cjs/react-dom.development.js:27490:7)
      at performUnitOfWork (node_modules/react-dom/cjs/react-dom.development.js:26599:12)
      at workLoopSync (node_modules/react-dom/cjs/react-dom.development.js:26505:5)
      at renderRootSync (node_modules/react-dom/cjs/react-dom.development.js:26473:7)
      at performConcurrentWorkOnRoot (node_modules/react-dom/cjs/react-dom.development.js:25777:74)
      at flushActQueue (node_modules/react/cjs/react.development.js:2667:24)
      at act (node_modules/react/cjs/react.development.js:2582:11)
      at node_modules/@testing-library/react/dist/act-compat.js:47:25
      at renderRoot (node_modules/@testing-library/react/dist/pure.js:180:26)
      at render (node_modules/@testing-library/react/dist/pure.js:271:10)
      at renderComponent (src/tests/components/UserProfileForm.test.tsx:56:18)
      at Object.<anonymous> (src/tests/components/UserProfileForm.test.tsx:156:5)

    console.error
      Error: Uncaught [ReferenceError: SimpleGrid is not defined]
          at reportException (/home/cmlsrandolph/Documents/coding-projects/workout-app/frontend/node_modules/jsdom/lib/jsdom/living/helpers/runtime-script-errors.js:66:24)
          at innerInvokeEventListeners (/home/cmlsrandolph/Documents/coding-projects/workout-app/frontend/node_modules/jsdom/lib/jsdom/living/events/EventTarget-impl.js:341:9)
          at invokeEventListeners (/home/cmlsrandolph/Documents/coding-projects/workout-app/frontend/node_modules/jsdom/lib/jsdom/living/events/EventTarget-impl.js:274:3)
          at HTMLUnknownElementImpl._dispatch (/home/cmlsrandolph/Documents/coding-projects/workout-app/frontend/node_modules/jsdom/lib/jsdom/living/events/EventTarget-impl.js:221:9)
          at HTMLUnknownElementImpl.dispatchEvent (/home/cmlsrandolph/Documents/coding-projects/workout-app/frontend/node_modules/jsdom/lib/jsdom/living/events/EventTarget-impl.js:94:17)
          at HTMLUnknownElement.dispatchEvent (/home/cmlsrandolph/Documents/coding-projects/workout-app/frontend/node_modules/jsdom/lib/jsdom/living/generated/EventTarget.js:231:34)
          at Object.invokeGuardedCallbackDev (/home/cmlsrandolph/Documents/coding-projects/workout-app/frontend/node_modules/react-dom/cjs/react-dom.development.js:4213:16)
          at invokeGuardedCallback (/home/cmlsrandolph/Documents/coding-projects/workout-app/frontend/node_modules/react-dom/cjs/react-dom.development.js:4277:31)
          at beginWork$1 (/home/cmlsrandolph/Documents/coding-projects/workout-app/frontend/node_modules/react-dom/cjs/react-dom.development.js:27490:7)
          at performUnitOfWork (/home/cmlsrandolph/Documents/coding-projects/workout-app/frontend/node_modules/react-dom/cjs/react-dom.development.js:26599:12)
          at workLoopSync (/home/cmlsrandolph/Documents/coding-projects/workout-app/frontend/node_modules/react-dom/cjs/react-dom.development.js:26505:5)
          at renderRootSync (/home/cmlsrandolph/Documents/coding-projects/workout-app/frontend/node_modules/react-dom/cjs/react-dom.development.js:26473:7)
          at recoverFromConcurrentError (/home/cmlsrandolph/Documents/coding-projects/workout-app/frontend/node_modules/react-dom/cjs/react-dom.development.js:25889:20)
          at performConcurrentWorkOnRoot (/home/cmlsrandolph/Documents/coding-projects/workout-app/frontend/node_modules/react-dom/cjs/react-dom.development.js:25789:22)
          at flushActQueue (/home/cmlsrandolph/Documents/coding-projects/workout-app/frontend/node_modules/react/cjs/react.development.js:2667:24)
          at act (/home/cmlsrandolph/Documents/coding-projects/workout-app/frontend/node_modules/react/cjs/react.development.js:2582:11)
          at /home/cmlsrandolph/Documents/coding-projects/workout-app/frontend/node_modules/@testing-library/react/dist/act-compat.js:47:25
          at renderRoot (/home/cmlsrandolph/Documents/coding-projects/workout-app/frontend/node_modules/@testing-library/react/dist/pure.js:180:26)
          at render (/home/cmlsrandolph/Documents/coding-projects/workout-app/frontend/node_modules/@testing-library/react/dist/pure.js:271:10)
          at renderComponent (/home/cmlsrandolph/Documents/coding-projects/workout-app/frontend/src/tests/components/UserProfileForm.test.tsx:56:18)
          at Object.<anonymous> (/home/cmlsrandolph/Documents/coding-projects/workout-app/frontend/src/tests/components/UserProfileForm.test.tsx:156:5)
          at Promise.then.completed (/home/cmlsrandolph/Documents/coding-projects/workout-app/frontend/node_modules/jest-circus/build/utils.js:391:28)
          at new Promise (<anonymous>)
          at callAsyncCircusFn (/home/cmlsrandolph/Documents/coding-projects/workout-app/frontend/node_modules/jest-circus/build/utils.js:316:10)
          at _callCircusTest (/home/cmlsrandolph/Documents/coding-projects/workout-app/frontend/node_modules/jest-circus/build/run.js:218:40)
          at processTicksAndRejections (node:internal/process/task_queues:95:5)
          at _runTest (/home/cmlsrandolph/Documents/coding-projects/workout-app/frontend/node_modules/jest-circus/build/run.js:155:3)
          at _runTestsForDescribeBlock (/home/cmlsrandolph/Documents/coding-projects/workout-app/frontend/node_modules/jest-circus/build/run.js:66:9)
          at _runTestsForDescribeBlock (/home/cmlsrandolph/Documents/coding-projects/workout-app/frontend/node_modules/jest-circus/build/run.js:60:9)
          at run (/home/cmlsrandolph/Documents/coding-projects/workout-app/frontend/node_modules/jest-circus/build/run.js:25:3)
          at runAndTransformResultsToJestFormat (/home/cmlsrandolph/Documents/coding-projects/workout-app/frontend/node_modules/jest-circus/build/legacy-code-todo-rewrite/jestAdapterInit.js:170:21)
          at jestAdapter (/home/cmlsrandolph/Documents/coding-projects/workout-app/frontend/node_modules/jest-circus/build/legacy-code-todo-rewrite/jestAdapter.js:82:19)
          at runTestInternal (/home/cmlsrandolph/Documents/coding-projects/workout-app/frontend/node_modules/jest-runner/build/runTest.js:389:16)
          at runTest (/home/cmlsrandolph/Documents/coding-projects/workout-app/frontend/node_modules/jest-runner/build/runTest.js:475:34)
          at Object.worker (/home/cmlsrandolph/Documents/coding-projects/workout-app/frontend/node_modules/jest-runner/build/testWorker.js:133:12) ReferenceError: SimpleGrid is not defined
          at UserProfileForm (/home/cmlsrandolph/Documents/coding-projects/workout-app/frontend/src/components/user/UserProfileForm.tsx:481:20)
          at renderWithHooks (/home/cmlsrandolph/Documents/coding-projects/workout-app/frontend/node_modules/react-dom/cjs/react-dom.development.js:15486:18)
          at mountIndeterminateComponent (/home/cmlsrandolph/Documents/coding-projects/workout-app/frontend/node_modules/react-dom/cjs/react-dom.development.js:20103:13)
          at beginWork (/home/cmlsrandolph/Documents/coding-projects/workout-app/frontend/node_modules/react-dom/cjs/react-dom.development.js:21626:16)
          at HTMLUnknownElement.callCallback (/home/cmlsrandolph/Documents/coding-projects/workout-app/frontend/node_modules/react-dom/cjs/react-dom.development.js:4164:14)
          at HTMLUnknownElement.callTheUserObjectsOperation (/home/cmlsrandolph/Documents/coding-projects/workout-app/frontend/node_modules/jsdom/lib/jsdom/living/generated/EventListener.js:26:30)
          at innerInvokeEventListeners (/home/cmlsrandolph/Documents/coding-projects/workout-app/frontend/node_modules/jsdom/lib/jsdom/living/events/EventTarget-impl.js:338:25)
          at invokeEventListeners (/home/cmlsrandolph/Documents/coding-projects/workout-app/frontend/node_modules/jsdom/lib/jsdom/living/events/EventTarget-impl.js:274:3)
          at HTMLUnknownElementImpl._dispatch (/home/cmlsrandolph/Documents/coding-projects/workout-app/frontend/node_modules/jsdom/lib/jsdom/living/events/EventTarget-impl.js:221:9)
          at HTMLUnknownElementImpl.dispatchEvent (/home/cmlsrandolph/Documents/coding-projects/workout-app/frontend/node_modules/jsdom/lib/jsdom/living/events/EventTarget-impl.js:94:17)
          at HTMLUnknownElement.dispatchEvent (/home/cmlsrandolph/Documents/coding-projects/workout-app/frontend/node_modules/jsdom/lib/jsdom/living/generated/EventTarget.js:231:34)
          at Object.invokeGuardedCallbackDev (/home/cmlsrandolph/Documents/coding-projects/workout-app/frontend/node_modules/react-dom/cjs/react-dom.development.js:4213:16)
          at invokeGuardedCallback (/home/cmlsrandolph/Documents/coding-projects/workout-app/frontend/node_modules/react-dom/cjs/react-dom.development.js:4277:31)
          at beginWork$1 (/home/cmlsrandolph/Documents/coding-projects/workout-app/frontend/node_modules/react-dom/cjs/react-dom.development.js:27490:7)
          at performUnitOfWork (/home/cmlsrandolph/Documents/coding-projects/workout-app/frontend/node_modules/react-dom/cjs/react-dom.development.js:26599:12)
          at workLoopSync (/home/cmlsrandolph/Documents/coding-projects/workout-app/frontend/node_modules/react-dom/cjs/react-dom.development.js:26505:5)
          at renderRootSync (/home/cmlsrandolph/Documents/coding-projects/workout-app/frontend/node_modules/react-dom/cjs/react-dom.development.js:26473:7)
          at recoverFromConcurrentError (/home/cmlsrandolph/Documents/coding-projects/workout-app/frontend/node_modules/react-dom/cjs/react-dom.development.js:25889:20)
          at performConcurrentWorkOnRoot (/home/cmlsrandolph/Documents/coding-projects/workout-app/frontend/node_modules/react-dom/cjs/react-dom.development.js:25789:22)
          at flushActQueue (/home/cmlsrandolph/Documents/coding-projects/workout-app/frontend/node_modules/react/cjs/react.development.js:2667:24)
          at act (/home/cmlsrandolph/Documents/coding-projects/workout-app/frontend/node_modules/react/cjs/react.development.js:2582:11)
          at /home/cmlsrandolph/Documents/coding-projects/workout-app/frontend/node_modules/@testing-library/react/dist/act-compat.js:47:25
          at renderRoot (/home/cmlsrandolph/Documents/coding-projects/workout-app/frontend/node_modules/@testing-library/react/dist/pure.js:180:26)
          at render (/home/cmlsrandolph/Documents/coding-projects/workout-app/frontend/node_modules/@testing-library/react/dist/pure.js:271:10)
          at renderComponent (/home/cmlsrandolph/Documents/coding-projects/workout-app/frontend/src/tests/components/UserProfileForm.test.tsx:56:18)
          at Object.<anonymous> (/home/cmlsrandolph/Documents/coding-projects/workout-app/frontend/src/tests/components/UserProfileForm.test.tsx:156:5)
          at Promise.then.completed (/home/cmlsrandolph/Documents/coding-projects/workout-app/frontend/node_modules/jest-circus/build/utils.js:391:28)
          at new Promise (<anonymous>)
          at callAsyncCircusFn (/home/cmlsrandolph/Documents/coding-projects/workout-app/frontend/node_modules/jest-circus/build/utils.js:316:10)
          at _callCircusTest (/home/cmlsrandolph/Documents/coding-projects/workout-app/frontend/node_modules/jest-circus/build/run.js:218:40)
          at processTicksAndRejections (node:internal/process/task_queues:95:5)
          at _runTest (/home/cmlsrandolph/Documents/coding-projects/workout-app/frontend/node_modules/jest-circus/build/run.js:155:3)
          at _runTestsForDescribeBlock (/home/cmlsrandolph/Documents/coding-projects/workout-app/frontend/node_modules/jest-circus/build/run.js:66:9)
          at _runTestsForDescribeBlock (/home/cmlsrandolph/Documents/coding-projects/workout-app/frontend/node_modules/jest-circus/build/run.js:60:9)
          at run (/home/cmlsrandolph/Documents/coding-projects/workout-app/frontend/node_modules/jest-circus/build/run.js:25:3)
          at runAndTransformResultsToJestFormat (/home/cmlsrandolph/Documents/coding-projects/workout-app/frontend/node_modules/jest-circus/build/legacy-code-todo-rewrite/jestAdapterInit.js:170:21)
          at jestAdapter (/home/cmlsrandolph/Documents/coding-projects/workout-app/frontend/node_modules/jest-circus/build/legacy-code-todo-rewrite/jestAdapter.js:82:19)
          at runTestInternal (/home/cmlsrandolph/Documents/coding-projects/workout-app/frontend/node_modules/jest-runner/build/runTest.js:389:16)
          at runTest (/home/cmlsrandolph/Documents/coding-projects/workout-app/frontend/node_modules/jest-runner/build/runTest.js:475:34)
          at Object.worker (/home/cmlsrandolph/Documents/coding-projects/workout-app/frontend/node_modules/jest-runner/build/testWorker.js:133:12)

      54 |
      55 |   const renderComponent = (props = {}) => {
    > 56 |     return render(
         |                  ^
      57 |       <Provider store={store}>
      58 |         <ChakraProvider>
      59 |           <UserProfileForm {...props} />

      at VirtualConsole.<anonymous> (node_modules/jsdom/lib/jsdom/virtual-console.js:29:45)
      at reportException (node_modules/jsdom/lib/jsdom/living/helpers/runtime-script-errors.js:70:28)
      at innerInvokeEventListeners (node_modules/jsdom/lib/jsdom/living/events/EventTarget-impl.js:341:9)
      at invokeEventListeners (node_modules/jsdom/lib/jsdom/living/events/EventTarget-impl.js:274:3)
      at HTMLUnknownElementImpl._dispatch (node_modules/jsdom/lib/jsdom/living/events/EventTarget-impl.js:221:9)
      at HTMLUnknownElementImpl.dispatchEvent (node_modules/jsdom/lib/jsdom/living/events/EventTarget-impl.js:94:17)
      at HTMLUnknownElement.dispatchEvent (node_modules/jsdom/lib/jsdom/living/generated/EventTarget.js:231:34)
      at Object.invokeGuardedCallbackDev (node_modules/react-dom/cjs/react-dom.development.js:4213:16)
      at invokeGuardedCallback (node_modules/react-dom/cjs/react-dom.development.js:4277:31)
      at beginWork$1 (node_modules/react-dom/cjs/react-dom.development.js:27490:7)
      at performUnitOfWork (node_modules/react-dom/cjs/react-dom.development.js:26599:12)
      at workLoopSync (node_modules/react-dom/cjs/react-dom.development.js:26505:5)
      at renderRootSync (node_modules/react-dom/cjs/react-dom.development.js:26473:7)
      at recoverFromConcurrentError (node_modules/react-dom/cjs/react-dom.development.js:25889:20)
      at performConcurrentWorkOnRoot (node_modules/react-dom/cjs/react-dom.development.js:25789:22)
      at flushActQueue (node_modules/react/cjs/react.development.js:2667:24)
      at act (node_modules/react/cjs/react.development.js:2582:11)
      at node_modules/@testing-library/react/dist/act-compat.js:47:25
      at renderRoot (node_modules/@testing-library/react/dist/pure.js:180:26)
      at render (node_modules/@testing-library/react/dist/pure.js:271:10)
      at renderComponent (src/tests/components/UserProfileForm.test.tsx:56:18)
      at Object.<anonymous> (src/tests/components/UserProfileForm.test.tsx:156:5)

    console.error
      The above error occurred in the <UserProfileForm> component:
      
          at UserProfileForm (/home/cmlsrandolph/Documents/coding-projects/workout-app/frontend/src/components/user/UserProfileForm.tsx:51:3)
          at ChakraProvider (/home/cmlsrandolph/Documents/coding-projects/workout-app/frontend/src/tests/__mocks__/@chakra-ui/react.js:116:27)
          at Provider (/home/cmlsrandolph/Documents/coding-projects/workout-app/frontend/node_modules/react-redux/lib/components/Provider.js:19:3)
      
      Consider adding an error boundary to your tree to customize error handling behavior.
      Visit https://reactjs.org/link/error-boundaries to learn more about error boundaries.

      54 |
      55 |   const renderComponent = (props = {}) => {
    > 56 |     return render(
         |                  ^
      57 |       <Provider store={store}>
      58 |         <ChakraProvider>
      59 |           <UserProfileForm {...props} />

      at logCapturedError (node_modules/react-dom/cjs/react-dom.development.js:18704:23)
      at update.callback (node_modules/react-dom/cjs/react-dom.development.js:18737:5)
      at callCallback (node_modules/react-dom/cjs/react-dom.development.js:15036:12)
      at commitUpdateQueue (node_modules/react-dom/cjs/react-dom.development.js:15057:9)
      at commitLayoutEffectOnFiber (node_modules/react-dom/cjs/react-dom.development.js:23430:13)
      at commitLayoutMountEffects_complete (node_modules/react-dom/cjs/react-dom.development.js:24727:9)
      at commitLayoutEffects_begin (node_modules/react-dom/cjs/react-dom.development.js:24713:7)
      at commitLayoutEffects (node_modules/react-dom/cjs/react-dom.development.js:24651:3)
      at commitRootImpl (node_modules/react-dom/cjs/react-dom.development.js:26862:5)
      at commitRoot (node_modules/react-dom/cjs/react-dom.development.js:26721:5)
      at finishConcurrentRender (node_modules/react-dom/cjs/react-dom.development.js:25931:9)
      at performConcurrentWorkOnRoot (node_modules/react-dom/cjs/react-dom.development.js:25848:7)
      at flushActQueue (node_modules/react/cjs/react.development.js:2667:24)
      at act (node_modules/react/cjs/react.development.js:2582:11)
      at node_modules/@testing-library/react/dist/act-compat.js:47:25
      at renderRoot (node_modules/@testing-library/react/dist/pure.js:180:26)
      at render (node_modules/@testing-library/react/dist/pure.js:271:10)
      at renderComponent (src/tests/components/UserProfileForm.test.tsx:56:18)
      at Object.<anonymous> (src/tests/components/UserProfileForm.test.tsx:156:5)

  ● UserProfileForm Component › renders the profile form with correct tabs

    ReferenceError: SimpleGrid is not defined

      479 |                   <Heading size="sm" mb={3}>Measurements (optional)</Heading>
      480 |                   
    > 481 |                   <SimpleGrid columns={{ base: 1, md: 2 }} spacing={4}>
          |                    ^
      482 |                     <FormControl isInvalid={!!errors['measurements.chest']}>
      483 |                       <FormLabel htmlFor="chest">Chest (cm)</FormLabel>
      484 |                       <NumberInput

      at UserProfileForm (src/components/user/UserProfileForm.tsx:481:20)
      at renderWithHooks (node_modules/react-dom/cjs/react-dom.development.js:15486:18)
      at mountIndeterminateComponent (node_modules/react-dom/cjs/react-dom.development.js:20103:13)
      at beginWork (node_modules/react-dom/cjs/react-dom.development.js:21626:16)
      at beginWork$1 (node_modules/react-dom/cjs/react-dom.development.js:27465:14)
      at performUnitOfWork (node_modules/react-dom/cjs/react-dom.development.js:26599:12)
      at workLoopSync (node_modules/react-dom/cjs/react-dom.development.js:26505:5)
      at renderRootSync (node_modules/react-dom/cjs/react-dom.development.js:26473:7)
      at recoverFromConcurrentError (node_modules/react-dom/cjs/react-dom.development.js:25889:20)
      at performConcurrentWorkOnRoot (node_modules/react-dom/cjs/react-dom.development.js:25789:22)
      at flushActQueue (node_modules/react/cjs/react.development.js:2667:24)
      at act (node_modules/react/cjs/react.development.js:2582:11)
      at node_modules/@testing-library/react/dist/act-compat.js:47:25
      at renderRoot (node_modules/@testing-library/react/dist/pure.js:180:26)
      at render (node_modules/@testing-library/react/dist/pure.js:271:10)
      at renderComponent (src/tests/components/UserProfileForm.test.tsx:56:18)
      at Object.<anonymous> (src/tests/components/UserProfileForm.test.tsx:66:5)

  ● UserProfileForm Component › pre-populates form with user data

    ReferenceError: SimpleGrid is not defined

      479 |                   <Heading size="sm" mb={3}>Measurements (optional)</Heading>
      480 |                   
    > 481 |                   <SimpleGrid columns={{ base: 1, md: 2 }} spacing={4}>
          |                    ^
      482 |                     <FormControl isInvalid={!!errors['measurements.chest']}>
      483 |                       <FormLabel htmlFor="chest">Chest (cm)</FormLabel>
      484 |                       <NumberInput

      at UserProfileForm (src/components/user/UserProfileForm.tsx:481:20)
      at renderWithHooks (node_modules/react-dom/cjs/react-dom.development.js:15486:18)
      at mountIndeterminateComponent (node_modules/react-dom/cjs/react-dom.development.js:20103:13)
      at beginWork (node_modules/react-dom/cjs/react-dom.development.js:21626:16)
      at beginWork$1 (node_modules/react-dom/cjs/react-dom.development.js:27465:14)
      at performUnitOfWork (node_modules/react-dom/cjs/react-dom.development.js:26599:12)
      at workLoopSync (node_modules/react-dom/cjs/react-dom.development.js:26505:5)
      at renderRootSync (node_modules/react-dom/cjs/react-dom.development.js:26473:7)
      at recoverFromConcurrentError (node_modules/react-dom/cjs/react-dom.development.js:25889:20)
      at performConcurrentWorkOnRoot (node_modules/react-dom/cjs/react-dom.development.js:25789:22)
      at flushActQueue (node_modules/react/cjs/react.development.js:2667:24)
      at act (node_modules/react/cjs/react.development.js:2582:11)
      at node_modules/@testing-library/react/dist/act-compat.js:47:25
      at renderRoot (node_modules/@testing-library/react/dist/pure.js:180:26)
      at render (node_modules/@testing-library/react/dist/pure.js:271:10)
      at renderComponent (src/tests/components/UserProfileForm.test.tsx:56:18)
      at Object.<anonymous> (src/tests/components/UserProfileForm.test.tsx:77:5)

  ● UserProfileForm Component › allows updating profile information

    ReferenceError: SimpleGrid is not defined

      479 |                   <Heading size="sm" mb={3}>Measurements (optional)</Heading>
      480 |                   
    > 481 |                   <SimpleGrid columns={{ base: 1, md: 2 }} spacing={4}>
          |                    ^
      482 |                     <FormControl isInvalid={!!errors['measurements.chest']}>
      483 |                       <FormLabel htmlFor="chest">Chest (cm)</FormLabel>
      484 |                       <NumberInput

      at UserProfileForm (src/components/user/UserProfileForm.tsx:481:20)
      at renderWithHooks (node_modules/react-dom/cjs/react-dom.development.js:15486:18)
      at mountIndeterminateComponent (node_modules/react-dom/cjs/react-dom.development.js:20103:13)
      at beginWork (node_modules/react-dom/cjs/react-dom.development.js:21626:16)
      at beginWork$1 (node_modules/react-dom/cjs/react-dom.development.js:27465:14)
      at performUnitOfWork (node_modules/react-dom/cjs/react-dom.development.js:26599:12)
      at workLoopSync (node_modules/react-dom/cjs/react-dom.development.js:26505:5)
      at renderRootSync (node_modules/react-dom/cjs/react-dom.development.js:26473:7)
      at recoverFromConcurrentError (node_modules/react-dom/cjs/react-dom.development.js:25889:20)
      at performConcurrentWorkOnRoot (node_modules/react-dom/cjs/react-dom.development.js:25789:22)
      at flushActQueue (node_modules/react/cjs/react.development.js:2667:24)
      at act (node_modules/react/cjs/react.development.js:2582:11)
      at node_modules/@testing-library/react/dist/act-compat.js:47:25
      at renderRoot (node_modules/@testing-library/react/dist/pure.js:180:26)
      at render (node_modules/@testing-library/react/dist/pure.js:271:10)
      at renderComponent (src/tests/components/UserProfileForm.test.tsx:56:18)
      at Object.<anonymous> (src/tests/components/UserProfileForm.test.tsx:93:5)

  ● UserProfileForm Component › validates form inputs before submission

    ReferenceError: SimpleGrid is not defined

      479 |                   <Heading size="sm" mb={3}>Measurements (optional)</Heading>
      480 |                   
    > 481 |                   <SimpleGrid columns={{ base: 1, md: 2 }} spacing={4}>
          |                    ^
      482 |                     <FormControl isInvalid={!!errors['measurements.chest']}>
      483 |                       <FormLabel htmlFor="chest">Chest (cm)</FormLabel>
      484 |                       <NumberInput

      at UserProfileForm (src/components/user/UserProfileForm.tsx:481:20)
      at renderWithHooks (node_modules/react-dom/cjs/react-dom.development.js:15486:18)
      at mountIndeterminateComponent (node_modules/react-dom/cjs/react-dom.development.js:20103:13)
      at beginWork (node_modules/react-dom/cjs/react-dom.development.js:21626:16)
      at beginWork$1 (node_modules/react-dom/cjs/react-dom.development.js:27465:14)
      at performUnitOfWork (node_modules/react-dom/cjs/react-dom.development.js:26599:12)
      at workLoopSync (node_modules/react-dom/cjs/react-dom.development.js:26505:5)
      at renderRootSync (node_modules/react-dom/cjs/react-dom.development.js:26473:7)
      at recoverFromConcurrentError (node_modules/react-dom/cjs/react-dom.development.js:25889:20)
      at performConcurrentWorkOnRoot (node_modules/react-dom/cjs/react-dom.development.js:25789:22)
      at flushActQueue (node_modules/react/cjs/react.development.js:2667:24)
      at act (node_modules/react/cjs/react.development.js:2582:11)
      at node_modules/@testing-library/react/dist/act-compat.js:47:25
      at renderRoot (node_modules/@testing-library/react/dist/pure.js:180:26)
      at render (node_modules/@testing-library/react/dist/pure.js:271:10)
      at renderComponent (src/tests/components/UserProfileForm.test.tsx:56:18)
      at Object.<anonymous> (src/tests/components/UserProfileForm.test.tsx:112:5)

  ● UserProfileForm Component › allows adding and removing fitness goals

    ReferenceError: SimpleGrid is not defined

      479 |                   <Heading size="sm" mb={3}>Measurements (optional)</Heading>
      480 |                   
    > 481 |                   <SimpleGrid columns={{ base: 1, md: 2 }} spacing={4}>
          |                    ^
      482 |                     <FormControl isInvalid={!!errors['measurements.chest']}>
      483 |                       <FormLabel htmlFor="chest">Chest (cm)</FormLabel>
      484 |                       <NumberInput

      at UserProfileForm (src/components/user/UserProfileForm.tsx:481:20)
      at renderWithHooks (node_modules/react-dom/cjs/react-dom.development.js:15486:18)
      at mountIndeterminateComponent (node_modules/react-dom/cjs/react-dom.development.js:20103:13)
      at beginWork (node_modules/react-dom/cjs/react-dom.development.js:21626:16)
      at beginWork$1 (node_modules/react-dom/cjs/react-dom.development.js:27465:14)
      at performUnitOfWork (node_modules/react-dom/cjs/react-dom.development.js:26599:12)
      at workLoopSync (node_modules/react-dom/cjs/react-dom.development.js:26505:5)
      at renderRootSync (node_modules/react-dom/cjs/react-dom.development.js:26473:7)
      at recoverFromConcurrentError (node_modules/react-dom/cjs/react-dom.development.js:25889:20)
      at performConcurrentWorkOnRoot (node_modules/react-dom/cjs/react-dom.development.js:25789:22)
      at flushActQueue (node_modules/react/cjs/react.development.js:2667:24)
      at act (node_modules/react/cjs/react.development.js:2582:11)
      at node_modules/@testing-library/react/dist/act-compat.js:47:25
      at renderRoot (node_modules/@testing-library/react/dist/pure.js:180:26)
      at render (node_modules/@testing-library/react/dist/pure.js:271:10)
      at renderComponent (src/tests/components/UserProfileForm.test.tsx:56:18)
      at Object.<anonymous> (src/tests/components/UserProfileForm.test.tsx:131:5)

  ● UserProfileForm Component › calls onSaveSuccess callback when form is successfully submitted

    ReferenceError: SimpleGrid is not defined

      479 |                   <Heading size="sm" mb={3}>Measurements (optional)</Heading>
      480 |                   
    > 481 |                   <SimpleGrid columns={{ base: 1, md: 2 }} spacing={4}>
          |                    ^
      482 |                     <FormControl isInvalid={!!errors['measurements.chest']}>
      483 |                       <FormLabel htmlFor="chest">Chest (cm)</FormLabel>
      484 |                       <NumberInput

      at UserProfileForm (src/components/user/UserProfileForm.tsx:481:20)
      at renderWithHooks (node_modules/react-dom/cjs/react-dom.development.js:15486:18)
      at mountIndeterminateComponent (node_modules/react-dom/cjs/react-dom.development.js:20103:13)
      at beginWork (node_modules/react-dom/cjs/react-dom.development.js:21626:16)
      at beginWork$1 (node_modules/react-dom/cjs/react-dom.development.js:27465:14)
      at performUnitOfWork (node_modules/react-dom/cjs/react-dom.development.js:26599:12)
      at workLoopSync (node_modules/react-dom/cjs/react-dom.development.js:26505:5)
      at renderRootSync (node_modules/react-dom/cjs/react-dom.development.js:26473:7)
      at recoverFromConcurrentError (node_modules/react-dom/cjs/react-dom.development.js:25889:20)
      at performConcurrentWorkOnRoot (node_modules/react-dom/cjs/react-dom.development.js:25789:22)
      at flushActQueue (node_modules/react/cjs/react.development.js:2667:24)
      at act (node_modules/react/cjs/react.development.js:2582:11)
      at node_modules/@testing-library/react/dist/act-compat.js:47:25
      at renderRoot (node_modules/@testing-library/react/dist/pure.js:180:26)
      at render (node_modules/@testing-library/react/dist/pure.js:271:10)
      at renderComponent (src/tests/components/UserProfileForm.test.tsx:56:18)
      at Object.<anonymous> (src/tests/components/UserProfileForm.test.tsx:156:5)

FAIL src/tests/components/LoginPage.test.js
  ● LoginPage Component › renders login form correctly

    TestingLibraryElementError: Unable to find an element with the text: /Log in to your account/i. This could be because the text is broken up by multiple elements. In this case, you can provide a function for your text matcher to make your matcher more flexible.

    Ignored nodes: comments, script, style
    [36m<body>[39m
      [36m<div />[39m
    [36m</body>[39m

      115 |     
      116 |     // Check for heading
    > 117 |     expect(screen.getByText(/Log in to your account/i)).toBeInTheDocument();
          |                   ^
      118 |     
      119 |     // Check for form elements
      120 |     expect(screen.getByLabelText(/Email/i)).toBeInTheDocument();

      at Object.getElementError (node_modules/@testing-library/dom/dist/config.js:37:19)
      at node_modules/@testing-library/dom/dist/query-helpers.js:76:38
      at node_modules/@testing-library/dom/dist/query-helpers.js:52:17
      at getByText (node_modules/@testing-library/dom/dist/query-helpers.js:95:19)
      at Object.<anonymous> (src/tests/components/LoginPage.test.js:117:19)

  ● LoginPage Component › allows email input

    TestingLibraryElementError: Unable to find a label with the text of: /Email/i

    Ignored nodes: comments, script, style
    [36m<body>[39m
      [36m<div />[39m
    [36m</body>[39m

      131 |     renderWithProviders(<LoginPage />);
      132 |     
    > 133 |     const emailInput = screen.getByLabelText(/Email/i);
          |                               ^
      134 |     fireEvent.change(emailInput, { target: { value: 'test@example.com' } });
      135 |     
      136 |     expect(emailInput.value).toBe('test@example.com');

      at Object.getElementError (node_modules/@testing-library/dom/dist/config.js:37:19)
      at getAllByLabelText (node_modules/@testing-library/dom/dist/queries/label-text.js:111:38)
      at node_modules/@testing-library/dom/dist/query-helpers.js:52:17
      at getByLabelText (node_modules/@testing-library/dom/dist/query-helpers.js:95:19)
      at Object.<anonymous> (src/tests/components/LoginPage.test.js:133:31)

  ● LoginPage Component › allows password input

    TestingLibraryElementError: Unable to find a label with the text of: /Password/i

    Ignored nodes: comments, script, style
    [36m<body>[39m
      [36m<div />[39m
    [36m</body>[39m

      140 |     renderWithProviders(<LoginPage />);
      141 |     
    > 142 |     const passwordInput = screen.getByLabelText(/Password/i);
          |                                  ^
      143 |     fireEvent.change(passwordInput, { target: { value: 'password123' } });
      144 |     
      145 |     expect(passwordInput.value).toBe('password123');

      at Object.getElementError (node_modules/@testing-library/dom/dist/config.js:37:19)
      at getAllByLabelText (node_modules/@testing-library/dom/dist/queries/label-text.js:111:38)
      at node_modules/@testing-library/dom/dist/query-helpers.js:52:17
      at getByLabelText (node_modules/@testing-library/dom/dist/query-helpers.js:95:19)
      at Object.<anonymous> (src/tests/components/LoginPage.test.js:142:34)

PASS src/tests/store/authSlice.test.js
FAIL src/tests/components/WorkoutPageTabs.test.jsx
  ● WorkoutPage Tab Isolation Tests › renders the first tab (My Workouts) by default

    Unable to find an element by: [data-testid="workout-list"]

    Ignored nodes: comments, script, style
    [36m<body>[39m
      [36m<div />[39m
    [36m</body>[39m

      131 |     renderWithConfiguredStore(<WorkoutPage />);
      132 |     
    > 133 |     await waitFor(() => {
          |                  ^
      134 |       expect(screen.getByTestId('workout-list')).toBeInTheDocument();
      135 |     });
      136 |   });

      at waitForWrapper (node_modules/@testing-library/dom/dist/wait-for.js:163:27)
      at Object.<anonymous> (src/tests/components/WorkoutPageTabs.test.jsx:133:18)

  ● WorkoutPage Tab Isolation Tests › switches to the Log Workout tab when clicked

    TestingLibraryElementError: Unable to find an element with the text: Log Workout. This could be because the text is broken up by multiple elements. In this case, you can provide a function for your text matcher to make your matcher more flexible.

    Ignored nodes: comments, script, style
    [36m<body>[39m
      [36m<div />[39m
    [36m</body>[39m

      140 |     
      141 |     // Find the Log Workout tab and click it
    > 142 |     const logWorkoutTab = screen.getByText('Log Workout');
          |                                  ^
      143 |     fireEvent.click(logWorkoutTab);
      144 |     
      145 |     // Verify the workout logger is displayed

      at Object.getElementError (node_modules/@testing-library/dom/dist/config.js:37:19)
      at node_modules/@testing-library/dom/dist/query-helpers.js:76:38
      at node_modules/@testing-library/dom/dist/query-helpers.js:52:17
      at getByText (node_modules/@testing-library/dom/dist/query-helpers.js:95:19)
      at Object.<anonymous> (src/tests/components/WorkoutPageTabs.test.jsx:142:34)

  ● WorkoutPage Tab Isolation Tests › switches to the Schedule tab when clicked

    TestingLibraryElementError: Unable to find an element with the text: Schedule. This could be because the text is broken up by multiple elements. In this case, you can provide a function for your text matcher to make your matcher more flexible.

    Ignored nodes: comments, script, style
    [36m<body>[39m
      [36m<div />[39m
    [36m</body>[39m

      153 |     
      154 |     // Find the Schedule tab and click it
    > 155 |     const scheduleTab = screen.getByText('Schedule');
          |                                ^
      156 |     fireEvent.click(scheduleTab);
      157 |     
      158 |     // Verify the workout calendar is displayed

      at Object.getElementError (node_modules/@testing-library/dom/dist/config.js:37:19)
      at node_modules/@testing-library/dom/dist/query-helpers.js:76:38
      at node_modules/@testing-library/dom/dist/query-helpers.js:52:17
      at getByText (node_modules/@testing-library/dom/dist/query-helpers.js:95:19)
      at Object.<anonymous> (src/tests/components/WorkoutPageTabs.test.jsx:155:32)

  ● WorkoutPage Tab Isolation Tests › switches to the History tab when clicked

    TestingLibraryElementError: Unable to find an element with the text: History. This could be because the text is broken up by multiple elements. In this case, you can provide a function for your text matcher to make your matcher more flexible.

    Ignored nodes: comments, script, style
    [36m<body>[39m
      [36m<div />[39m
    [36m</body>[39m

      166 |     
      167 |     // Find the History tab and click it
    > 168 |     const historyTab = screen.getByText('History');
          |                               ^
      169 |     fireEvent.click(historyTab);
      170 |     
      171 |     // Verify workout history content is displayed

      at Object.getElementError (node_modules/@testing-library/dom/dist/config.js:37:19)
      at node_modules/@testing-library/dom/dist/query-helpers.js:76:38
      at node_modules/@testing-library/dom/dist/query-helpers.js:52:17
      at getByText (node_modules/@testing-library/dom/dist/query-helpers.js:95:19)
      at Object.<anonymous> (src/tests/components/WorkoutPageTabs.test.jsx:168:31)

  ● WorkoutPage Tab Isolation Tests › shows "No workout history" message when no sessions exist

    TestingLibraryElementError: Unable to find an element with the text: History. This could be because the text is broken up by multiple elements. In this case, you can provide a function for your text matcher to make your matcher more flexible.

    Ignored nodes: comments, script, style
    [36m<body>[39m
      [36m<div />[39m
    [36m</body>[39m

      219 |     
      220 |     // Switch to the History tab
    > 221 |     const historyTab = screen.getByText('History');
          |                               ^
      222 |     fireEvent.click(historyTab);
      223 |     
      224 |     // Verify the "no history" message is shown

      at Object.getElementError (node_modules/@testing-library/dom/dist/config.js:37:19)
      at node_modules/@testing-library/dom/dist/query-helpers.js:76:38
      at node_modules/@testing-library/dom/dist/query-helpers.js:52:17
      at getByText (node_modules/@testing-library/dom/dist/query-helpers.js:95:19)
      at Object.<anonymous> (src/tests/components/WorkoutPageTabs.test.jsx:221:31)

PASS src/tests/SimpleTest.test.js
PASS src/tests/components/ProtectedRouteSimple.test.jsx
FAIL src/tests/components/ProtectedRoute.test.tsx
  ● Console

    console.error
      Error: Uncaught [Error: Actions must be plain objects. Use custom middleware for async actions.]
          at reportException (/home/cmlsrandolph/Documents/coding-projects/workout-app/frontend/node_modules/jsdom/lib/jsdom/living/helpers/runtime-script-errors.js:66:24)
          at innerInvokeEventListeners (/home/cmlsrandolph/Documents/coding-projects/workout-app/frontend/node_modules/jsdom/lib/jsdom/living/events/EventTarget-impl.js:341:9)
          at invokeEventListeners (/home/cmlsrandolph/Documents/coding-projects/workout-app/frontend/node_modules/jsdom/lib/jsdom/living/events/EventTarget-impl.js:274:3)
          at HTMLUnknownElementImpl._dispatch (/home/cmlsrandolph/Documents/coding-projects/workout-app/frontend/node_modules/jsdom/lib/jsdom/living/events/EventTarget-impl.js:221:9)
          at HTMLUnknownElementImpl.dispatchEvent (/home/cmlsrandolph/Documents/coding-projects/workout-app/frontend/node_modules/jsdom/lib/jsdom/living/events/EventTarget-impl.js:94:17)
          at HTMLUnknownElement.dispatchEvent (/home/cmlsrandolph/Documents/coding-projects/workout-app/frontend/node_modules/jsdom/lib/jsdom/living/generated/EventTarget.js:231:34)
          at Object.invokeGuardedCallbackDev (/home/cmlsrandolph/Documents/coding-projects/workout-app/frontend/node_modules/react-dom/cjs/react-dom.development.js:4213:16)
          at invokeGuardedCallback (/home/cmlsrandolph/Documents/coding-projects/workout-app/frontend/node_modules/react-dom/cjs/react-dom.development.js:4277:31)
          at reportUncaughtErrorInDEV (/home/cmlsrandolph/Documents/coding-projects/workout-app/frontend/node_modules/react-dom/cjs/react-dom.development.js:22877:5)
          at captureCommitPhaseError (/home/cmlsrandolph/Documents/coding-projects/workout-app/frontend/node_modules/react-dom/cjs/react-dom.development.js:27165:5)
          at commitPassiveMountEffects_complete (/home/cmlsrandolph/Documents/coding-projects/workout-app/frontend/node_modules/react-dom/cjs/react-dom.development.js:24932:9)
          at commitPassiveMountEffects_begin (/home/cmlsrandolph/Documents/coding-projects/workout-app/frontend/node_modules/react-dom/cjs/react-dom.development.js:24917:7)
          at commitPassiveMountEffects (/home/cmlsrandolph/Documents/coding-projects/workout-app/frontend/node_modules/react-dom/cjs/react-dom.development.js:24905:3)
          at flushPassiveEffectsImpl (/home/cmlsrandolph/Documents/coding-projects/workout-app/frontend/node_modules/react-dom/cjs/react-dom.development.js:27078:3)
          at flushPassiveEffects (/home/cmlsrandolph/Documents/coding-projects/workout-app/frontend/node_modules/react-dom/cjs/react-dom.development.js:27023:14)
          at /home/cmlsrandolph/Documents/coding-projects/workout-app/frontend/node_modules/react-dom/cjs/react-dom.development.js:26808:9
          at flushActQueue (/home/cmlsrandolph/Documents/coding-projects/workout-app/frontend/node_modules/react/cjs/react.development.js:2667:24)
          at act (/home/cmlsrandolph/Documents/coding-projects/workout-app/frontend/node_modules/react/cjs/react.development.js:2582:11)
          at /home/cmlsrandolph/Documents/coding-projects/workout-app/frontend/node_modules/@testing-library/react/dist/act-compat.js:47:25
          at renderRoot (/home/cmlsrandolph/Documents/coding-projects/workout-app/frontend/node_modules/@testing-library/react/dist/pure.js:180:26)
          at render (/home/cmlsrandolph/Documents/coding-projects/workout-app/frontend/node_modules/@testing-library/react/dist/pure.js:271:10)
          at renderProtectedRoute (/home/cmlsrandolph/Documents/coding-projects/workout-app/frontend/src/tests/components/ProtectedRoute.test.tsx:54:16)
          at Object.<anonymous> (/home/cmlsrandolph/Documents/coding-projects/workout-app/frontend/src/tests/components/ProtectedRoute.test.tsx:101:5)
          at Promise.then.completed (/home/cmlsrandolph/Documents/coding-projects/workout-app/frontend/node_modules/jest-circus/build/utils.js:391:28)
          at new Promise (<anonymous>)
          at callAsyncCircusFn (/home/cmlsrandolph/Documents/coding-projects/workout-app/frontend/node_modules/jest-circus/build/utils.js:316:10)
          at _callCircusTest (/home/cmlsrandolph/Documents/coding-projects/workout-app/frontend/node_modules/jest-circus/build/run.js:218:40)
          at _runTest (/home/cmlsrandolph/Documents/coding-projects/workout-app/frontend/node_modules/jest-circus/build/run.js:155:3)
          at _runTestsForDescribeBlock (/home/cmlsrandolph/Documents/coding-projects/workout-app/frontend/node_modules/jest-circus/build/run.js:66:9)
          at _runTestsForDescribeBlock (/home/cmlsrandolph/Documents/coding-projects/workout-app/frontend/node_modules/jest-circus/build/run.js:60:9)
          at run (/home/cmlsrandolph/Documents/coding-projects/workout-app/frontend/node_modules/jest-circus/build/run.js:25:3)
          at runAndTransformResultsToJestFormat (/home/cmlsrandolph/Documents/coding-projects/workout-app/frontend/node_modules/jest-circus/build/legacy-code-todo-rewrite/jestAdapterInit.js:170:21)
          at jestAdapter (/home/cmlsrandolph/Documents/coding-projects/workout-app/frontend/node_modules/jest-circus/build/legacy-code-todo-rewrite/jestAdapter.js:82:19)
          at runTestInternal (/home/cmlsrandolph/Documents/coding-projects/workout-app/frontend/node_modules/jest-runner/build/runTest.js:389:16)
          at runTest (/home/cmlsrandolph/Documents/coding-projects/workout-app/frontend/node_modules/jest-runner/build/runTest.js:475:34)
          at Object.worker (/home/cmlsrandolph/Documents/coding-projects/workout-app/frontend/node_modules/jest-runner/build/testWorker.js:133:12) Error: Actions must be plain objects. Use custom middleware for async actions.
          at dispatch (/home/cmlsrandolph/Documents/coding-projects/workout-app/frontend/node_modules/redux-mock-store/lib/index.js:41:19)
          at dispatch (/home/cmlsrandolph/Documents/coding-projects/workout-app/frontend/node_modules/redux-thunk/lib/index.js:27:16)
          at /home/cmlsrandolph/Documents/coding-projects/workout-app/frontend/src/components/auth/ProtectedRoute.tsx:25:7
          at commitHookEffectListMount (/home/cmlsrandolph/Documents/coding-projects/workout-app/frontend/node_modules/react-dom/cjs/react-dom.development.js:23189:26)
          at commitPassiveMountOnFiber (/home/cmlsrandolph/Documents/coding-projects/workout-app/frontend/node_modules/react-dom/cjs/react-dom.development.js:24970:11)
          at commitPassiveMountEffects_complete (/home/cmlsrandolph/Documents/coding-projects/workout-app/frontend/node_modules/react-dom/cjs/react-dom.development.js:24930:9)
          at commitPassiveMountEffects_begin (/home/cmlsrandolph/Documents/coding-projects/workout-app/frontend/node_modules/react-dom/cjs/react-dom.development.js:24917:7)
          at commitPassiveMountEffects (/home/cmlsrandolph/Documents/coding-projects/workout-app/frontend/node_modules/react-dom/cjs/react-dom.development.js:24905:3)
          at flushPassiveEffectsImpl (/home/cmlsrandolph/Documents/coding-projects/workout-app/frontend/node_modules/react-dom/cjs/react-dom.development.js:27078:3)
          at flushPassiveEffects (/home/cmlsrandolph/Documents/coding-projects/workout-app/frontend/node_modules/react-dom/cjs/react-dom.development.js:27023:14)
          at /home/cmlsrandolph/Documents/coding-projects/workout-app/frontend/node_modules/react-dom/cjs/react-dom.development.js:26808:9
          at flushActQueue (/home/cmlsrandolph/Documents/coding-projects/workout-app/frontend/node_modules/react/cjs/react.development.js:2667:24)
          at act (/home/cmlsrandolph/Documents/coding-projects/workout-app/frontend/node_modules/react/cjs/react.development.js:2582:11)
          at /home/cmlsrandolph/Documents/coding-projects/workout-app/frontend/node_modules/@testing-library/react/dist/act-compat.js:47:25
          at renderRoot (/home/cmlsrandolph/Documents/coding-projects/workout-app/frontend/node_modules/@testing-library/react/dist/pure.js:180:26)
          at render (/home/cmlsrandolph/Documents/coding-projects/workout-app/frontend/node_modules/@testing-library/react/dist/pure.js:271:10)
          at renderProtectedRoute (/home/cmlsrandolph/Documents/coding-projects/workout-app/frontend/src/tests/components/ProtectedRoute.test.tsx:54:16)
          at Object.<anonymous> (/home/cmlsrandolph/Documents/coding-projects/workout-app/frontend/src/tests/components/ProtectedRoute.test.tsx:101:5)
          at Promise.then.completed (/home/cmlsrandolph/Documents/coding-projects/workout-app/frontend/node_modules/jest-circus/build/utils.js:391:28)
          at new Promise (<anonymous>)
          at callAsyncCircusFn (/home/cmlsrandolph/Documents/coding-projects/workout-app/frontend/node_modules/jest-circus/build/utils.js:316:10)
          at _callCircusTest (/home/cmlsrandolph/Documents/coding-projects/workout-app/frontend/node_modules/jest-circus/build/run.js:218:40)
          at _runTest (/home/cmlsrandolph/Documents/coding-projects/workout-app/frontend/node_modules/jest-circus/build/run.js:155:3)
          at _runTestsForDescribeBlock (/home/cmlsrandolph/Documents/coding-projects/workout-app/frontend/node_modules/jest-circus/build/run.js:66:9)
          at _runTestsForDescribeBlock (/home/cmlsrandolph/Documents/coding-projects/workout-app/frontend/node_modules/jest-circus/build/run.js:60:9)
          at run (/home/cmlsrandolph/Documents/coding-projects/workout-app/frontend/node_modules/jest-circus/build/run.js:25:3)
          at runAndTransformResultsToJestFormat (/home/cmlsrandolph/Documents/coding-projects/workout-app/frontend/node_modules/jest-circus/build/legacy-code-todo-rewrite/jestAdapterInit.js:170:21)
          at jestAdapter (/home/cmlsrandolph/Documents/coding-projects/workout-app/frontend/node_modules/jest-circus/build/legacy-code-todo-rewrite/jestAdapter.js:82:19)
          at runTestInternal (/home/cmlsrandolph/Documents/coding-projects/workout-app/frontend/node_modules/jest-runner/build/runTest.js:389:16)
          at runTest (/home/cmlsrandolph/Documents/coding-projects/workout-app/frontend/node_modules/jest-runner/build/runTest.js:475:34)
          at Object.worker (/home/cmlsrandolph/Documents/coding-projects/workout-app/frontend/node_modules/jest-runner/build/testWorker.js:133:12)

      52 |   });
      53 |
    > 54 |   return render(
         |                ^
      55 |     <Provider store={store}>
      56 |       <ProtectedRoute>
      57 |         <ProtectedComponent />

      at VirtualConsole.<anonymous> (node_modules/jsdom/lib/jsdom/virtual-console.js:29:45)
      at reportException (node_modules/jsdom/lib/jsdom/living/helpers/runtime-script-errors.js:70:28)
      at innerInvokeEventListeners (node_modules/jsdom/lib/jsdom/living/events/EventTarget-impl.js:341:9)
      at invokeEventListeners (node_modules/jsdom/lib/jsdom/living/events/EventTarget-impl.js:274:3)
      at HTMLUnknownElementImpl._dispatch (node_modules/jsdom/lib/jsdom/living/events/EventTarget-impl.js:221:9)
      at HTMLUnknownElementImpl.dispatchEvent (node_modules/jsdom/lib/jsdom/living/events/EventTarget-impl.js:94:17)
      at HTMLUnknownElement.dispatchEvent (node_modules/jsdom/lib/jsdom/living/generated/EventTarget.js:231:34)
      at Object.invokeGuardedCallbackDev (node_modules/react-dom/cjs/react-dom.development.js:4213:16)
      at invokeGuardedCallback (node_modules/react-dom/cjs/react-dom.development.js:4277:31)
      at reportUncaughtErrorInDEV (node_modules/react-dom/cjs/react-dom.development.js:22877:5)
      at captureCommitPhaseError (node_modules/react-dom/cjs/react-dom.development.js:27165:5)
      at commitPassiveMountEffects_complete (node_modules/react-dom/cjs/react-dom.development.js:24932:9)
      at commitPassiveMountEffects_begin (node_modules/react-dom/cjs/react-dom.development.js:24917:7)
      at commitPassiveMountEffects (node_modules/react-dom/cjs/react-dom.development.js:24905:3)
      at flushPassiveEffectsImpl (node_modules/react-dom/cjs/react-dom.development.js:27078:3)
      at flushPassiveEffects (node_modules/react-dom/cjs/react-dom.development.js:27023:14)
      at node_modules/react-dom/cjs/react-dom.development.js:26808:9
      at flushActQueue (node_modules/react/cjs/react.development.js:2667:24)
      at act (node_modules/react/cjs/react.development.js:2582:11)
      at node_modules/@testing-library/react/dist/act-compat.js:47:25
      at renderRoot (node_modules/@testing-library/react/dist/pure.js:180:26)
      at render (node_modules/@testing-library/react/dist/pure.js:271:10)
      at renderProtectedRoute (src/tests/components/ProtectedRoute.test.tsx:54:16)
      at Object.<anonymous> (src/tests/components/ProtectedRoute.test.tsx:101:5)

    console.error
      The above error occurred in the <ProtectedRoute> component:
      
          at ProtectedRoute (/home/cmlsrandolph/Documents/coding-projects/workout-app/frontend/src/components/auth/ProtectedRoute.tsx:13:3)
          at Provider (/home/cmlsrandolph/Documents/coding-projects/workout-app/frontend/node_modules/react-redux/lib/components/Provider.js:19:3)
      
      Consider adding an error boundary to your tree to customize error handling behavior.
      Visit https://reactjs.org/link/error-boundaries to learn more about error boundaries.

      52 |   });
      53 |
    > 54 |   return render(
         |                ^
      55 |     <Provider store={store}>
      56 |       <ProtectedRoute>
      57 |         <ProtectedComponent />

      at logCapturedError (node_modules/react-dom/cjs/react-dom.development.js:18704:23)
      at update.callback (node_modules/react-dom/cjs/react-dom.development.js:18737:5)
      at callCallback (node_modules/react-dom/cjs/react-dom.development.js:15036:12)
      at commitUpdateQueue (node_modules/react-dom/cjs/react-dom.development.js:15057:9)
      at commitLayoutEffectOnFiber (node_modules/react-dom/cjs/react-dom.development.js:23430:13)
      at commitLayoutMountEffects_complete (node_modules/react-dom/cjs/react-dom.development.js:24727:9)
      at commitLayoutEffects_begin (node_modules/react-dom/cjs/react-dom.development.js:24713:7)
      at commitLayoutEffects (node_modules/react-dom/cjs/react-dom.development.js:24651:3)
      at commitRootImpl (node_modules/react-dom/cjs/react-dom.development.js:26862:5)
      at commitRoot (node_modules/react-dom/cjs/react-dom.development.js:26721:5)
      at performSyncWorkOnRoot (node_modules/react-dom/cjs/react-dom.development.js:26156:3)
      at flushSyncCallbacks (node_modules/react-dom/cjs/react-dom.development.js:12042:22)
      at flushPassiveEffectsImpl (node_modules/react-dom/cjs/react-dom.development.js:27099:3)
      at flushPassiveEffects (node_modules/react-dom/cjs/react-dom.development.js:27023:14)
      at node_modules/react-dom/cjs/react-dom.development.js:26808:9
      at flushActQueue (node_modules/react/cjs/react.development.js:2667:24)
      at act (node_modules/react/cjs/react.development.js:2582:11)
      at node_modules/@testing-library/react/dist/act-compat.js:47:25
      at renderRoot (node_modules/@testing-library/react/dist/pure.js:180:26)
      at render (node_modules/@testing-library/react/dist/pure.js:271:10)
      at renderProtectedRoute (src/tests/components/ProtectedRoute.test.tsx:54:16)
      at Object.<anonymous> (src/tests/components/ProtectedRoute.test.tsx:101:5)

  ● ProtectedRoute Component › redirects to login page when user is not authenticated

    Unable to find an element with the text: /public content/i. This could be because the text is broken up by multiple elements. In this case, you can provide a function for your text matcher to make your matcher more flexible.

    Ignored nodes: comments, script, style
    [36m<body>[39m
      [36m<div />[39m
    [36m</body>[39m

      70 |     
      71 |     // Should redirect to login page which renders PublicComponent in our mock
    > 72 |     await waitFor(() => {
         |                  ^
      73 |       expect(screen.getByText(/public content/i)).toBeInTheDocument();
      74 |     });
      75 |   });

      at waitForWrapper (node_modules/@testing-library/dom/dist/wait-for.js:163:27)
      at Object.<anonymous> (src/tests/components/ProtectedRoute.test.tsx:72:18)

  ● ProtectedRoute Component › fetches user profile if token exists but no user data

    Actions must be plain objects. Use custom middleware for async actions.

      23 |     // If we have a token but no user data, fetch the profile
      24 |     if (token && !user && !isLoading) {
    > 25 |       dispatch(fetchUserProfile());
         |       ^
      26 |     }
      27 |   }, [token, user, isLoading, dispatch]);
      28 |

      at dispatch (node_modules/redux-mock-store/lib/index.js:41:19)
      at dispatch (node_modules/redux-thunk/lib/index.js:27:16)
      at src/components/auth/ProtectedRoute.tsx:25:7
      at commitHookEffectListMount (node_modules/react-dom/cjs/react-dom.development.js:23189:26)
      at commitPassiveMountOnFiber (node_modules/react-dom/cjs/react-dom.development.js:24970:11)
      at commitPassiveMountEffects_complete (node_modules/react-dom/cjs/react-dom.development.js:24930:9)
      at commitPassiveMountEffects_begin (node_modules/react-dom/cjs/react-dom.development.js:24917:7)
      at commitPassiveMountEffects (node_modules/react-dom/cjs/react-dom.development.js:24905:3)
      at flushPassiveEffectsImpl (node_modules/react-dom/cjs/react-dom.development.js:27078:3)
      at flushPassiveEffects (node_modules/react-dom/cjs/react-dom.development.js:27023:14)
      at node_modules/react-dom/cjs/react-dom.development.js:26808:9
      at flushActQueue (node_modules/react/cjs/react.development.js:2667:24)
      at act (node_modules/react/cjs/react.development.js:2582:11)
      at node_modules/@testing-library/react/dist/act-compat.js:47:25
      at renderRoot (node_modules/@testing-library/react/dist/pure.js:180:26)
      at render (node_modules/@testing-library/react/dist/pure.js:271:10)
      at renderProtectedRoute (src/tests/components/ProtectedRoute.test.tsx:54:16)
      at Object.<anonymous> (src/tests/components/ProtectedRoute.test.tsx:101:5)

PASS src/tests/file-imports.test.js
PASS src/tests/api/api-endpoints.test.js
PASS src/tests/store/basicStore.test.js
PASS src/tests/api/basic.test.js
PASS src/tests/components/SimpleComponent.test.js
FAIL src/tests/App.test.js
  ● Test suite failed to run

    RangeError: Maximum call stack size exceeded

       7 |
       8 | // Mock the Chakra icons
    >  9 | jest.mock('@chakra-ui/icons', () => require('./__mocks__/@chakra-ui/icons'));
         |                                     ^
      10 |
      11 | // Mock react-icons
      12 | jest.mock('react-icons/fa', () => ({

      at Runtime.require [as requireModuleOrMock] (node_modules/jest-runtime/build/index.js:1214:32)
      at src/tests/App.test.js:9:37
      at src/tests/App.test.js:9:37
      at src/tests/App.test.js:9:37
      at src/tests/App.test.js:9:37
      at src/tests/App.test.js:9:37
      at src/tests/App.test.js:9:37
      at src/tests/App.test.js:9:37
      at src/tests/App.test.js:9:37
      at src/tests/App.test.js:9:37
      at src/tests/App.test.js:9:37
      at src/tests/App.test.js:9:37
      at src/tests/App.test.js:9:37
      at src/tests/App.test.js:9:37
      at src/tests/App.test.js:9:37
      at src/tests/App.test.js:9:37
      at src/tests/App.test.js:9:37
      at src/tests/App.test.js:9:37

PASS src/tests/components/DietPage.test.tsx
  ● Console

    console.log
      Diet preferences saved: {
        calorieGoal: 2000,
        dietType: 'keto',
        restrictions: [ 'no-artificial-sweeteners', 'limited-dairy' ],
        budgetConstraint: 80,
        mealsPerDay: 4,
        preferredCuisines: [ 'Mediterranean', 'Asian', 'Mexican' ]
      }

      at onSavePreferences (src/components/pages/DietPage.tsx:175:13)


Test Suites: 9 failed, 9 passed, 18 total
Tests:       35 failed, 36 passed, 71 total
Snapshots:   0 total
Time:        6.237 s
Ran all test suites.
Force exiting Jest: Have you considered using `--detectOpenHandles` to detect async operations that kept running after all tests finished?
